[2026-06-22T09:11:25.806Z] HEALTH attempt=1 elapsed=0ms ERR ECONNREFUSED connect ECONNREFUSED 127.0.0.1:52208
[2026-06-22T09:11:25.863Z] HEALTH attempt=2 elapsed=59ms ERR ECONNREFUSED connect ECONNREFUSED 127.0.0.1:52208
[2026-06-22T09:11:25.884Z] STDOUT [DesktopSecrets] ELECTRON_BACKEND mode — bootstrapping secrets
[2026-06-22T09:11:25.884Z] STDOUT [DesktopSecrets] Secrets file path: C:\Users\SwitchTech\AppData\Roaming\SwitchControl\desktop-secrets.json
[2026-06-22T09:11:25.884Z] STDOUT [DesktopSecrets] Loaded persisted secrets from: C:\Users\SwitchTech\AppData\Roaming\SwitchControl\desktop-secrets.json
[2026-06-22T09:11:25.884Z] STDOUT [DesktopSecrets] JWT_SECRET: loaded from persisted file
[2026-06-22T09:11:25.885Z] STDOUT [DesktopSecrets] SESSION_SECRET: loaded from persisted file
[2026-06-22T09:11:25.885Z] STDOUT [DesktopSecrets] Bootstrap complete — JWT_SECRET and SESSION_SECRET are set
[2026-06-22T09:11:25.918Z] HEALTH attempt=3 elapsed=115ms ERR ECONNREFUSED connect ECONNREFUSED 127.0.0.1:52208
[2026-06-22T09:11:25.943Z] STDOUT [DB] Electron offline mode — no DATABASE_URL present, using in-memory mock storage.
[2026-06-22T09:11:25.952Z] STDOUT [Stripe] Billing not configured on local backend — expected in Electron mode.
[2026-06-22T09:11:25.969Z] HEALTH attempt=4 elapsed=166ms ERR ECONNREFUSED connect ECONNREFUSED 127.0.0.1:52208
[2026-06-22T09:11:26.062Z] STDOUT [JWT] ===== SELF-TEST START =====
[2026-06-22T09:11:26.063Z] STDOUT [JWT] config OK — JWT secret configured (secretFp=f577a787)
[2026-06-22T09:11:26.063Z] STDOUT [JWT] signed — userId=self-test-user-000 secretFp=f577a787 tokenFp=eyJhbGci.eyJzdWIi
[2026-06-22T09:11:26.063Z] STDOUT [JWT] PASS: valid token → sub=self-test-user-000 exp=1784711486
[2026-06-22T09:11:26.063Z] STDOUT [JWT] PASS: invalid token → null (rejected)
[2026-06-22T09:11:26.063Z] STDOUT [JWT] PASS: expired token → null (rejected)
[2026-06-22T09:11:26.063Z] STDOUT [JWT] PASS: empty token → null (fallback to cookie path)
[2026-06-22T09:11:26.064Z] STDOUT [JWT] PASS: alg=none token → null (rejected)
[2026-06-22T09:11:26.064Z] STDOUT [JWT] PASS: wrong issuer token → null (rejected)
[2026-06-22T09:11:26.064Z] STDOUT [JWT] ===== SELF-TEST END =====
[2026-06-22T09:11:26.064Z] STDOUT [AUTH] Google OAuth not configured on local backend — expected in Electron mode (auth handled by cloud server).
[2026-06-22T09:11:26.064Z] STDOUT [AUTH] Using memory session store (NO-DB / Electron desktop mode)
[2026-06-22T09:11:26.064Z] STDOUT [AUTH] ===== SESSION COOKIE CONFIG =====
[2026-06-22T09:11:26.065Z] STDOUT [AUTH] production: true
[2026-06-22T09:11:26.065Z] STDOUT [AUTH] electronBackend: true
[2026-06-22T09:11:26.065Z] STDOUT [AUTH] cookie: {"httpOnly":true,"secure":false,"sameSite":"lax","maxAge":604800000,"path":"/"}
[2026-06-22T09:11:26.065Z] STDOUT [AUTH] ================================
[2026-06-22T09:11:26.065Z] STDOUT [AUTH] Discord OAuth not configured on local backend — expected in Electron mode (auth handled by cloud server).
[2026-06-22T09:11:26.066Z] STDOUT [WS] Live telemetry WebSocket server ready at /ws/telemetry (auth required)
[2026-06-22T09:11:26.066Z] STDOUT 9:11:26 PM [express] serving on 127.0.0.1:52208
[2026-06-22T09:11:26.075Z] Health check PASSED — attempt 5, 272ms elapsed, body={"status":"ok","version":"1.1.6","uptime":0,"dbReachable":false,"timestamp":1782119486070}
[2026-06-22T09:11:29.115Z] STDOUT [SysIntelligence] phase=A start — identity collection (sequential, WMI-safe)
[2026-06-22T09:11:32.118Z] STDERR [SysIntelligence] phase=timeout source=A.mem limit=3000ms
[2026-06-22T09:11:34.584Z] STDOUT [SysIntelligence] phase=A complete in 5469ms | CPU=Ryzen 7 9800X3D 8-Core Processor | GPU=AMD Radeon RX 7800 XT | RAM=32372MB | probes: mem+cpu+graphics (baseboard/bios skipped)
[2026-06-22T09:11:39.390Z] STDERR [SysIntelligence] phase=timeout source=graphics limit=6000ms
[2026-06-22T09:11:39.601Z] STDERR [SysIntelligence] phase=timeout source=cpu limit=9000ms
[2026-06-22T09:11:46.013Z] STDOUT [SysIntelligence] Background deep collection triggered
[2026-06-22T09:11:46.013Z] STDOUT [SysIntelligence] phase=full start — deep collection
[2026-06-22T09:11:57.090Z] STDERR [SysIntelligence] phase=timeout source=processes limit=6000ms
[2026-06-22T09:11:57.254Z] STDOUT [SysIntelligence] cpu WMI timeout — os.cpus() fallback: AMD Ryzen 7 9800X3D 8-Core Processor
[2026-06-22T09:11:57.309Z] STDERR [SysIntelligence] phase=timeout source=memLayout limit=10000ms
[2026-06-22T09:11:57.309Z] STDERR [SysIntelligence] phase=timeout source=diskLayout limit=10000ms
[2026-06-22T09:11:57.315Z] STDERR [SysIntelligence] phase=timeout source=fsSize limit=8000ms
[2026-06-22T09:11:57.315Z] STDERR [SysIntelligence] phase=timeout source=netIf limit=8000ms
[2026-06-22T09:11:57.315Z] STDERR [SysIntelligence] phase=timeout source=osInfo limit=8000ms
[2026-06-22T09:11:57.315Z] STDERR [SysIntelligence] phase=timeout source=audio limit=8000ms
[2026-06-22T09:11:57.981Z] STDOUT [SysIntelligence] phase=full complete in 11967ms | MB=X870E AORUS PRO ICE | BIOS=F12a | CPU=AMD Ryzen 7 9800X3D 8-Core Processor | GPUs=1 | RAMsticks=2
[2026-06-22T09:11:57.982Z] STDOUT [SysIntelligence] Disk cache updated
[2026-06-22T09:11:58.015Z] STDERR [SysIntelligence] phase=timeout source=baseboard limit=12000ms
[2026-06-22T09:11:58.015Z] STDERR [SysIntelligence] phase=timeout source=bios limit=12000ms
[2026-06-22T09:12:01.091Z] STDERR [SysIntelligence] phase=timeout source=platformPS limit=10000ms
[2026-06-22T09:12:03.388Z] STDERR [SysIntelligence] phase=timeout source=graphics limit=8000ms
[2026-06-22T09:12:03.389Z] STDERR [SysIntelligence] phase=timeout source=monitorEDID limit=8000ms
