[2026-05-21T04:24:18.999Z] HEALTH attempt=1 elapsed=0ms ERR ECONNREFUSED connect ECONNREFUSED 127.0.0.1:59333
[2026-05-21T04:24:19.051Z] HEALTH attempt=2 elapsed=55ms ERR ECONNREFUSED connect ECONNREFUSED 127.0.0.1:59333
[2026-05-21T04:24:19.079Z] STDOUT [DesktopSecrets] ELECTRON_BACKEND mode — bootstrapping secrets
[2026-05-21T04:24:19.080Z] STDOUT [DesktopSecrets] Secrets file path: C:\Users\SwitchTech\AppData\Roaming\SwitchControl\desktop-secrets.json
[2026-05-21T04:24:19.080Z] STDOUT [DesktopSecrets] Loaded persisted secrets from: C:\Users\SwitchTech\AppData\Roaming\SwitchControl\desktop-secrets.json
[2026-05-21T04:24:19.080Z] STDOUT [DesktopSecrets] JWT_SECRET: loaded from persisted file
[2026-05-21T04:24:19.080Z] STDOUT [DesktopSecrets] SESSION_SECRET: loaded from persisted file
[2026-05-21T04:24:19.081Z] STDOUT [DesktopSecrets] Bootstrap complete — JWT_SECRET and SESSION_SECRET are set
[2026-05-21T04:24:19.102Z] HEALTH attempt=3 elapsed=106ms ERR ECONNREFUSED connect ECONNREFUSED 127.0.0.1:59333
[2026-05-21T04:24:19.162Z] STDOUT [DB] Electron offline mode — no DATABASE_URL present, using in-memory mock storage.
[2026-05-21T04:24:19.162Z] STDOUT [Stripe] Billing not configured on local backend — expected in Electron mode.
[2026-05-21T04:24:19.164Z] HEALTH attempt=4 elapsed=167ms ERR ECONNREFUSED connect ECONNREFUSED 127.0.0.1:59333
[2026-05-21T04:24:19.215Z] HEALTH attempt=5 elapsed=219ms ERR ECONNREFUSED connect ECONNREFUSED 127.0.0.1:59333
[2026-05-21T04:24:19.248Z] STDOUT [FocusMode] Skipping DB init — running without database (Electron offline / dev no-DB mode).
[2026-05-21T04:24:19.258Z] STDOUT [JWT] ===== SELF-TEST START =====
[2026-05-21T04:24:19.259Z] STDOUT [JWT] config OK — JWT secret configured (secretFp=2ffe0258)
[2026-05-21T04:24:19.260Z] STDOUT [JWT] signed — userId=self-test-user-000 secretFp=2ffe0258 tokenFp=eyJhbGci.eyJzdWIi
[2026-05-21T04:24:19.260Z] STDOUT [JWT] PASS: valid token → sub=self-test-user-000 exp=1781929459
[2026-05-21T04:24:19.261Z] STDOUT [JWT] PASS: invalid token → null (rejected)
[2026-05-21T04:24:19.261Z] STDOUT [JWT] PASS: expired token → null (rejected)
[2026-05-21T04:24:19.262Z] STDOUT [JWT] PASS: empty token → null (fallback to cookie path)
[2026-05-21T04:24:19.262Z] STDOUT [JWT] PASS: alg=none token → null (rejected)
[2026-05-21T04:24:19.262Z] STDOUT [JWT] PASS: wrong issuer token → null (rejected)
[2026-05-21T04:24:19.262Z] STDOUT [JWT] ===== SELF-TEST END =====
[2026-05-21T04:24:19.263Z] STDOUT [AUTH] Google OAuth not configured on local backend — expected in Electron mode (auth handled by cloud server).
[2026-05-21T04:24:19.263Z] STDOUT [AUTH] Using memory session store (NO-DB / Electron desktop mode)
[2026-05-21T04:24:19.263Z] STDOUT [AUTH] ===== SESSION COOKIE CONFIG =====
[2026-05-21T04:24:19.264Z] STDOUT [AUTH] production: true
[2026-05-21T04:24:19.264Z] STDOUT [AUTH] electronBackend: true
[2026-05-21T04:24:19.264Z] STDOUT [AUTH] cookie: {"httpOnly":true,"secure":false,"sameSite":"lax","maxAge":604800000,"path":"/"}
[2026-05-21T04:24:19.264Z] STDOUT [AUTH] ================================
[2026-05-21T04:24:19.265Z] STDOUT [AUTH] Discord OAuth not configured on local backend — expected in Electron mode (auth handled by cloud server).
[2026-05-21T04:24:19.266Z] HEALTH attempt=6 elapsed=269ms ERR ECONNREFUSED connect ECONNREFUSED 127.0.0.1:59333
[2026-05-21T04:24:19.266Z] STDOUT [WS] Live telemetry WebSocket server ready at /ws/telemetry (auth required)
[2026-05-21T04:24:19.281Z] STDOUT 4:24:19 PM [express] serving on 127.0.0.1:59333
[2026-05-21T04:24:19.428Z] Health check PASSED — attempt 7, 433ms elapsed, body={"status":"ok","version":"1.1.1","uptime":0,"dbReachable":false,"timestamp":1779337459425}
[2026-05-21T04:24:22.699Z] STDOUT [SysIntelligence] phase=full start — deep collection
[2026-05-21T04:24:26.378Z] STDERR [SysIntelligence] phase=timeout source=battery limit=1000ms
[2026-05-21T04:24:26.378Z] STDERR [SysIntelligence] phase=timeout source=users limit=1000ms
[2026-05-21T04:24:26.378Z] STDERR [SysIntelligence] phase=timeout source=baseboard limit=1500ms
[2026-05-21T04:24:26.379Z] STDERR [SysIntelligence] phase=timeout source=bios limit=1500ms
[2026-05-21T04:24:26.379Z] STDERR [SysIntelligence] phase=timeout source=osInfo limit=1500ms
[2026-05-21T04:24:26.379Z] STDERR [SysIntelligence] phase=timeout source=memLayout limit=2500ms
[2026-05-21T04:24:26.379Z] STDERR [SysIntelligence] phase=timeout source=diskLayout limit=2500ms
[2026-05-21T04:24:26.379Z] STDERR [SysIntelligence] phase=timeout source=fsSize limit=2500ms
[2026-05-21T04:24:26.380Z] STDERR [SysIntelligence] phase=timeout source=netIf limit=2500ms
[2026-05-21T04:24:26.380Z] STDERR [SysIntelligence] phase=timeout source=netConn limit=2500ms
[2026-05-21T04:24:26.380Z] STDERR [SysIntelligence] phase=timeout source=processes limit=2500ms
[2026-05-21T04:24:26.380Z] STDERR [SysIntelligence] phase=timeout source=platformPS limit=2500ms
[2026-05-21T04:24:26.381Z] STDERR [SysIntelligence] phase=timeout source=monitorEDID limit=2500ms
[2026-05-21T04:24:26.381Z] STDERR [SysIntelligence] phase=timeout source=graphics limit=3000ms
[2026-05-21T04:24:28.699Z] STDERR [SysIntelligence] phase=timeout source=cpu limit=6000ms
[2026-05-21T04:24:29.759Z] STDOUT [SysIntelligence] phase=full complete in 7061ms | MB=null | BIOS=null | CPU=Ryzen 7 9800X3D 8-Core Processor | GPUs=0 | RAMsticks=0
[2026-05-21T04:24:29.761Z] STDOUT [SysIntelligence] Disk cache updated
[2026-05-21T04:24:54.396Z] STDOUT [AppBooster] GET /games userId=64f0e669-6db6-42e7-a68a-681f9f5db567 — catalog: 16, installed: 0
[2026-05-21T04:24:55.428Z] STDOUT [AppBooster] POST /games/scan userId=64f0e669-6db6-42e7-a68a-681f9f5db567 — 16 result(s), 1 detected
[2026-05-21T04:24:55.432Z] STDOUT [AppBooster] GET /games userId=64f0e669-6db6-42e7-a68a-681f9f5db567 — catalog: 16, installed: 1
[2026-05-21T04:25:00.470Z] STDOUT [AppBooster] GET /games userId=64f0e669-6db6-42e7-a68a-681f9f5db567 — catalog: 16, installed: 1
[2026-05-21T04:25:01.418Z] STDOUT [AppBooster] GET /games userId=64f0e669-6db6-42e7-a68a-681f9f5db567 — catalog: 16, installed: 1
[2026-05-21T04:25:01.539Z] STDOUT [AppBooster] POST /games/scan userId=64f0e669-6db6-42e7-a68a-681f9f5db567 — 16 result(s), 1 detected
[2026-05-21T04:25:01.542Z] STDOUT [AppBooster] GET /games userId=64f0e669-6db6-42e7-a68a-681f9f5db567 — catalog: 16, installed: 1
[2026-05-21T04:25:02.299Z] STDOUT [AppBooster] POST /games/scan userId=64f0e669-6db6-42e7-a68a-681f9f5db567 — 16 result(s), 1 detected
[2026-05-21T04:25:02.302Z] STDOUT [AppBooster] GET /games userId=64f0e669-6db6-42e7-a68a-681f9f5db567 — catalog: 16, installed: 1
