[2026-07-08T04:55:16.579Z] HEALTH attempt=1 elapsed=0ms ERR ECONNREFUSED connect ECONNREFUSED 127.0.0.1:58658
[2026-07-08T04:55:16.630Z] HEALTH attempt=2 elapsed=54ms ERR ECONNREFUSED connect ECONNREFUSED 127.0.0.1:58658
[2026-07-08T04:55:16.651Z] STDOUT [DesktopSecrets] ELECTRON_BACKEND mode — bootstrapping secrets
[2026-07-08T04:55:16.652Z] STDOUT [DesktopSecrets] Secrets file path: C:\Users\SwitchTech\AppData\Roaming\SwitchControl\desktop-secrets.json
[2026-07-08T04:55:16.652Z] STDOUT [DesktopSecrets] Loaded persisted secrets from: C:\Users\SwitchTech\AppData\Roaming\SwitchControl\desktop-secrets.json
[2026-07-08T04:55:16.652Z] STDOUT [DesktopSecrets] JWT_SECRET: loaded from persisted file
[2026-07-08T04:55:16.652Z] STDOUT [DesktopSecrets] SESSION_SECRET: loaded from persisted file
[2026-07-08T04:55:16.652Z] STDOUT [DesktopSecrets] Bootstrap complete — JWT_SECRET and SESSION_SECRET are set
[2026-07-08T04:55:16.681Z] HEALTH attempt=3 elapsed=105ms ERR ECONNREFUSED connect ECONNREFUSED 127.0.0.1:58658
[2026-07-08T04:55:16.700Z] STDOUT [DB] Electron offline mode — no DATABASE_URL present, using in-memory mock storage.
[2026-07-08T04:55:16.708Z] STDOUT [Stripe] Billing not configured on local backend — expected in Electron mode.
[2026-07-08T04:55:16.797Z] STDOUT [JWT] ===== SELF-TEST START =====
[2026-07-08T04:55:16.797Z] STDOUT [JWT] config OK — JWT secret configured (secretFp=4b4adc0e)
[2026-07-08T04:55:16.797Z] STDOUT [JWT] signed — userId=self-test-user-000 secretFp=4b4adc0e tokenFp=eyJhbGci.eyJzdWIi
[2026-07-08T04:55:16.797Z] STDOUT [JWT] PASS: valid token → sub=self-test-user-000 exp=1786078516
[2026-07-08T04:55:16.798Z] STDOUT [JWT] PASS: invalid token → null (rejected)
[2026-07-08T04:55:16.798Z] STDOUT [JWT] PASS: expired token → null (rejected)
[2026-07-08T04:55:16.798Z] STDOUT [JWT] PASS: empty token → null (fallback to cookie path)
[2026-07-08T04:55:16.798Z] STDOUT [JWT] PASS: alg=none token → null (rejected)
[2026-07-08T04:55:16.798Z] STDOUT [JWT] PASS: wrong issuer token → null (rejected)
[2026-07-08T04:55:16.798Z] STDOUT [JWT] ===== SELF-TEST END =====
[2026-07-08T04:55:16.798Z] STDOUT [AUTH] Google OAuth not configured on local backend — expected in Electron mode (auth handled by cloud server).
[2026-07-08T04:55:16.799Z] STDOUT [AUTH] Using memory session store (NO-DB / Electron desktop mode)
[2026-07-08T04:55:16.799Z] STDOUT [AUTH] ===== SESSION COOKIE CONFIG =====
[2026-07-08T04:55:16.799Z] STDOUT [AUTH] production: true
[2026-07-08T04:55:16.799Z] STDOUT [AUTH] electronBackend: true
[2026-07-08T04:55:16.799Z] STDOUT [AUTH] cookie: {"httpOnly":true,"secure":false,"sameSite":"lax","maxAge":604800000,"path":"/"}
[2026-07-08T04:55:16.800Z] STDOUT [AUTH] ================================
[2026-07-08T04:55:16.800Z] STDOUT [AUTH] Discord OAuth not configured on local backend — expected in Electron mode (auth handled by cloud server).
[2026-07-08T04:55:16.800Z] STDOUT [WS] Live telemetry WebSocket server ready at /ws/telemetry (auth required)
[2026-07-08T04:55:16.800Z] STDOUT 4:55:16 PM [express] serving on 127.0.0.1:58658
[2026-07-08T04:55:16.808Z] Health check PASSED — attempt 4, 232ms elapsed, body={"status":"ok","version":"1.2.0","uptime":0,"dbReachable":false,"timestamp":1783486516806}
[2026-07-08T04:55:19.872Z] STDOUT [SysIntelligence] phase=A start — identity collection (sequential, WMI-safe)
[2026-07-08T04:55:22.553Z] STDOUT [SysIntelligence] phase=A complete in 2682ms | CPU=Ryzen 7 9800X3D 8-Core Processor | GPU=AMD Radeon RX 7800 XT | RAM=32372MB | probes: mem+cpu+graphics (baseboard/bios skipped)
[2026-07-08T04:55:22.871Z] STDOUT [SysIntelligence] phase=timeout source=A.mem limit=3000ms
[2026-07-08T04:55:28.371Z] STDOUT [SysIntelligence] phase=timeout source=graphics limit=6000ms
[2026-07-08T04:55:29.616Z] STDOUT [SysIntelligence] phase=timeout source=cpu limit=9000ms
[2026-07-08T04:55:36.759Z] STDOUT [SysIntelligence] Background deep collection triggered
[2026-07-08T04:55:36.759Z] STDOUT [SysIntelligence] phase=full start — deep collection
[2026-07-08T04:55:42.677Z] STDOUT [SysIntelligence] cpu WMI timeout — os.cpus() fallback: AMD Ryzen 7 9800X3D 8-Core Processor
[2026-07-08T04:55:42.881Z] STDOUT [SysIntelligence] phase=full complete in 6122ms | MB=X870E AORUS PRO ICE | BIOS=F12a | CPU=AMD Ryzen 7 9800X3D 8-Core Processor | GPUs=1 | RAMsticks=2
[2026-07-08T04:55:42.882Z] STDOUT [SysIntelligence] Disk cache updated
[2026-07-08T04:55:45.076Z] STDOUT [SysIntelligence] phase=timeout source=processes limit=6000ms
[2026-07-08T04:55:46.316Z] STDOUT [SysIntelligence] phase=timeout source=fsSize limit=8000ms
[2026-07-08T04:55:46.316Z] STDOUT [SysIntelligence] phase=timeout source=netIf limit=8000ms
[2026-07-08T04:55:46.316Z] STDOUT [SysIntelligence] phase=timeout source=osInfo limit=8000ms
[2026-07-08T04:55:46.317Z] STDOUT [SysIntelligence] phase=timeout source=audio limit=8000ms
[2026-07-08T04:55:47.296Z] STDOUT [SysIntelligence] phase=timeout source=memLayout limit=10000ms
[2026-07-08T04:55:47.296Z] STDOUT [SysIntelligence] phase=timeout source=diskLayout limit=10000ms
[2026-07-08T04:55:48.760Z] STDOUT [SysIntelligence] phase=timeout source=baseboard limit=12000ms
[2026-07-08T04:55:48.760Z] STDOUT [SysIntelligence] phase=timeout source=bios limit=12000ms
[2026-07-08T04:55:49.078Z] STDOUT [SysIntelligence] phase=timeout source=platformPS limit=10000ms
[2026-07-08T04:55:50.303Z] STDOUT [SysIntelligence] phase=timeout source=graphics limit=8000ms
[2026-07-08T04:55:50.305Z] STDOUT [SysIntelligence] phase=timeout source=monitorEDID limit=8000ms
