[2026-06-20T12:40:32.293Z] HEALTH attempt=1 elapsed=0ms ERR ECONNREFUSED connect ECONNREFUSED 127.0.0.1:63042
[2026-06-20T12:40:32.348Z] HEALTH attempt=2 elapsed=58ms ERR ECONNREFUSED connect ECONNREFUSED 127.0.0.1:63042
[2026-06-20T12:40:32.401Z] HEALTH attempt=3 elapsed=111ms ERR ECONNREFUSED connect ECONNREFUSED 127.0.0.1:63042
[2026-06-20T12:40:32.423Z] STDOUT [DesktopSecrets] ELECTRON_BACKEND mode — bootstrapping secrets
[2026-06-20T12:40:32.424Z] STDOUT [DesktopSecrets] Secrets file path: C:\Users\SwitchTech\AppData\Roaming\SwitchControl\desktop-secrets.json
[2026-06-20T12:40:32.424Z] STDOUT [DesktopSecrets] Loaded persisted secrets from: C:\Users\SwitchTech\AppData\Roaming\SwitchControl\desktop-secrets.json
[2026-06-20T12:40:32.424Z] STDOUT [DesktopSecrets] JWT_SECRET: loaded from persisted file
[2026-06-20T12:40:32.425Z] STDOUT [DesktopSecrets] SESSION_SECRET: loaded from persisted file
[2026-06-20T12:40:32.425Z] STDOUT [DesktopSecrets] Bootstrap complete — JWT_SECRET and SESSION_SECRET are set
[2026-06-20T12:40:32.456Z] HEALTH attempt=4 elapsed=166ms ERR ECONNREFUSED connect ECONNREFUSED 127.0.0.1:63042
[2026-06-20T12:40:32.510Z] HEALTH attempt=5 elapsed=220ms ERR ECONNREFUSED connect ECONNREFUSED 127.0.0.1:63042
[2026-06-20T12:40:33.557Z] STDOUT [DB] Electron offline mode — no DATABASE_URL present, using in-memory mock storage.
[2026-06-20T12:40:33.557Z] STDOUT [Stripe] Billing not configured on local backend — expected in Electron mode.
[2026-06-20T12:40:33.558Z] STDOUT [JWT] ===== SELF-TEST START =====
[2026-06-20T12:40:33.558Z] STDOUT [JWT] config OK — JWT secret configured (secretFp=64ecaf8a)
[2026-06-20T12:40:33.558Z] STDOUT [JWT] signed — userId=self-test-user-000 secretFp=64ecaf8a tokenFp=eyJhbGci.eyJzdWIi
[2026-06-20T12:40:33.558Z] STDOUT [JWT] PASS: valid token → sub=self-test-user-000 exp=1784551233
[2026-06-20T12:40:33.559Z] STDOUT [JWT] PASS: invalid token → null (rejected)
[2026-06-20T12:40:33.559Z] STDOUT [JWT] PASS: expired token → null (rejected)
[2026-06-20T12:40:33.559Z] STDOUT [JWT] PASS: empty token → null (fallback to cookie path)
[2026-06-20T12:40:33.559Z] STDOUT [JWT] PASS: alg=none token → null (rejected)
[2026-06-20T12:40:33.560Z] STDOUT [JWT] PASS: wrong issuer token → null (rejected)
[2026-06-20T12:40:33.560Z] STDOUT [JWT] ===== SELF-TEST END =====
[2026-06-20T12:40:33.560Z] STDOUT [AUTH] Google OAuth not configured on local backend — expected in Electron mode (auth handled by cloud server).
[2026-06-20T12:40:33.560Z] STDOUT [AUTH] Using memory session store (NO-DB / Electron desktop mode)
[2026-06-20T12:40:33.561Z] STDOUT [AUTH] ===== SESSION COOKIE CONFIG =====
[2026-06-20T12:40:33.561Z] STDOUT [AUTH] production: true
[2026-06-20T12:40:33.561Z] STDOUT [AUTH] electronBackend: true
[2026-06-20T12:40:33.561Z] STDOUT [AUTH] cookie: {"httpOnly":true,"secure":false,"sameSite":"lax","maxAge":604800000,"path":"/"}
[2026-06-20T12:40:33.562Z] STDOUT [AUTH] ================================
[2026-06-20T12:40:33.562Z] STDOUT [AUTH] Discord OAuth not configured on local backend — expected in Electron mode (auth handled by cloud server).
[2026-06-20T12:40:33.562Z] STDOUT [WS] Live telemetry WebSocket server ready at /ws/telemetry (auth required)
[2026-06-20T12:40:33.562Z] STDOUT 12:40:33 AM [express] serving on 127.0.0.1:63042
[2026-06-20T12:40:33.576Z] Health check PASSED — attempt 6, 1287ms elapsed, body={"status":"ok","version":"1.1.5","uptime":1,"dbReachable":false,"timestamp":1781959233575}
[2026-06-20T12:40:36.240Z] STDOUT [SysIntelligence] phase=A start — identity collection
[2026-06-20T12:40:38.460Z] STDERR [SysIntelligence] phase=timeout source=A.mem limit=1500ms
[2026-06-20T12:40:39.238Z] STDERR [SysIntelligence] phase=timeout source=baseboard limit=3000ms
[2026-06-20T12:40:39.238Z] STDERR [SysIntelligence] phase=timeout source=bios limit=3000ms
[2026-06-20T12:40:39.238Z] STDERR [SysIntelligence] phase=timeout source=graphics limit=3000ms
[2026-06-20T12:40:39.707Z] STDOUT [SysIntelligence] phase=A complete in 3470ms | CPU=Ryzen 7 9800X3D 8-Core Processor | GPU=AMD Radeon RX 7800 XT | RAM=32372MB
[2026-06-20T12:40:41.237Z] STDERR [SysIntelligence] phase=timeout source=cpu limit=5000ms
[2026-06-20T12:40:48.137Z] STDOUT [SysIntelligence] Background deep collection triggered
[2026-06-20T12:40:48.138Z] STDOUT [SysIntelligence] phase=full start — deep collection
[2026-06-20T12:40:51.679Z] STDERR [SysIntelligence] phase=timeout source=baseboard limit=3000ms
[2026-06-20T12:40:51.679Z] STDERR [SysIntelligence] probe=baseboard timeout #1 — setting 12min cooldown
[2026-06-20T12:40:51.680Z] STDERR [SysIntelligence] phase=timeout source=bios limit=3000ms
[2026-06-20T12:40:51.680Z] STDERR [SysIntelligence] probe=bios timeout #1 — setting 12min cooldown
[2026-06-20T12:40:51.680Z] STDERR [SysIntelligence] phase=timeout source=graphics limit=3000ms
[2026-06-20T12:40:51.681Z] STDERR [SysIntelligence] probe=graphics timeout #1 — setting 12min cooldown
[2026-06-20T12:40:51.681Z] STDERR [SysIntelligence] phase=timeout source=osInfo limit=3000ms
[2026-06-20T12:40:51.681Z] STDERR [SysIntelligence] probe=osInfo timeout #1 — setting 12min cooldown
[2026-06-20T12:40:51.681Z] STDERR [SysIntelligence] phase=timeout source=platformPS limit=3000ms
[2026-06-20T12:40:51.682Z] STDERR [SysIntelligence] probe=platformPS timeout #1 — setting 12min cooldown
[2026-06-20T12:40:51.682Z] STDERR [SysIntelligence] phase=timeout source=monitorEDID limit=3000ms
[2026-06-20T12:40:52.140Z] STDERR [SysIntelligence] phase=timeout source=memLayout limit=4000ms
[2026-06-20T12:40:52.140Z] STDERR [SysIntelligence] phase=timeout source=diskLayout limit=4000ms
[2026-06-20T12:40:52.140Z] STDERR [SysIntelligence] probe=diskLayout timeout #1 — setting 12min cooldown
[2026-06-20T12:40:52.141Z] STDERR [SysIntelligence] phase=timeout source=fsSize limit=4000ms
[2026-06-20T12:40:52.141Z] STDERR [SysIntelligence] phase=timeout source=netIf limit=4000ms
[2026-06-20T12:40:52.141Z] STDERR [SysIntelligence] phase=timeout source=processes limit=4000ms
[2026-06-20T12:40:53.141Z] STDERR [SysIntelligence] phase=timeout source=cpu limit=5000ms
[2026-06-20T12:40:54.497Z] STDOUT [SysIntelligence] phase=full complete in 6360ms | MB=null | BIOS=null | CPU=Ryzen 7 9800X3D 8-Core Processor | GPUs=0 | RAMsticks=2
[2026-06-20T12:40:54.498Z] STDOUT [SysIntelligence] Disk cache updated
