[2026-06-20T10:35:51.271Z] HEALTH attempt=1 elapsed=0ms ERR ECONNREFUSED connect ECONNREFUSED 127.0.0.1:53934
[2026-06-20T10:35:51.333Z] HEALTH attempt=2 elapsed=62ms ERR ECONNREFUSED connect ECONNREFUSED 127.0.0.1:53934
[2026-06-20T10:35:51.386Z] HEALTH attempt=3 elapsed=117ms ERR ECONNREFUSED connect ECONNREFUSED 127.0.0.1:53934
[2026-06-20T10:35:51.412Z] STDOUT [DesktopSecrets] ELECTRON_BACKEND mode — bootstrapping secrets
[2026-06-20T10:35:51.413Z] STDOUT [DesktopSecrets] Secrets file path: C:\Users\SwitchTech\AppData\Roaming\SwitchControl\desktop-secrets.json
[2026-06-20T10:35:51.413Z] STDOUT [DesktopSecrets] Loaded persisted secrets from: C:\Users\SwitchTech\AppData\Roaming\SwitchControl\desktop-secrets.json
[2026-06-20T10:35:51.413Z] STDOUT [DesktopSecrets] JWT_SECRET: loaded from persisted file
[2026-06-20T10:35:51.414Z] STDOUT [DesktopSecrets] SESSION_SECRET: loaded from persisted file
[2026-06-20T10:35:51.414Z] STDOUT [DesktopSecrets] Bootstrap complete — JWT_SECRET and SESSION_SECRET are set
[2026-06-20T10:35:51.437Z] HEALTH attempt=4 elapsed=168ms ERR ECONNREFUSED connect ECONNREFUSED 127.0.0.1:53934
[2026-06-20T10:35:52.622Z] STDOUT [DB] Electron offline mode — no DATABASE_URL present, using in-memory mock storage.
[2026-06-20T10:35:52.622Z] STDOUT [Stripe] Billing not configured on local backend — expected in Electron mode.
[2026-06-20T10:35:52.623Z] STDOUT [JWT] ===== SELF-TEST START =====
[2026-06-20T10:35:52.623Z] STDOUT [JWT] config OK — JWT secret configured (secretFp=64ecaf8a)
[2026-06-20T10:35:52.623Z] STDOUT [JWT] signed — userId=self-test-user-000 secretFp=64ecaf8a tokenFp=eyJhbGci.eyJzdWIi
[2026-06-20T10:35:52.623Z] STDOUT [JWT] PASS: valid token → sub=self-test-user-000 exp=1784543752
[2026-06-20T10:35:52.623Z] STDOUT [JWT] PASS: invalid token → null (rejected)
[2026-06-20T10:35:52.624Z] STDOUT [JWT] PASS: expired token → null (rejected)
[2026-06-20T10:35:52.624Z] STDOUT [JWT] PASS: empty token → null (fallback to cookie path)
[2026-06-20T10:35:52.624Z] STDOUT [JWT] PASS: alg=none token → null (rejected)
[2026-06-20T10:35:52.624Z] STDOUT [JWT] PASS: wrong issuer token → null (rejected)
[2026-06-20T10:35:52.625Z] STDOUT [JWT] ===== SELF-TEST END =====
[2026-06-20T10:35:52.625Z] STDOUT [AUTH] Google OAuth not configured on local backend — expected in Electron mode (auth handled by cloud server).
[2026-06-20T10:35:52.625Z] STDOUT [AUTH] Using memory session store (NO-DB / Electron desktop mode)
[2026-06-20T10:35:52.626Z] STDOUT [AUTH] ===== SESSION COOKIE CONFIG =====
[2026-06-20T10:35:52.626Z] STDOUT [AUTH] production: true
[2026-06-20T10:35:52.626Z] STDOUT [AUTH] electronBackend: true
[2026-06-20T10:35:52.626Z] STDOUT [AUTH] cookie: {"httpOnly":true,"secure":false,"sameSite":"lax","maxAge":604800000,"path":"/"}
[2026-06-20T10:35:52.626Z] STDOUT [AUTH] ================================
[2026-06-20T10:35:52.627Z] STDOUT [AUTH] Discord OAuth not configured on local backend — expected in Electron mode (auth handled by cloud server).
[2026-06-20T10:35:52.627Z] STDOUT [WS] Live telemetry WebSocket server ready at /ws/telemetry (auth required)
[2026-06-20T10:35:52.627Z] STDOUT 10:35:52 PM [express] serving on 127.0.0.1:53934
[2026-06-20T10:35:52.639Z] Health check PASSED — attempt 5, 1371ms elapsed, body={"status":"ok","version":"1.1.5","uptime":1,"dbReachable":false,"timestamp":1781951752637}
[2026-06-20T10:35:55.191Z] STDOUT [SysIntelligence] phase=A start — identity collection
[2026-06-20T10:35:57.369Z] STDERR [SysIntelligence] phase=timeout source=A.mem limit=1500ms
[2026-06-20T10:35:58.193Z] STDERR [SysIntelligence] phase=timeout source=baseboard limit=3000ms
[2026-06-20T10:35:58.193Z] STDERR [SysIntelligence] phase=timeout source=bios limit=3000ms
[2026-06-20T10:35:58.193Z] STDERR [SysIntelligence] phase=timeout source=graphics limit=3000ms
[2026-06-20T10:35:58.741Z] STDOUT [SysIntelligence] phase=A complete in 3551ms | CPU=Ryzen 7 9800X3D 8-Core Processor | GPU=AMD Radeon RX 7800 XT | RAM=32372MB
[2026-06-20T10:36:00.191Z] STDERR [SysIntelligence] phase=timeout source=cpu limit=5000ms
[2026-06-20T10:36:07.229Z] STDOUT [SysIntelligence] Background deep collection triggered
[2026-06-20T10:36:07.229Z] STDOUT [SysIntelligence] phase=full start — deep collection
[2026-06-20T10:36:10.483Z] STDERR [SysIntelligence] phase=timeout source=baseboard limit=3000ms
[2026-06-20T10:36:10.483Z] STDERR [SysIntelligence] probe=baseboard timeout #1 — setting 12min cooldown
[2026-06-20T10:36:10.483Z] STDERR [SysIntelligence] phase=timeout source=bios limit=3000ms
[2026-06-20T10:36:10.483Z] STDERR [SysIntelligence] probe=bios timeout #1 — setting 12min cooldown
[2026-06-20T10:36:10.484Z] STDERR [SysIntelligence] phase=timeout source=graphics limit=3000ms
[2026-06-20T10:36:10.484Z] STDERR [SysIntelligence] probe=graphics timeout #1 — setting 12min cooldown
[2026-06-20T10:36:10.484Z] STDERR [SysIntelligence] phase=timeout source=osInfo limit=3000ms
[2026-06-20T10:36:10.484Z] STDERR [SysIntelligence] probe=osInfo timeout #1 — setting 12min cooldown
[2026-06-20T10:36:10.484Z] STDERR [SysIntelligence] phase=timeout source=platformPS limit=3000ms
[2026-06-20T10:36:10.485Z] STDERR [SysIntelligence] probe=platformPS timeout #1 — setting 12min cooldown
[2026-06-20T10:36:10.485Z] STDERR [SysIntelligence] phase=timeout source=monitorEDID limit=3000ms
[2026-06-20T10:36:10.485Z] STDERR [SysIntelligence] probe=monitorEDID timeout #1 — setting 12min cooldown
[2026-06-20T10:36:11.232Z] STDERR [SysIntelligence] phase=timeout source=memLayout limit=4000ms
[2026-06-20T10:36:11.232Z] STDERR [SysIntelligence] phase=timeout source=diskLayout limit=4000ms
[2026-06-20T10:36:11.232Z] STDERR [SysIntelligence] phase=timeout source=fsSize limit=4000ms
[2026-06-20T10:36:11.232Z] STDERR [SysIntelligence] phase=timeout source=netIf limit=4000ms
[2026-06-20T10:36:11.233Z] STDERR [SysIntelligence] phase=timeout source=processes limit=4000ms
[2026-06-20T10:36:12.232Z] STDERR [SysIntelligence] phase=timeout source=cpu limit=5000ms
[2026-06-20T10:36:13.359Z] STDOUT [SysIntelligence] phase=full complete in 6129ms | MB=null | BIOS=null | CPU=Ryzen 7 9800X3D 8-Core Processor | GPUs=0 | RAMsticks=2
[2026-06-20T10:36:13.360Z] STDOUT [SysIntelligence] Disk cache updated
