[2026-07-08T08:28:56.270Z] HEALTH attempt=1 elapsed=0ms ERR ECONNREFUSED connect ECONNREFUSED 127.0.0.1:53038
[2026-07-08T08:28:56.321Z] HEALTH attempt=2 elapsed=55ms ERR ECONNREFUSED connect ECONNREFUSED 127.0.0.1:53038
[2026-07-08T08:28:56.347Z] STDOUT [DesktopSecrets] ELECTRON_BACKEND mode — bootstrapping secrets
[2026-07-08T08:28:56.348Z] STDOUT [DesktopSecrets] Secrets file path: C:\Users\SwitchTech\AppData\Roaming\SwitchControl\desktop-secrets.json
[2026-07-08T08:28:56.348Z] STDOUT [DesktopSecrets] Loaded persisted secrets from: C:\Users\SwitchTech\AppData\Roaming\SwitchControl\desktop-secrets.json
[2026-07-08T08:28:56.348Z] STDOUT [DesktopSecrets] JWT_SECRET: loaded from persisted file
[2026-07-08T08:28:56.348Z] STDOUT [DesktopSecrets] SESSION_SECRET: loaded from persisted file
[2026-07-08T08:28:56.348Z] STDOUT [DesktopSecrets] Bootstrap complete — JWT_SECRET and SESSION_SECRET are set
[2026-07-08T08:28:56.372Z] HEALTH attempt=3 elapsed=107ms ERR ECONNREFUSED connect ECONNREFUSED 127.0.0.1:53038
[2026-07-08T08:28:56.401Z] STDOUT [DB] Electron offline mode — no DATABASE_URL present, using in-memory mock storage.
[2026-07-08T08:28:56.410Z] STDOUT [Stripe] Billing not configured on local backend — expected in Electron mode.
[2026-07-08T08:28:56.423Z] HEALTH attempt=4 elapsed=157ms ERR ECONNREFUSED connect ECONNREFUSED 127.0.0.1:53038
[2026-07-08T08:28:56.537Z] STDOUT [JWT] ===== SELF-TEST START =====
[2026-07-08T08:28:56.537Z] STDOUT [JWT] config OK — JWT secret configured (secretFp=4b4adc0e)
[2026-07-08T08:28:56.537Z] STDOUT [JWT] signed — userId=self-test-user-000 secretFp=4b4adc0e tokenFp=eyJhbGci.eyJzdWIi
[2026-07-08T08:28:56.538Z] STDOUT [JWT] PASS: valid token → sub=self-test-user-000 exp=1786091336
[2026-07-08T08:28:56.538Z] STDOUT [JWT] PASS: invalid token → null (rejected)
[2026-07-08T08:28:56.538Z] STDOUT [JWT] PASS: expired token → null (rejected)
[2026-07-08T08:28:56.538Z] STDOUT [JWT] PASS: empty token → null (fallback to cookie path)
[2026-07-08T08:28:56.538Z] STDOUT [JWT] PASS: alg=none token → null (rejected)
[2026-07-08T08:28:56.538Z] STDOUT [JWT] PASS: wrong issuer token → null (rejected)
[2026-07-08T08:28:56.538Z] STDOUT [JWT] ===== SELF-TEST END =====
[2026-07-08T08:28:56.539Z] STDOUT [AUTH] Google OAuth not configured on local backend — expected in Electron mode (auth handled by cloud server).
[2026-07-08T08:28:56.539Z] STDOUT [AUTH] Using memory session store (NO-DB / Electron desktop mode)
[2026-07-08T08:28:56.539Z] STDOUT [AUTH] ===== SESSION COOKIE CONFIG =====
[2026-07-08T08:28:56.539Z] STDOUT [AUTH] production: true
[2026-07-08T08:28:56.539Z] STDOUT [AUTH] electronBackend: true
[2026-07-08T08:28:56.539Z] STDOUT [AUTH] cookie: {"httpOnly":true,"secure":false,"sameSite":"lax","maxAge":604800000,"path":"/"}
[2026-07-08T08:28:56.539Z] STDOUT [AUTH] ================================
[2026-07-08T08:28:56.540Z] STDOUT [AUTH] Discord OAuth not configured on local backend — expected in Electron mode (auth handled by cloud server).
[2026-07-08T08:28:56.540Z] STDOUT [WS] Live telemetry WebSocket server ready at /ws/telemetry (auth required)
[2026-07-08T08:28:56.540Z] STDOUT 8:28:56 PM [express] serving on 127.0.0.1:53038
[2026-07-08T08:28:56.554Z] Health check PASSED — attempt 5, 289ms elapsed, body={"status":"ok","version":"1.2.0","uptime":0,"dbReachable":false,"timestamp":1783499336551}
[2026-07-08T08:28:59.590Z] STDOUT [SysIntelligence] phase=A start — identity collection (sequential, WMI-safe)
[2026-07-08T08:29:02.289Z] STDOUT [SysIntelligence] phase=A complete in 2699ms | CPU=Ryzen 7 9800X3D 8-Core Processor | GPU=AMD Radeon RX 7800 XT | RAM=32372MB | probes: mem+cpu+graphics (baseboard/bios skipped)
[2026-07-08T08:29:02.590Z] STDOUT [SysIntelligence] phase=timeout source=A.mem limit=3000ms
[2026-07-08T08:29:08.103Z] STDOUT [SysIntelligence] phase=timeout source=graphics limit=6000ms
[2026-07-08T08:29:09.336Z] STDOUT [SysIntelligence] phase=timeout source=cpu limit=9000ms
[2026-07-08T08:29:16.460Z] STDOUT [SysIntelligence] Background deep collection triggered
[2026-07-08T08:29:16.461Z] STDOUT [SysIntelligence] phase=full start — deep collection
[2026-07-08T08:29:22.514Z] STDOUT [SysIntelligence] cpu WMI timeout — os.cpus() fallback: AMD Ryzen 7 9800X3D 8-Core Processor
[2026-07-08T08:29:22.712Z] STDOUT [SysIntelligence] phase=full complete in 6251ms | MB=X870E AORUS PRO ICE | BIOS=F12a | CPU=AMD Ryzen 7 9800X3D 8-Core Processor | GPUs=1 | RAMsticks=2
[2026-07-08T08:29:22.713Z] STDOUT [SysIntelligence] Disk cache updated
[2026-07-08T08:29:24.831Z] STDOUT [SysIntelligence] phase=timeout source=processes limit=6000ms
[2026-07-08T08:29:26.030Z] STDOUT [SysIntelligence] phase=timeout source=fsSize limit=8000ms
[2026-07-08T08:29:26.030Z] STDOUT [SysIntelligence] phase=timeout source=netIf limit=8000ms
[2026-07-08T08:29:26.030Z] STDOUT [SysIntelligence] phase=timeout source=osInfo limit=8000ms
[2026-07-08T08:29:26.030Z] STDOUT [SysIntelligence] phase=timeout source=audio limit=8000ms
[2026-07-08T08:29:27.003Z] STDOUT [SysIntelligence] phase=timeout source=memLayout limit=10000ms
[2026-07-08T08:29:27.004Z] STDOUT [SysIntelligence] phase=timeout source=diskLayout limit=10000ms
[2026-07-08T08:29:28.461Z] STDOUT [SysIntelligence] phase=timeout source=baseboard limit=12000ms
[2026-07-08T08:29:28.461Z] STDOUT [SysIntelligence] phase=timeout source=bios limit=12000ms
[2026-07-08T08:29:28.833Z] STDOUT [SysIntelligence] phase=timeout source=platformPS limit=10000ms
[2026-07-08T08:29:30.187Z] STDOUT [SysIntelligence] phase=timeout source=graphics limit=8000ms
[2026-07-08T08:29:30.190Z] STDOUT [SysIntelligence] phase=timeout source=monitorEDID limit=8000ms
