[2026-06-18T00:07:30.286Z] HEALTH attempt=1 elapsed=0ms ERR ECONNREFUSED connect ECONNREFUSED 127.0.0.1:56250
[2026-06-18T00:07:30.341Z] HEALTH attempt=2 elapsed=57ms ERR ECONNREFUSED connect ECONNREFUSED 127.0.0.1:56250
[2026-06-18T00:07:30.392Z] HEALTH attempt=3 elapsed=109ms ERR ECONNREFUSED connect ECONNREFUSED 127.0.0.1:56250
[2026-06-18T00:07:30.426Z] STDOUT [DesktopSecrets] ELECTRON_BACKEND mode — bootstrapping secrets
[2026-06-18T00:07:30.427Z] STDOUT [DesktopSecrets] Secrets file path: C:\Users\SwitchTech\AppData\Roaming\SwitchControl\desktop-secrets.json
[2026-06-18T00:07:30.427Z] STDOUT [DesktopSecrets] Loaded persisted secrets from: C:\Users\SwitchTech\AppData\Roaming\SwitchControl\desktop-secrets.json
[2026-06-18T00:07:30.427Z] STDOUT [DesktopSecrets] JWT_SECRET: loaded from persisted file
[2026-06-18T00:07:30.427Z] STDOUT [DesktopSecrets] SESSION_SECRET: loaded from persisted file
[2026-06-18T00:07:30.428Z] STDOUT [DesktopSecrets] Bootstrap complete — JWT_SECRET and SESSION_SECRET are set
[2026-06-18T00:07:30.444Z] HEALTH attempt=4 elapsed=160ms ERR ECONNREFUSED connect ECONNREFUSED 127.0.0.1:56250
[2026-06-18T00:07:30.501Z] HEALTH attempt=5 elapsed=217ms ERR ECONNREFUSED connect ECONNREFUSED 127.0.0.1:56250
[2026-06-18T00:07:31.776Z] STDOUT [DB] Electron offline mode — no DATABASE_URL present, using in-memory mock storage.
[2026-06-18T00:07:31.777Z] STDOUT [Stripe] Billing not configured on local backend — expected in Electron mode.
[2026-06-18T00:07:31.777Z] STDOUT [FocusMode] Skipping DB init — running without database (Electron offline / dev no-DB mode).
[2026-06-18T00:07:31.777Z] STDOUT [JWT] ===== SELF-TEST START =====
[2026-06-18T00:07:31.778Z] STDOUT [JWT] config OK — JWT secret configured (secretFp=4a3eaa61)
[2026-06-18T00:07:31.778Z] STDOUT [JWT] signed — userId=self-test-user-000 secretFp=4a3eaa61 tokenFp=eyJhbGci.eyJzdWIi
[2026-06-18T00:07:31.778Z] STDOUT [JWT] PASS: valid token → sub=self-test-user-000 exp=1784333251
[2026-06-18T00:07:31.779Z] STDOUT [JWT] PASS: invalid token → null (rejected)
[2026-06-18T00:07:31.779Z] STDOUT [JWT] PASS: expired token → null (rejected)
[2026-06-18T00:07:31.779Z] STDOUT [JWT] PASS: empty token → null (fallback to cookie path)
[2026-06-18T00:07:31.779Z] STDOUT [JWT] PASS: alg=none token → null (rejected)
[2026-06-18T00:07:31.780Z] STDOUT [JWT] PASS: wrong issuer token → null (rejected)
[2026-06-18T00:07:31.780Z] STDOUT [JWT] ===== SELF-TEST END =====
[2026-06-18T00:07:31.780Z] STDOUT [AUTH] Google OAuth not configured on local backend — expected in Electron mode (auth handled by cloud server).
[2026-06-18T00:07:31.781Z] STDOUT [AUTH] Using memory session store (NO-DB / Electron desktop mode)
[2026-06-18T00:07:31.781Z] STDOUT [AUTH] ===== SESSION COOKIE CONFIG =====
[2026-06-18T00:07:31.781Z] STDOUT [AUTH] production: true
[2026-06-18T00:07:31.782Z] STDOUT [AUTH] electronBackend: true
[2026-06-18T00:07:31.782Z] STDOUT [AUTH] cookie: {"httpOnly":true,"secure":false,"sameSite":"lax","maxAge":604800000,"path":"/"}
[2026-06-18T00:07:31.782Z] STDOUT [AUTH] ================================
[2026-06-18T00:07:31.782Z] STDOUT [AUTH] Discord OAuth not configured on local backend — expected in Electron mode (auth handled by cloud server).
[2026-06-18T00:07:31.782Z] STDOUT [WS] Live telemetry WebSocket server ready at /ws/telemetry (auth required)
[2026-06-18T00:07:31.783Z] STDOUT 12:07:31 PM [express] serving on 127.0.0.1:56250
[2026-06-18T00:07:31.798Z] Health check PASSED — attempt 6, 1514ms elapsed, body={"status":"ok","version":"1.1.2","uptime":1,"dbReachable":false,"timestamp":1781741251795}
[2026-06-18T00:07:34.332Z] STDOUT [SysIntelligence] phase=full start — deep collection
[2026-06-18T00:07:38.688Z] STDERR [SysIntelligence] phase=timeout source=battery limit=2000ms
[2026-06-18T00:07:38.689Z] STDERR [SysIntelligence] phase=timeout source=users limit=2000ms
[2026-06-18T00:07:38.689Z] STDERR [SysIntelligence] phase=timeout source=baseboard limit=3000ms
[2026-06-18T00:07:38.689Z] STDERR [SysIntelligence] phase=timeout source=bios limit=3000ms
[2026-06-18T00:07:38.689Z] STDERR [SysIntelligence] phase=timeout source=graphics limit=3000ms
[2026-06-18T00:07:38.689Z] STDERR [SysIntelligence] phase=timeout source=osInfo limit=3000ms
[2026-06-18T00:07:38.690Z] STDERR [SysIntelligence] phase=timeout source=platformPS limit=3000ms
[2026-06-18T00:07:38.690Z] STDERR [SysIntelligence] phase=timeout source=monitorEDID limit=3000ms
[2026-06-18T00:07:38.690Z] STDERR [SysIntelligence] phase=timeout source=memLayout limit=4000ms
[2026-06-18T00:07:38.690Z] STDERR [SysIntelligence] phase=timeout source=diskLayout limit=4000ms
[2026-06-18T00:07:38.691Z] STDERR [SysIntelligence] phase=timeout source=fsSize limit=4000ms
[2026-06-18T00:07:38.691Z] STDERR [SysIntelligence] phase=timeout source=netIf limit=4000ms
[2026-06-18T00:07:38.691Z] STDERR [SysIntelligence] phase=timeout source=netConn limit=4000ms
[2026-06-18T00:07:38.691Z] STDERR [SysIntelligence] phase=timeout source=processes limit=4000ms
[2026-06-18T00:07:39.334Z] STDERR [SysIntelligence] phase=timeout source=cpu limit=5000ms
[2026-06-18T00:07:41.408Z] STDOUT [SysIntelligence] phase=full complete in 7075ms | MB=null | BIOS=null | CPU=null | GPUs=0 | RAMsticks=2
[2026-06-18T00:07:41.409Z] STDOUT [SysIntelligence] Disk cache updated
[2026-06-18T00:08:15.061Z] STDOUT [AppBooster] GET /games userId=64f0e669-6db6-42e7-a68a-681f9f5db567 — catalog: 16, installed: 0
[2026-06-18T00:08:20.259Z] STDOUT [AppBooster] POST /games/scan userId=64f0e669-6db6-42e7-a68a-681f9f5db567 — 16 result(s), 1 detected
[2026-06-18T00:08:20.262Z] STDOUT [AppBooster] GET /games userId=64f0e669-6db6-42e7-a68a-681f9f5db567 — catalog: 16, installed: 1
