[2026-07-08T05:03:48.215Z] HEALTH attempt=1 elapsed=0ms ERR ECONNREFUSED connect ECONNREFUSED 127.0.0.1:49558
[2026-07-08T05:03:48.266Z] HEALTH attempt=2 elapsed=53ms ERR ECONNREFUSED connect ECONNREFUSED 127.0.0.1:49558
[2026-07-08T05:03:48.289Z] STDOUT [DesktopSecrets] ELECTRON_BACKEND mode — bootstrapping secrets
[2026-07-08T05:03:48.289Z] STDOUT [DesktopSecrets] Secrets file path: C:\Users\SwitchTech\AppData\Roaming\SwitchControl\desktop-secrets.json
[2026-07-08T05:03:48.289Z] STDOUT [DesktopSecrets] Loaded persisted secrets from: C:\Users\SwitchTech\AppData\Roaming\SwitchControl\desktop-secrets.json
[2026-07-08T05:03:48.289Z] STDOUT [DesktopSecrets] JWT_SECRET: loaded from persisted file
[2026-07-08T05:03:48.289Z] STDOUT [DesktopSecrets] SESSION_SECRET: loaded from persisted file
[2026-07-08T05:03:48.290Z] STDOUT [DesktopSecrets] Bootstrap complete — JWT_SECRET and SESSION_SECRET are set
[2026-07-08T05:03:48.316Z] HEALTH attempt=3 elapsed=104ms ERR ECONNREFUSED connect ECONNREFUSED 127.0.0.1:49558
[2026-07-08T05:03:48.338Z] STDOUT [DB] Electron offline mode — no DATABASE_URL present, using in-memory mock storage.
[2026-07-08T05:03:48.345Z] STDOUT [Stripe] Billing not configured on local backend — expected in Electron mode.
[2026-07-08T05:03:48.432Z] STDOUT [JWT] ===== SELF-TEST START =====
[2026-07-08T05:03:48.432Z] STDOUT [JWT] config OK — JWT secret configured (secretFp=4b4adc0e)
[2026-07-08T05:03:48.432Z] STDOUT [JWT] signed — userId=self-test-user-000 secretFp=4b4adc0e tokenFp=eyJhbGci.eyJzdWIi
[2026-07-08T05:03:48.432Z] STDOUT [JWT] PASS: valid token → sub=self-test-user-000 exp=1786079028
[2026-07-08T05:03:48.432Z] STDOUT [JWT] PASS: invalid token → null (rejected)
[2026-07-08T05:03:48.432Z] STDOUT [JWT] PASS: expired token → null (rejected)
[2026-07-08T05:03:48.432Z] STDOUT [JWT] PASS: empty token → null (fallback to cookie path)
[2026-07-08T05:03:48.433Z] STDOUT [JWT] PASS: alg=none token → null (rejected)
[2026-07-08T05:03:48.433Z] STDOUT [JWT] PASS: wrong issuer token → null (rejected)
[2026-07-08T05:03:48.433Z] STDOUT [JWT] ===== SELF-TEST END =====
[2026-07-08T05:03:48.433Z] STDOUT [AUTH] Google OAuth not configured on local backend — expected in Electron mode (auth handled by cloud server).
[2026-07-08T05:03:48.433Z] STDOUT [AUTH] Using memory session store (NO-DB / Electron desktop mode)
[2026-07-08T05:03:48.433Z] STDOUT [AUTH] ===== SESSION COOKIE CONFIG =====
[2026-07-08T05:03:48.433Z] STDOUT [AUTH] production: true
[2026-07-08T05:03:48.434Z] STDOUT [AUTH] electronBackend: true
[2026-07-08T05:03:48.434Z] STDOUT [AUTH] cookie: {"httpOnly":true,"secure":false,"sameSite":"lax","maxAge":604800000,"path":"/"}
[2026-07-08T05:03:48.434Z] STDOUT [AUTH] ================================
[2026-07-08T05:03:48.434Z] STDOUT [AUTH] Discord OAuth not configured on local backend — expected in Electron mode (auth handled by cloud server).
[2026-07-08T05:03:48.434Z] STDOUT [WS] Live telemetry WebSocket server ready at /ws/telemetry (auth required)
[2026-07-08T05:03:48.435Z] STDOUT 5:03:48 PM [express] serving on 127.0.0.1:49558
[2026-07-08T05:03:48.442Z] Health check PASSED — attempt 4, 230ms elapsed, body={"status":"ok","version":"1.2.0","uptime":0,"dbReachable":false,"timestamp":1783487028440}
[2026-07-08T05:03:51.504Z] STDOUT [SysIntelligence] phase=A start — identity collection (sequential, WMI-safe)
[2026-07-08T05:03:53.176Z] STDERR [HTTP] [6c0f4932-928c-406c-bd54-313be1a76819] GET /api/tweak-intelligence/system-state 503 1ms
[2026-07-08T05:03:53.176Z] STDERR [HTTP] [d29eb19d-4fb0-48ec-8c08-1d9cf6168443] GET /api/tweak-intelligence/rankings 503 0ms
[2026-07-08T05:03:54.202Z] STDOUT [SysIntelligence] phase=A complete in 2698ms | CPU=Ryzen 7 9800X3D 8-Core Processor | GPU=AMD Radeon RX 7800 XT | RAM=32372MB | probes: mem+cpu+graphics (baseboard/bios skipped)
[2026-07-08T05:03:54.505Z] STDOUT [SysIntelligence] phase=timeout source=A.mem limit=3000ms
[2026-07-08T05:04:00.005Z] STDOUT [SysIntelligence] phase=timeout source=graphics limit=6000ms
[2026-07-08T05:04:01.242Z] STDOUT [SysIntelligence] phase=timeout source=cpu limit=9000ms
[2026-07-08T05:04:08.394Z] STDOUT [SysIntelligence] Background deep collection triggered
[2026-07-08T05:04:08.395Z] STDOUT [SysIntelligence] phase=full start — deep collection
[2026-07-08T05:04:14.293Z] STDOUT [SysIntelligence] cpu WMI timeout — os.cpus() fallback: AMD Ryzen 7 9800X3D 8-Core Processor
[2026-07-08T05:04:14.477Z] STDOUT [SysIntelligence] phase=full complete in 6083ms | MB=X870E AORUS PRO ICE | BIOS=F12a | CPU=AMD Ryzen 7 9800X3D 8-Core Processor | GPUs=1 | RAMsticks=2
[2026-07-08T05:04:14.478Z] STDOUT [SysIntelligence] Disk cache updated
[2026-07-08T05:04:16.722Z] STDOUT [SysIntelligence] phase=timeout source=processes limit=6000ms
[2026-07-08T05:04:17.962Z] STDOUT [SysIntelligence] phase=timeout source=fsSize limit=8000ms
[2026-07-08T05:04:17.962Z] STDOUT [SysIntelligence] phase=timeout source=netIf limit=8000ms
[2026-07-08T05:04:17.962Z] STDOUT [SysIntelligence] phase=timeout source=osInfo limit=8000ms
[2026-07-08T05:04:17.963Z] STDOUT [SysIntelligence] phase=timeout source=audio limit=8000ms
[2026-07-08T05:04:18.934Z] STDOUT [SysIntelligence] phase=timeout source=memLayout limit=10000ms
[2026-07-08T05:04:18.935Z] STDOUT [SysIntelligence] phase=timeout source=diskLayout limit=10000ms
[2026-07-08T05:04:20.396Z] STDOUT [SysIntelligence] phase=timeout source=baseboard limit=12000ms
[2026-07-08T05:04:20.396Z] STDOUT [SysIntelligence] phase=timeout source=bios limit=12000ms
[2026-07-08T05:04:20.724Z] STDOUT [SysIntelligence] phase=timeout source=platformPS limit=10000ms
[2026-07-08T05:04:21.977Z] STDOUT [SysIntelligence] phase=timeout source=graphics limit=8000ms
[2026-07-08T05:04:21.978Z] STDOUT [SysIntelligence] phase=timeout source=monitorEDID limit=8000ms
