[2026-06-17T20:43:12.372Z] HEALTH attempt=1 elapsed=0ms ERR ECONNREFUSED connect ECONNREFUSED 127.0.0.1:64798
[2026-06-17T20:43:12.423Z] HEALTH attempt=2 elapsed=56ms ERR ECONNREFUSED connect ECONNREFUSED 127.0.0.1:64798
[2026-06-17T20:43:12.484Z] HEALTH attempt=3 elapsed=117ms ERR ECONNREFUSED connect ECONNREFUSED 127.0.0.1:64798
[2026-06-17T20:43:12.537Z] HEALTH attempt=4 elapsed=171ms ERR ECONNREFUSED connect ECONNREFUSED 127.0.0.1:64798
[2026-06-17T20:43:12.541Z] STDOUT [DesktopSecrets] ELECTRON_BACKEND mode — bootstrapping secrets
[2026-06-17T20:43:12.541Z] STDOUT [DesktopSecrets] Secrets file path: C:\Users\SwitchTech\AppData\Roaming\SwitchControl\desktop-secrets.json
[2026-06-17T20:43:12.542Z] STDOUT [DesktopSecrets] Loaded persisted secrets from: C:\Users\SwitchTech\AppData\Roaming\SwitchControl\desktop-secrets.json
[2026-06-17T20:43:12.542Z] STDOUT [DesktopSecrets] JWT_SECRET: loaded from persisted file
[2026-06-17T20:43:12.542Z] STDOUT [DesktopSecrets] SESSION_SECRET: loaded from persisted file
[2026-06-17T20:43:12.542Z] STDOUT [DesktopSecrets] Bootstrap complete — JWT_SECRET and SESSION_SECRET are set
[2026-06-17T20:43:12.589Z] HEALTH attempt=5 elapsed=222ms ERR ECONNREFUSED connect ECONNREFUSED 127.0.0.1:64798
[2026-06-17T20:43:12.629Z] STDOUT [DB] Electron offline mode — no DATABASE_URL present, using in-memory mock storage.
[2026-06-17T20:43:12.640Z] HEALTH attempt=6 elapsed=273ms ERR ECONNREFUSED connect ECONNREFUSED 127.0.0.1:64798
[2026-06-17T20:43:12.643Z] STDOUT [Stripe] Billing not configured on local backend — expected in Electron mode.
[2026-06-17T20:43:12.792Z] HEALTH attempt=7 elapsed=425ms ERR ECONNREFUSED connect ECONNREFUSED 127.0.0.1:64798
[2026-06-17T20:43:12.942Z] HEALTH attempt=8 elapsed=576ms ERR ECONNREFUSED connect ECONNREFUSED 127.0.0.1:64798
[2026-06-17T20:43:13.094Z] HEALTH attempt=9 elapsed=727ms ERR ECONNREFUSED connect ECONNREFUSED 127.0.0.1:64798
[2026-06-17T20:43:13.246Z] HEALTH attempt=10 elapsed=879ms ERR ECONNREFUSED connect ECONNREFUSED 127.0.0.1:64798
[2026-06-17T20:43:13.352Z] STDOUT [FocusMode] Skipping DB init — running without database (Electron offline / dev no-DB mode).
[2026-06-17T20:43:13.364Z] STDOUT [JWT] ===== SELF-TEST START =====
[2026-06-17T20:43:13.364Z] STDOUT [JWT] config OK — JWT secret configured (secretFp=2aefc11e)
[2026-06-17T20:43:13.366Z] STDOUT [JWT] signed — userId=self-test-user-000 secretFp=2aefc11e tokenFp=eyJhbGci.eyJzdWIi
[2026-06-17T20:43:13.367Z] STDOUT [JWT] PASS: valid token → sub=self-test-user-000 exp=1784320993
[2026-06-17T20:43:13.367Z] STDOUT [JWT] PASS: invalid token → null (rejected)
[2026-06-17T20:43:13.368Z] STDOUT [JWT] PASS: expired token → null (rejected)
[2026-06-17T20:43:13.368Z] STDOUT [JWT] PASS: empty token → null (fallback to cookie path)
[2026-06-17T20:43:13.369Z] STDOUT [JWT] PASS: alg=none token → null (rejected)
[2026-06-17T20:43:13.369Z] STDOUT [JWT] PASS: wrong issuer token → null (rejected)
[2026-06-17T20:43:13.369Z] STDOUT [JWT] ===== SELF-TEST END =====
[2026-06-17T20:43:13.370Z] STDOUT [AUTH] Google OAuth not configured on local backend — expected in Electron mode (auth handled by cloud server).
[2026-06-17T20:43:13.370Z] STDOUT [AUTH] Using memory session store (NO-DB / Electron desktop mode)
[2026-06-17T20:43:13.370Z] STDOUT [AUTH] ===== SESSION COOKIE CONFIG =====
[2026-06-17T20:43:13.371Z] STDOUT [AUTH] production: true
[2026-06-17T20:43:13.371Z] STDOUT [AUTH] electronBackend: true
[2026-06-17T20:43:13.371Z] STDOUT [AUTH] cookie: {"httpOnly":true,"secure":false,"sameSite":"lax","maxAge":604800000,"path":"/"}
[2026-06-17T20:43:13.371Z] STDOUT [AUTH] ================================
[2026-06-17T20:43:13.372Z] STDOUT [AUTH] Discord OAuth not configured on local backend — expected in Electron mode (auth handled by cloud server).
[2026-06-17T20:43:13.372Z] STDOUT [WS] Live telemetry WebSocket server ready at /ws/telemetry (auth required)
[2026-06-17T20:43:13.471Z] STDOUT 8:43:13 AM [express] serving on 127.0.0.1:64798
[2026-06-17T20:43:13.482Z] Health check PASSED — attempt 11, 1115ms elapsed, body={"status":"ok","version":"1.1.2","uptime":1,"dbReachable":false,"timestamp":1781728993478}
[2026-06-17T20:43:16.838Z] STDOUT [SysIntelligence] phase=full start — deep collection
[2026-06-17T20:43:18.843Z] STDERR [SysIntelligence] phase=timeout source=battery limit=2000ms
[2026-06-17T20:43:18.845Z] STDERR [SysIntelligence] phase=timeout source=users limit=2000ms
[2026-06-17T20:43:19.942Z] STDERR [SysIntelligence] phase=timeout source=baseboard limit=3000ms
[2026-06-17T20:43:20.022Z] STDERR [SysIntelligence] phase=timeout source=bios limit=3000ms
[2026-06-17T20:43:20.023Z] STDERR [SysIntelligence] phase=timeout source=graphics limit=3000ms
[2026-06-17T20:43:20.023Z] STDERR [SysIntelligence] phase=timeout source=osInfo limit=3000ms
[2026-06-17T20:43:20.024Z] STDERR [SysIntelligence] phase=timeout source=platformPS limit=3000ms
[2026-06-17T20:43:20.024Z] STDERR [SysIntelligence] phase=timeout source=monitorEDID limit=3000ms
[2026-06-17T20:43:20.840Z] STDERR [SysIntelligence] phase=timeout source=memLayout limit=4000ms
[2026-06-17T20:43:20.841Z] STDERR [SysIntelligence] phase=timeout source=diskLayout limit=4000ms
[2026-06-17T20:43:20.841Z] STDERR [SysIntelligence] phase=timeout source=fsSize limit=4000ms
[2026-06-17T20:43:20.841Z] STDERR [SysIntelligence] phase=timeout source=netIf limit=4000ms
[2026-06-17T20:43:20.842Z] STDERR [SysIntelligence] phase=timeout source=netConn limit=4000ms
[2026-06-17T20:43:20.842Z] STDERR [SysIntelligence] phase=timeout source=processes limit=4000ms
[2026-06-17T20:43:21.840Z] STDERR [SysIntelligence] phase=timeout source=cpu limit=5000ms
[2026-06-17T20:43:23.334Z] STDOUT [SysIntelligence] phase=full complete in 6495ms | MB=null | BIOS=null | CPU=null | GPUs=0 | RAMsticks=0
[2026-06-17T20:43:23.335Z] STDOUT [SysIntelligence] Disk cache updated
[2026-06-17T20:45:54.748Z] STDOUT [AppBooster] GET /games userId=25130b58-5be4-4423-98f1-5f53cddea905 — catalog: 16, installed: 0
[2026-06-17T20:45:58.683Z] STDOUT [AppBooster] POST /games/scan userId=25130b58-5be4-4423-98f1-5f53cddea905 — 16 result(s), 1 detected
[2026-06-17T20:45:58.685Z] STDOUT [AppBooster] GET /games userId=25130b58-5be4-4423-98f1-5f53cddea905 — catalog: 16, installed: 1
[2026-06-17T20:46:01.427Z] STDOUT [AppBooster] GET /games userId=25130b58-5be4-4423-98f1-5f53cddea905 — catalog: 16, installed: 1
[2026-06-17T20:46:05.497Z] STDOUT [AppBooster] POST /games/scan userId=25130b58-5be4-4423-98f1-5f53cddea905 — 16 result(s), 1 detected
[2026-06-17T20:46:05.500Z] STDOUT [AppBooster] GET /games userId=25130b58-5be4-4423-98f1-5f53cddea905 — catalog: 16, installed: 1
[2026-06-17T20:46:16.634Z] STDOUT [AppBooster] GET /games userId=25130b58-5be4-4423-98f1-5f53cddea905 — catalog: 16, installed: 1
[2026-06-17T20:46:21.920Z] STDOUT [AppBooster] memStates.set(25130b58-5be4-4423-98f1-5f53cddea905:fortnite, status=applied, op=apply)
[2026-06-17T20:46:21.927Z] STDOUT [AppBooster] GET /games userId=25130b58-5be4-4423-98f1-5f53cddea905 — catalog: 16, installed: 1
[2026-06-17T20:46:23.546Z] STDOUT [AppBooster] POST /games/scan userId=25130b58-5be4-4423-98f1-5f53cddea905 — 16 result(s), 1 detected
[2026-06-17T20:46:23.553Z] STDOUT [AppBooster] GET /games userId=25130b58-5be4-4423-98f1-5f53cddea905 — catalog: 16, installed: 1
[2026-06-17T20:46:35.520Z] STDOUT [AppBooster] memStates.set(25130b58-5be4-4423-98f1-5f53cddea905:fortnite, status=applied, op=apply)
[2026-06-17T20:46:35.526Z] STDOUT [AppBooster] GET /games userId=25130b58-5be4-4423-98f1-5f53cddea905 — catalog: 16, installed: 1
[2026-06-17T20:47:31.626Z] STDOUT [AppBooster] memStates.set(25130b58-5be4-4423-98f1-5f53cddea905:fortnite, status=reverted, op=revert)
[2026-06-17T20:47:31.634Z] STDOUT [AppBooster] GET /games userId=25130b58-5be4-4423-98f1-5f53cddea905 — catalog: 16, installed: 1
[2026-06-17T20:51:46.695Z] STDOUT [AppBooster] GET /games userId=25130b58-5be4-4423-98f1-5f53cddea905 — catalog: 16, installed: 1
[2026-06-17T20:51:51.686Z] STDOUT [AppBooster] POST /games/scan userId=25130b58-5be4-4423-98f1-5f53cddea905 — 16 result(s), 1 detected
[2026-06-17T20:51:51.690Z] STDOUT [AppBooster] GET /games userId=25130b58-5be4-4423-98f1-5f53cddea905 — catalog: 16, installed: 1
