[2026-06-18T06:51:33.449Z] HEALTH attempt=1 elapsed=0ms ERR ECONNREFUSED connect ECONNREFUSED 127.0.0.1:52978
[2026-06-18T06:51:33.501Z] HEALTH attempt=2 elapsed=55ms ERR ECONNREFUSED connect ECONNREFUSED 127.0.0.1:52978
[2026-06-18T06:51:33.556Z] HEALTH attempt=3 elapsed=110ms ERR ECONNREFUSED connect ECONNREFUSED 127.0.0.1:52978
[2026-06-18T06:51:33.596Z] STDOUT [DesktopSecrets] ELECTRON_BACKEND mode — bootstrapping secrets
[2026-06-18T06:51:33.597Z] STDOUT [DesktopSecrets] Secrets file path: C:\Users\SwitchTech\AppData\Roaming\SwitchControl\desktop-secrets.json
[2026-06-18T06:51:33.597Z] STDOUT [DesktopSecrets] Loaded persisted secrets from: C:\Users\SwitchTech\AppData\Roaming\SwitchControl\desktop-secrets.json
[2026-06-18T06:51:33.597Z] STDOUT [DesktopSecrets] JWT_SECRET: loaded from persisted file
[2026-06-18T06:51:33.597Z] STDOUT [DesktopSecrets] SESSION_SECRET: loaded from persisted file
[2026-06-18T06:51:33.597Z] STDOUT [DesktopSecrets] Bootstrap complete — JWT_SECRET and SESSION_SECRET are set
[2026-06-18T06:51:33.609Z] HEALTH attempt=4 elapsed=163ms ERR ECONNREFUSED connect ECONNREFUSED 127.0.0.1:52978
[2026-06-18T06:51:33.663Z] HEALTH attempt=5 elapsed=217ms ERR ECONNREFUSED connect ECONNREFUSED 127.0.0.1:52978
[2026-06-18T06:51:33.685Z] STDOUT [DB] Electron offline mode — no DATABASE_URL present, using in-memory mock storage.
[2026-06-18T06:51:33.697Z] STDOUT [Stripe] Billing not configured on local backend — expected in Electron mode.
[2026-06-18T06:51:34.765Z] STDOUT [FocusMode] Skipping DB init — running without database (Electron offline / dev no-DB mode).
[2026-06-18T06:51:34.765Z] STDOUT [JWT] ===== SELF-TEST START =====
[2026-06-18T06:51:34.765Z] STDOUT [JWT] config OK — JWT secret configured (secretFp=4a3eaa61)
[2026-06-18T06:51:34.765Z] STDOUT [JWT] signed — userId=self-test-user-000 secretFp=4a3eaa61 tokenFp=eyJhbGci.eyJzdWIi
[2026-06-18T06:51:34.766Z] STDOUT [JWT] PASS: valid token → sub=self-test-user-000 exp=1784357494
[2026-06-18T06:51:34.766Z] STDOUT [JWT] PASS: invalid token → null (rejected)
[2026-06-18T06:51:34.766Z] STDOUT [JWT] PASS: expired token → null (rejected)
[2026-06-18T06:51:34.766Z] STDOUT [JWT] PASS: empty token → null (fallback to cookie path)
[2026-06-18T06:51:34.767Z] STDOUT [JWT] PASS: alg=none token → null (rejected)
[2026-06-18T06:51:34.767Z] STDOUT [JWT] PASS: wrong issuer token → null (rejected)
[2026-06-18T06:51:34.767Z] STDOUT [JWT] ===== SELF-TEST END =====
[2026-06-18T06:51:34.767Z] STDOUT [AUTH] Google OAuth not configured on local backend — expected in Electron mode (auth handled by cloud server).
[2026-06-18T06:51:34.768Z] STDOUT [AUTH] Using memory session store (NO-DB / Electron desktop mode)
[2026-06-18T06:51:34.768Z] STDOUT [AUTH] ===== SESSION COOKIE CONFIG =====
[2026-06-18T06:51:34.768Z] STDOUT [AUTH] production: true
[2026-06-18T06:51:34.768Z] STDOUT [AUTH] electronBackend: true
[2026-06-18T06:51:34.768Z] STDOUT [AUTH] cookie: {"httpOnly":true,"secure":false,"sameSite":"lax","maxAge":604800000,"path":"/"}
[2026-06-18T06:51:34.769Z] STDOUT [AUTH] ================================
[2026-06-18T06:51:34.769Z] STDOUT [AUTH] Discord OAuth not configured on local backend — expected in Electron mode (auth handled by cloud server).
[2026-06-18T06:51:34.769Z] STDOUT [WS] Live telemetry WebSocket server ready at /ws/telemetry (auth required)
[2026-06-18T06:51:34.769Z] STDOUT 6:51:34 PM [express] serving on 127.0.0.1:52978
[2026-06-18T06:51:34.780Z] Health check PASSED — attempt 6, 1335ms elapsed, body={"status":"ok","version":"1.1.2","uptime":1,"dbReachable":false,"timestamp":1781765494775}
[2026-06-18T06:51:39.673Z] STDOUT [SysIntelligence] phase=full start — deep collection
[2026-06-18T06:51:41.785Z] STDERR [SysIntelligence] phase=timeout source=battery limit=2000ms
[2026-06-18T06:51:41.785Z] STDERR [SysIntelligence] probe=battery timeout #1 — setting 12min cooldown
[2026-06-18T06:51:41.786Z] STDERR [SysIntelligence] phase=timeout source=users limit=2000ms
[2026-06-18T06:51:41.786Z] STDERR [SysIntelligence] probe=users timeout #1 — setting 12min cooldown
[2026-06-18T06:51:42.676Z] STDERR [SysIntelligence] phase=timeout source=baseboard limit=3000ms
[2026-06-18T06:51:42.677Z] STDERR [SysIntelligence] probe=baseboard timeout #1 — setting 12min cooldown
[2026-06-18T06:51:42.677Z] STDERR [SysIntelligence] phase=timeout source=bios limit=3000ms
[2026-06-18T06:51:42.677Z] STDERR [SysIntelligence] probe=bios timeout #1 — setting 12min cooldown
[2026-06-18T06:51:42.678Z] STDERR [SysIntelligence] phase=timeout source=graphics limit=3000ms
[2026-06-18T06:51:42.678Z] STDERR [SysIntelligence] probe=graphics timeout #1 — setting 12min cooldown
[2026-06-18T06:51:42.678Z] STDERR [SysIntelligence] phase=timeout source=osInfo limit=3000ms
[2026-06-18T06:51:42.679Z] STDERR [SysIntelligence] probe=osInfo timeout #1 — setting 12min cooldown
[2026-06-18T06:51:42.679Z] STDERR [SysIntelligence] phase=timeout source=platformPS limit=3000ms
[2026-06-18T06:51:42.679Z] STDERR [SysIntelligence] probe=platformPS timeout #1 — setting 12min cooldown
[2026-06-18T06:51:42.682Z] STDERR [SysIntelligence] phase=timeout source=monitorEDID limit=3000ms
[2026-06-18T06:51:43.676Z] STDERR [SysIntelligence] phase=timeout source=memLayout limit=4000ms
[2026-06-18T06:51:43.677Z] STDERR [SysIntelligence] probe=memLayout timeout #1 — setting 12min cooldown
[2026-06-18T06:51:43.677Z] STDERR [SysIntelligence] phase=timeout source=diskLayout limit=4000ms
[2026-06-18T06:51:43.677Z] STDERR [SysIntelligence] probe=diskLayout timeout #1 — setting 12min cooldown
[2026-06-18T06:51:43.678Z] STDERR [SysIntelligence] phase=timeout source=fsSize limit=4000ms
[2026-06-18T06:51:43.678Z] STDERR [SysIntelligence] probe=fsSize timeout #1 — setting 12min cooldown
[2026-06-18T06:51:43.678Z] STDERR [SysIntelligence] phase=timeout source=netIf limit=4000ms
[2026-06-18T06:51:43.679Z] STDERR [SysIntelligence] probe=netIf timeout #1 — setting 12min cooldown
[2026-06-18T06:51:43.679Z] STDERR [SysIntelligence] phase=timeout source=netConn limit=4000ms
[2026-06-18T06:51:43.679Z] STDERR [SysIntelligence] phase=timeout source=processes limit=4000ms
[2026-06-18T06:51:43.680Z] STDERR [SysIntelligence] probe=processes timeout #1 — setting 12min cooldown
[2026-06-18T06:51:44.677Z] STDERR [SysIntelligence] phase=timeout source=cpu limit=5000ms
[2026-06-18T06:51:44.677Z] STDERR [SysIntelligence] probe=cpu timeout #1 — setting 12min cooldown
[2026-06-18T06:51:46.203Z] STDOUT [SysIntelligence] phase=full complete in 6530ms | MB=null | BIOS=null | CPU=null | GPUs=0 | RAMsticks=0
[2026-06-18T06:51:46.203Z] STDERR [SysIntelligence] phase=full returned all-null — skipping disk cache write to preserve previous good data
