[2026-07-08T21:00:00.054Z] HEALTH attempt=1 elapsed=0ms ERR ECONNREFUSED connect ECONNREFUSED 127.0.0.1:51860
[2026-07-08T21:00:00.106Z] HEALTH attempt=2 elapsed=54ms ERR ECONNREFUSED connect ECONNREFUSED 127.0.0.1:51860
[2026-07-08T21:00:00.124Z] STDOUT [DesktopSecrets] ELECTRON_BACKEND mode — bootstrapping secrets
[2026-07-08T21:00:00.125Z] STDOUT [DesktopSecrets] Secrets file path: C:\Users\SwitchTech\AppData\Roaming\SwitchControl\desktop-secrets.json
[2026-07-08T21:00:00.125Z] STDOUT [DesktopSecrets] Loaded persisted secrets from: C:\Users\SwitchTech\AppData\Roaming\SwitchControl\desktop-secrets.json
[2026-07-08T21:00:00.125Z] STDOUT [DesktopSecrets] JWT_SECRET: loaded from persisted file
[2026-07-08T21:00:00.125Z] STDOUT [DesktopSecrets] SESSION_SECRET: loaded from persisted file
[2026-07-08T21:00:00.125Z] STDOUT [DesktopSecrets] Bootstrap complete — JWT_SECRET and SESSION_SECRET are set
[2026-07-08T21:00:00.156Z] HEALTH attempt=3 elapsed=105ms ERR ECONNREFUSED connect ECONNREFUSED 127.0.0.1:51860
[2026-07-08T21:00:00.167Z] STDOUT [DB] Electron offline mode — no DATABASE_URL present, using in-memory mock storage.
[2026-07-08T21:00:00.175Z] STDOUT [Stripe] Billing not configured on local backend — expected in Electron mode.
[2026-07-08T21:00:00.274Z] STDOUT [JWT] ===== SELF-TEST START =====
[2026-07-08T21:00:00.274Z] STDOUT [JWT] config OK — JWT secret configured (secretFp=4b4adc0e)
[2026-07-08T21:00:00.275Z] STDOUT [JWT] signed — userId=self-test-user-000 secretFp=4b4adc0e tokenFp=eyJhbGci.eyJzdWIi
[2026-07-08T21:00:00.275Z] STDOUT [JWT] PASS: valid token → sub=self-test-user-000 exp=1786136400
[2026-07-08T21:00:00.275Z] STDOUT [JWT] PASS: invalid token → null (rejected)
[2026-07-08T21:00:00.275Z] STDOUT [JWT] PASS: expired token → null (rejected)
[2026-07-08T21:00:00.275Z] STDOUT [JWT] PASS: empty token → null (fallback to cookie path)
[2026-07-08T21:00:00.276Z] STDOUT [JWT] PASS: alg=none token → null (rejected)
[2026-07-08T21:00:00.276Z] STDOUT [JWT] PASS: wrong issuer token → null (rejected)
[2026-07-08T21:00:00.276Z] STDOUT [JWT] ===== SELF-TEST END =====
[2026-07-08T21:00:00.276Z] STDOUT [AUTH] Google OAuth not configured on local backend — expected in Electron mode (auth handled by cloud server).
[2026-07-08T21:00:00.276Z] STDOUT [AUTH] Using memory session store (NO-DB / Electron desktop mode)
[2026-07-08T21:00:00.276Z] STDOUT [AUTH] ===== SESSION COOKIE CONFIG =====
[2026-07-08T21:00:00.276Z] STDOUT [AUTH] production: true
[2026-07-08T21:00:00.277Z] STDOUT [AUTH] electronBackend: true
[2026-07-08T21:00:00.277Z] STDOUT [AUTH] cookie: {"httpOnly":true,"secure":false,"sameSite":"lax","maxAge":604800000,"path":"/"}
[2026-07-08T21:00:00.277Z] STDOUT [AUTH] ================================
[2026-07-08T21:00:00.277Z] STDOUT [AUTH] Discord OAuth not configured on local backend — expected in Electron mode (auth handled by cloud server).
[2026-07-08T21:00:00.277Z] STDOUT [WS] Live telemetry WebSocket server ready at /ws/telemetry (auth required)
[2026-07-08T21:00:00.277Z] STDOUT 9:00:00 AM [express] serving on 127.0.0.1:51860
[2026-07-08T21:00:00.286Z] Health check PASSED — attempt 4, 235ms elapsed, body={"status":"ok","version":"1.2.1","uptime":0,"dbReachable":false,"timestamp":1783544400283}
[2026-07-08T21:00:03.323Z] STDOUT [SysIntelligence] phase=A start — identity collection (sequential, WMI-safe)
[2026-07-08T21:00:05.992Z] STDOUT [SysIntelligence] phase=A complete in 2669ms | CPU=Ryzen 7 9800X3D 8-Core Processor | GPU=AMD Radeon RX 7800 XT | RAM=32372MB | probes: mem+cpu+graphics (baseboard/bios skipped)
[2026-07-08T21:00:06.324Z] STDOUT [SysIntelligence] phase=timeout source=A.mem limit=3000ms
[2026-07-08T21:00:11.811Z] STDOUT [SysIntelligence] phase=timeout source=graphics limit=6000ms
[2026-07-08T21:00:13.058Z] STDOUT [SysIntelligence] phase=timeout source=cpu limit=9000ms
[2026-07-08T21:00:20.222Z] STDOUT [SysIntelligence] Background deep collection triggered
[2026-07-08T21:00:20.223Z] STDOUT [SysIntelligence] phase=full start — deep collection
[2026-07-08T21:00:25.891Z] STDOUT [SysIntelligence] cpu WMI timeout — os.cpus() fallback: AMD Ryzen 7 9800X3D 8-Core Processor
[2026-07-08T21:00:26.068Z] STDOUT [SysIntelligence] phase=full complete in 5845ms | MB=X870E AORUS PRO ICE | BIOS=F12a | CPU=AMD Ryzen 7 9800X3D 8-Core Processor | GPUs=1 | RAMsticks=2
[2026-07-08T21:00:26.069Z] STDOUT [SysIntelligence] Disk cache updated
[2026-07-08T21:00:28.491Z] STDOUT [SysIntelligence] phase=timeout source=processes limit=6000ms
[2026-07-08T21:00:29.743Z] STDOUT [SysIntelligence] phase=timeout source=fsSize limit=8000ms
[2026-07-08T21:00:29.743Z] STDOUT [SysIntelligence] phase=timeout source=netIf limit=8000ms
[2026-07-08T21:00:29.743Z] STDOUT [SysIntelligence] phase=timeout source=osInfo limit=8000ms
[2026-07-08T21:00:29.743Z] STDOUT [SysIntelligence] phase=timeout source=audio limit=8000ms
[2026-07-08T21:00:30.750Z] STDOUT [SysIntelligence] phase=timeout source=memLayout limit=10000ms
[2026-07-08T21:00:30.751Z] STDOUT [SysIntelligence] phase=timeout source=diskLayout limit=10000ms
[2026-07-08T21:00:32.224Z] STDOUT [SysIntelligence] phase=timeout source=baseboard limit=12000ms
[2026-07-08T21:00:32.224Z] STDOUT [SysIntelligence] phase=timeout source=bios limit=12000ms
[2026-07-08T21:00:32.494Z] STDOUT [SysIntelligence] phase=timeout source=platformPS limit=10000ms
[2026-07-08T21:00:33.583Z] STDOUT [SysIntelligence] phase=timeout source=graphics limit=8000ms
[2026-07-08T21:00:33.585Z] STDOUT [SysIntelligence] phase=timeout source=monitorEDID limit=8000ms
