[2026-06-18T07:38:06.979Z] HEALTH attempt=1 elapsed=0ms ERR ECONNREFUSED connect ECONNREFUSED 127.0.0.1:55917
[2026-06-18T07:38:07.039Z] HEALTH attempt=2 elapsed=61ms ERR ECONNREFUSED connect ECONNREFUSED 127.0.0.1:55917
[2026-06-18T07:38:07.091Z] HEALTH attempt=3 elapsed=114ms ERR ECONNREFUSED connect ECONNREFUSED 127.0.0.1:55917
[2026-06-18T07:38:07.142Z] HEALTH attempt=4 elapsed=166ms ERR ECONNREFUSED connect ECONNREFUSED 127.0.0.1:55917
[2026-06-18T07:38:07.143Z] STDOUT [DesktopSecrets] ELECTRON_BACKEND mode — bootstrapping secrets
[2026-06-18T07:38:07.144Z] STDOUT [DesktopSecrets] Secrets file path: C:\Users\SwitchTech\AppData\Roaming\SwitchControl\desktop-secrets.json
[2026-06-18T07:38:07.144Z] STDOUT [DesktopSecrets] Loaded persisted secrets from: C:\Users\SwitchTech\AppData\Roaming\SwitchControl\desktop-secrets.json
[2026-06-18T07:38:07.144Z] STDOUT [DesktopSecrets] JWT_SECRET: loaded from persisted file
[2026-06-18T07:38:07.144Z] STDOUT [DesktopSecrets] SESSION_SECRET: loaded from persisted file
[2026-06-18T07:38:07.145Z] STDOUT [DesktopSecrets] Bootstrap complete — JWT_SECRET and SESSION_SECRET are set
[2026-06-18T07:38:08.182Z] STDOUT [DB] Electron offline mode — no DATABASE_URL present, using in-memory mock storage.
[2026-06-18T07:38:08.182Z] STDOUT [Stripe] Billing not configured on local backend — expected in Electron mode.
[2026-06-18T07:38:08.183Z] STDOUT [FocusMode] Skipping DB init — running without database (Electron offline / dev no-DB mode).
[2026-06-18T07:38:08.183Z] STDOUT [JWT] ===== SELF-TEST START =====
[2026-06-18T07:38:08.183Z] STDOUT [JWT] config OK — JWT secret configured (secretFp=4a3eaa61)
[2026-06-18T07:38:08.183Z] STDOUT [JWT] signed — userId=self-test-user-000 secretFp=4a3eaa61 tokenFp=eyJhbGci.eyJzdWIi
[2026-06-18T07:38:08.184Z] STDOUT [JWT] PASS: valid token → sub=self-test-user-000 exp=1784360287
[2026-06-18T07:38:08.184Z] STDOUT [JWT] PASS: invalid token → null (rejected)
[2026-06-18T07:38:08.184Z] STDOUT [JWT] PASS: expired token → null (rejected)
[2026-06-18T07:38:08.184Z] STDOUT [JWT] PASS: empty token → null (fallback to cookie path)
[2026-06-18T07:38:08.184Z] STDOUT [JWT] PASS: alg=none token → null (rejected)
[2026-06-18T07:38:08.185Z] STDOUT [JWT] PASS: wrong issuer token → null (rejected)
[2026-06-18T07:38:08.185Z] STDOUT [JWT] ===== SELF-TEST END =====
[2026-06-18T07:38:08.185Z] STDOUT [AUTH] Google OAuth not configured on local backend — expected in Electron mode (auth handled by cloud server).
[2026-06-18T07:38:08.185Z] STDOUT [AUTH] Using memory session store (NO-DB / Electron desktop mode)
[2026-06-18T07:38:08.186Z] STDOUT [AUTH] ===== SESSION COOKIE CONFIG =====
[2026-06-18T07:38:08.186Z] STDOUT [AUTH] production: true
[2026-06-18T07:38:08.186Z] STDOUT [AUTH] electronBackend: true
[2026-06-18T07:38:08.186Z] STDOUT [AUTH] cookie: {"httpOnly":true,"secure":false,"sameSite":"lax","maxAge":604800000,"path":"/"}
[2026-06-18T07:38:08.187Z] STDOUT [AUTH] ================================
[2026-06-18T07:38:08.187Z] STDOUT [AUTH] Discord OAuth not configured on local backend — expected in Electron mode (auth handled by cloud server).
[2026-06-18T07:38:08.187Z] STDOUT [WS] Live telemetry WebSocket server ready at /ws/telemetry (auth required)
[2026-06-18T07:38:08.187Z] STDOUT 7:38:07 PM [express] serving on 127.0.0.1:55917
[2026-06-18T07:38:08.198Z] Health check PASSED — attempt 5, 1222ms elapsed, body={"status":"ok","version":"1.1.3","uptime":1,"dbReachable":false,"timestamp":1781768288201}
[2026-06-18T07:38:10.847Z] STDOUT [SysIntelligence] phase=full start — deep collection
[2026-06-18T07:38:14.746Z] STDERR [SysIntelligence] phase=timeout source=battery limit=2000ms
[2026-06-18T07:38:14.747Z] STDERR [SysIntelligence] probe=battery timeout #1 — setting 12min cooldown
[2026-06-18T07:38:14.747Z] STDERR [SysIntelligence] phase=timeout source=users limit=2000ms
[2026-06-18T07:38:14.747Z] STDERR [SysIntelligence] probe=users timeout #1 — setting 12min cooldown
[2026-06-18T07:38:14.748Z] STDERR [SysIntelligence] phase=timeout source=baseboard limit=3000ms
[2026-06-18T07:38:14.748Z] STDERR [SysIntelligence] probe=baseboard timeout #1 — setting 12min cooldown
[2026-06-18T07:38:14.748Z] STDERR [SysIntelligence] phase=timeout source=bios limit=3000ms
[2026-06-18T07:38:14.749Z] STDERR [SysIntelligence] probe=bios timeout #1 — setting 12min cooldown
[2026-06-18T07:38:14.749Z] STDERR [SysIntelligence] phase=timeout source=graphics limit=3000ms
[2026-06-18T07:38:14.749Z] STDERR [SysIntelligence] probe=graphics timeout #1 — setting 12min cooldown
[2026-06-18T07:38:14.749Z] STDERR [SysIntelligence] phase=timeout source=osInfo limit=3000ms
[2026-06-18T07:38:14.750Z] STDERR [SysIntelligence] probe=osInfo timeout #1 — setting 12min cooldown
[2026-06-18T07:38:14.750Z] STDERR [SysIntelligence] phase=timeout source=platformPS limit=3000ms
[2026-06-18T07:38:14.750Z] STDERR [SysIntelligence] probe=platformPS timeout #1 — setting 12min cooldown
[2026-06-18T07:38:14.750Z] STDERR [SysIntelligence] phase=timeout source=monitorEDID limit=3000ms
[2026-06-18T07:38:14.751Z] STDERR [SysIntelligence] probe=monitorEDID timeout #1 — setting 12min cooldown
[2026-06-18T07:38:14.849Z] STDERR [SysIntelligence] phase=timeout source=memLayout limit=4000ms
[2026-06-18T07:38:14.850Z] STDERR [SysIntelligence] phase=timeout source=diskLayout limit=4000ms
[2026-06-18T07:38:14.850Z] STDERR [SysIntelligence] probe=diskLayout timeout #1 — setting 12min cooldown
[2026-06-18T07:38:14.851Z] STDERR [SysIntelligence] phase=timeout source=fsSize limit=4000ms
[2026-06-18T07:38:14.851Z] STDERR [SysIntelligence] phase=timeout source=netIf limit=4000ms
[2026-06-18T07:38:14.851Z] STDERR [SysIntelligence] probe=netIf timeout #1 — setting 12min cooldown
[2026-06-18T07:38:14.851Z] STDERR [SysIntelligence] phase=timeout source=netConn limit=4000ms
[2026-06-18T07:38:14.852Z] STDERR [SysIntelligence] phase=timeout source=processes limit=4000ms
[2026-06-18T07:38:15.850Z] STDERR [SysIntelligence] phase=timeout source=cpu limit=5000ms
[2026-06-18T07:38:15.851Z] STDERR [SysIntelligence] probe=cpu timeout #1 — setting 12min cooldown
[2026-06-18T07:38:17.286Z] STDOUT [SysIntelligence] phase=full complete in 6439ms | MB=null | BIOS=null | CPU=null | GPUs=0 | RAMsticks=2
[2026-06-18T07:38:17.288Z] STDOUT [SysIntelligence] Disk cache updated
