[2026-07-08T07:27:22.591Z] HEALTH attempt=1 elapsed=0ms ERR ECONNREFUSED connect ECONNREFUSED 127.0.0.1:63659
[2026-07-08T07:27:22.643Z] HEALTH attempt=2 elapsed=54ms ERR ECONNREFUSED connect ECONNREFUSED 127.0.0.1:63659
[2026-07-08T07:27:22.665Z] STDOUT [DesktopSecrets] ELECTRON_BACKEND mode — bootstrapping secrets
[2026-07-08T07:27:22.666Z] STDOUT [DesktopSecrets] Secrets file path: C:\Users\SwitchTech\AppData\Roaming\SwitchControl\desktop-secrets.json
[2026-07-08T07:27:22.666Z] STDOUT [DesktopSecrets] Loaded persisted secrets from: C:\Users\SwitchTech\AppData\Roaming\SwitchControl\desktop-secrets.json
[2026-07-08T07:27:22.666Z] STDOUT [DesktopSecrets] JWT_SECRET: loaded from persisted file
[2026-07-08T07:27:22.667Z] STDOUT [DesktopSecrets] SESSION_SECRET: loaded from persisted file
[2026-07-08T07:27:22.667Z] STDOUT [DesktopSecrets] Bootstrap complete — JWT_SECRET and SESSION_SECRET are set
[2026-07-08T07:27:22.695Z] HEALTH attempt=3 elapsed=106ms ERR ECONNREFUSED connect ECONNREFUSED 127.0.0.1:63659
[2026-07-08T07:27:22.716Z] STDOUT [DB] Electron offline mode — no DATABASE_URL present, using in-memory mock storage.
[2026-07-08T07:27:22.725Z] STDOUT [Stripe] Billing not configured on local backend — expected in Electron mode.
[2026-07-08T07:27:22.745Z] HEALTH attempt=4 elapsed=157ms ERR ECONNREFUSED connect ECONNREFUSED 127.0.0.1:63659
[2026-07-08T07:27:22.828Z] STDOUT [JWT] ===== SELF-TEST START =====
[2026-07-08T07:27:22.828Z] STDOUT [JWT] config OK — JWT secret configured (secretFp=4b4adc0e)
[2026-07-08T07:27:22.828Z] STDOUT [JWT] signed — userId=self-test-user-000 secretFp=4b4adc0e tokenFp=eyJhbGci.eyJzdWIi
[2026-07-08T07:27:22.828Z] STDOUT [JWT] PASS: valid token → sub=self-test-user-000 exp=1786087642
[2026-07-08T07:27:22.829Z] STDOUT [JWT] PASS: invalid token → null (rejected)
[2026-07-08T07:27:22.829Z] STDOUT [JWT] PASS: expired token → null (rejected)
[2026-07-08T07:27:22.829Z] STDOUT [JWT] PASS: empty token → null (fallback to cookie path)
[2026-07-08T07:27:22.829Z] STDOUT [JWT] PASS: alg=none token → null (rejected)
[2026-07-08T07:27:22.829Z] STDOUT [JWT] PASS: wrong issuer token → null (rejected)
[2026-07-08T07:27:22.829Z] STDOUT [JWT] ===== SELF-TEST END =====
[2026-07-08T07:27:22.829Z] STDOUT [AUTH] Google OAuth not configured on local backend — expected in Electron mode (auth handled by cloud server).
[2026-07-08T07:27:22.830Z] STDOUT [AUTH] Using memory session store (NO-DB / Electron desktop mode)
[2026-07-08T07:27:22.830Z] STDOUT [AUTH] ===== SESSION COOKIE CONFIG =====
[2026-07-08T07:27:22.830Z] STDOUT [AUTH] production: true
[2026-07-08T07:27:22.830Z] STDOUT [AUTH] electronBackend: true
[2026-07-08T07:27:22.830Z] STDOUT [AUTH] cookie: {"httpOnly":true,"secure":false,"sameSite":"lax","maxAge":604800000,"path":"/"}
[2026-07-08T07:27:22.830Z] STDOUT [AUTH] ================================
[2026-07-08T07:27:22.831Z] STDOUT [AUTH] Discord OAuth not configured on local backend — expected in Electron mode (auth handled by cloud server).
[2026-07-08T07:27:22.831Z] STDOUT [WS] Live telemetry WebSocket server ready at /ws/telemetry (auth required)
[2026-07-08T07:27:22.831Z] STDOUT 7:27:22 PM [express] serving on 127.0.0.1:63659
[2026-07-08T07:27:22.842Z] Health check PASSED — attempt 5, 254ms elapsed, body={"status":"ok","version":"1.2.0","uptime":0,"dbReachable":false,"timestamp":1783495642839}
[2026-07-08T07:27:25.901Z] STDOUT [SysIntelligence] phase=A start — identity collection (sequential, WMI-safe)
[2026-07-08T07:27:28.646Z] STDOUT [SysIntelligence] phase=A complete in 2745ms | CPU=Ryzen 7 9800X3D 8-Core Processor | GPU=AMD Radeon RX 7800 XT | RAM=32372MB | probes: mem+cpu+graphics (baseboard/bios skipped)
[2026-07-08T07:27:28.902Z] STDOUT [SysIntelligence] phase=timeout source=A.mem limit=3000ms
[2026-07-08T07:27:34.455Z] STDOUT [SysIntelligence] phase=timeout source=graphics limit=6000ms
[2026-07-08T07:27:35.637Z] STDOUT [SysIntelligence] phase=timeout source=cpu limit=9000ms
[2026-07-08T07:27:42.772Z] STDOUT [SysIntelligence] Background deep collection triggered
[2026-07-08T07:27:42.773Z] STDOUT [SysIntelligence] phase=full start — deep collection
[2026-07-08T07:27:48.846Z] STDOUT [SysIntelligence] cpu WMI timeout — os.cpus() fallback: AMD Ryzen 7 9800X3D 8-Core Processor
[2026-07-08T07:27:49.027Z] STDOUT [SysIntelligence] phase=full complete in 6253ms | MB=X870E AORUS PRO ICE | BIOS=F12a | CPU=AMD Ryzen 7 9800X3D 8-Core Processor | GPUs=1 | RAMsticks=2
[2026-07-08T07:27:49.028Z] STDOUT [SysIntelligence] Disk cache updated
[2026-07-08T07:27:51.161Z] STDOUT [SysIntelligence] phase=timeout source=processes limit=6000ms
[2026-07-08T07:27:52.370Z] STDOUT [SysIntelligence] phase=timeout source=fsSize limit=8000ms
[2026-07-08T07:27:52.370Z] STDOUT [SysIntelligence] phase=timeout source=netIf limit=8000ms
[2026-07-08T07:27:52.370Z] STDOUT [SysIntelligence] phase=timeout source=osInfo limit=8000ms
[2026-07-08T07:27:52.370Z] STDOUT [SysIntelligence] phase=timeout source=audio limit=8000ms
[2026-07-08T07:27:53.324Z] STDOUT [SysIntelligence] phase=timeout source=memLayout limit=10000ms
[2026-07-08T07:27:53.325Z] STDOUT [SysIntelligence] phase=timeout source=diskLayout limit=10000ms
[2026-07-08T07:27:54.773Z] STDOUT [SysIntelligence] phase=timeout source=baseboard limit=12000ms
[2026-07-08T07:27:54.773Z] STDOUT [SysIntelligence] phase=timeout source=bios limit=12000ms
[2026-07-08T07:27:55.163Z] STDOUT [SysIntelligence] phase=timeout source=platformPS limit=10000ms
[2026-07-08T07:27:56.508Z] STDOUT [SysIntelligence] phase=timeout source=graphics limit=8000ms
[2026-07-08T07:27:56.509Z] STDOUT [SysIntelligence] phase=timeout source=monitorEDID limit=8000ms
