[2026-06-20T10:56:18.966Z] HEALTH attempt=1 elapsed=0ms ERR ECONNREFUSED connect ECONNREFUSED 127.0.0.1:50366
[2026-06-20T10:56:19.018Z] HEALTH attempt=2 elapsed=56ms ERR ECONNREFUSED connect ECONNREFUSED 127.0.0.1:50366
[2026-06-20T10:56:19.071Z] HEALTH attempt=3 elapsed=109ms ERR ECONNREFUSED connect ECONNREFUSED 127.0.0.1:50366
[2026-06-20T10:56:19.107Z] STDOUT [DesktopSecrets] ELECTRON_BACKEND mode — bootstrapping secrets
[2026-06-20T10:56:19.108Z] STDOUT [DesktopSecrets] Secrets file path: C:\Users\SwitchTech\AppData\Roaming\SwitchControl\desktop-secrets.json
[2026-06-20T10:56:19.108Z] STDOUT [DesktopSecrets] Loaded persisted secrets from: C:\Users\SwitchTech\AppData\Roaming\SwitchControl\desktop-secrets.json
[2026-06-20T10:56:19.108Z] STDOUT [DesktopSecrets] JWT_SECRET: loaded from persisted file
[2026-06-20T10:56:19.108Z] STDOUT [DesktopSecrets] SESSION_SECRET: loaded from persisted file
[2026-06-20T10:56:19.109Z] STDOUT [DesktopSecrets] Bootstrap complete — JWT_SECRET and SESSION_SECRET are set
[2026-06-20T10:56:19.125Z] HEALTH attempt=4 elapsed=163ms ERR ECONNREFUSED connect ECONNREFUSED 127.0.0.1:50366
[2026-06-20T10:56:19.177Z] HEALTH attempt=5 elapsed=215ms ERR ECONNREFUSED connect ECONNREFUSED 127.0.0.1:50366
[2026-06-20T10:56:20.259Z] STDOUT [DB] Electron offline mode — no DATABASE_URL present, using in-memory mock storage.
[2026-06-20T10:56:20.259Z] STDOUT [Stripe] Billing not configured on local backend — expected in Electron mode.
[2026-06-20T10:56:20.259Z] STDOUT [JWT] ===== SELF-TEST START =====
[2026-06-20T10:56:20.259Z] STDOUT [JWT] config OK — JWT secret configured (secretFp=64ecaf8a)
[2026-06-20T10:56:20.260Z] STDOUT [JWT] signed — userId=self-test-user-000 secretFp=64ecaf8a tokenFp=eyJhbGci.eyJzdWIi
[2026-06-20T10:56:20.260Z] STDOUT [JWT] PASS: valid token → sub=self-test-user-000 exp=1784544979
[2026-06-20T10:56:20.260Z] STDOUT [JWT] PASS: invalid token → null (rejected)
[2026-06-20T10:56:20.261Z] STDOUT [JWT] PASS: expired token → null (rejected)
[2026-06-20T10:56:20.261Z] STDOUT [JWT] PASS: empty token → null (fallback to cookie path)
[2026-06-20T10:56:20.261Z] STDOUT [JWT] PASS: alg=none token → null (rejected)
[2026-06-20T10:56:20.261Z] STDOUT [JWT] PASS: wrong issuer token → null (rejected)
[2026-06-20T10:56:20.262Z] STDOUT [JWT] ===== SELF-TEST END =====
[2026-06-20T10:56:20.262Z] STDOUT [AUTH] Google OAuth not configured on local backend — expected in Electron mode (auth handled by cloud server).
[2026-06-20T10:56:20.262Z] STDOUT [AUTH] Using memory session store (NO-DB / Electron desktop mode)
[2026-06-20T10:56:20.263Z] STDOUT [AUTH] ===== SESSION COOKIE CONFIG =====
[2026-06-20T10:56:20.263Z] STDOUT [AUTH] production: true
[2026-06-20T10:56:20.263Z] STDOUT [AUTH] electronBackend: true
[2026-06-20T10:56:20.264Z] STDOUT [AUTH] cookie: {"httpOnly":true,"secure":false,"sameSite":"lax","maxAge":604800000,"path":"/"}
[2026-06-20T10:56:20.264Z] STDOUT [AUTH] ================================
[2026-06-20T10:56:20.264Z] STDOUT [AUTH] Discord OAuth not configured on local backend — expected in Electron mode (auth handled by cloud server).
[2026-06-20T10:56:20.264Z] STDOUT [WS] Live telemetry WebSocket server ready at /ws/telemetry (auth required)
[2026-06-20T10:56:20.264Z] STDOUT 10:56:19 PM [express] serving on 127.0.0.1:50366
[2026-06-20T10:56:20.276Z] Health check PASSED — attempt 6, 1315ms elapsed, body={"status":"ok","version":"1.1.5","uptime":1,"dbReachable":false,"timestamp":1781952980276}
[2026-06-20T10:56:24.045Z] STDOUT [SysIntelligence] phase=A start — identity collection
[2026-06-20T10:56:25.546Z] STDERR [SysIntelligence] phase=timeout source=A.mem limit=1500ms
[2026-06-20T10:56:27.049Z] STDERR [SysIntelligence] phase=timeout source=baseboard limit=3000ms
[2026-06-20T10:56:27.050Z] STDERR [SysIntelligence] phase=timeout source=bios limit=3000ms
[2026-06-20T10:56:27.050Z] STDERR [SysIntelligence] phase=timeout source=graphics limit=3000ms
[2026-06-20T10:56:27.903Z] STDOUT [SysIntelligence] phase=A complete in 3858ms | CPU=Ryzen 7 9800X3D 8-Core Processor | GPU=AMD Radeon RX 7800 XT | RAM=32372MB
[2026-06-20T10:56:29.048Z] STDERR [SysIntelligence] phase=timeout source=cpu limit=5000ms
[2026-06-20T10:56:34.913Z] STDOUT [SysIntelligence] Background deep collection triggered
[2026-06-20T10:56:34.913Z] STDOUT [SysIntelligence] phase=full start — deep collection
[2026-06-20T10:56:37.916Z] STDERR [SysIntelligence] phase=timeout source=baseboard limit=3000ms
[2026-06-20T10:56:37.916Z] STDERR [SysIntelligence] probe=baseboard timeout #1 — setting 12min cooldown
[2026-06-20T10:56:37.916Z] STDERR [SysIntelligence] phase=timeout source=bios limit=3000ms
[2026-06-20T10:56:37.917Z] STDERR [SysIntelligence] probe=bios timeout #1 — setting 12min cooldown
[2026-06-20T10:56:37.917Z] STDERR [SysIntelligence] phase=timeout source=graphics limit=3000ms
[2026-06-20T10:56:37.917Z] STDERR [SysIntelligence] probe=graphics timeout #1 — setting 12min cooldown
[2026-06-20T10:56:37.918Z] STDERR [SysIntelligence] phase=timeout source=osInfo limit=3000ms
[2026-06-20T10:56:37.918Z] STDERR [SysIntelligence] probe=osInfo timeout #1 — setting 12min cooldown
[2026-06-20T10:56:37.918Z] STDERR [SysIntelligence] phase=timeout source=platformPS limit=3000ms
[2026-06-20T10:56:37.919Z] STDERR [SysIntelligence] probe=platformPS timeout #1 — setting 12min cooldown
[2026-06-20T10:56:37.923Z] STDERR [SysIntelligence] phase=timeout source=monitorEDID limit=3000ms
[2026-06-20T10:56:38.915Z] STDERR [SysIntelligence] phase=timeout source=memLayout limit=4000ms
[2026-06-20T10:56:38.916Z] STDERR [SysIntelligence] phase=timeout source=diskLayout limit=4000ms
[2026-06-20T10:56:38.916Z] STDERR [SysIntelligence] phase=timeout source=fsSize limit=4000ms
[2026-06-20T10:56:38.916Z] STDERR [SysIntelligence] phase=timeout source=netIf limit=4000ms
[2026-06-20T10:56:38.916Z] STDERR [SysIntelligence] phase=timeout source=processes limit=4000ms
[2026-06-20T10:56:39.916Z] STDERR [SysIntelligence] phase=timeout source=cpu limit=5000ms
[2026-06-20T10:56:39.916Z] STDERR [SysIntelligence] probe=cpu timeout #1 — setting 12min cooldown
[2026-06-20T10:56:40.544Z] STDOUT [SysIntelligence] cpu WMI timeout — os.cpus() fallback: AMD Ryzen 7 9800X3D 8-Core Processor
[2026-06-20T10:56:41.251Z] STDOUT [SysIntelligence] phase=full complete in 6339ms | MB=null | BIOS=null | CPU=AMD Ryzen 7 9800X3D 8-Core Processor | GPUs=0 | RAMsticks=2
[2026-06-20T10:56:41.252Z] STDOUT [SysIntelligence] Disk cache updated
