[2026-06-17T22:01:54.284Z] HEALTH attempt=1 elapsed=0ms ERR ECONNREFUSED connect ECONNREFUSED 127.0.0.1:59802
[2026-06-17T22:01:54.336Z] HEALTH attempt=2 elapsed=56ms ERR ECONNREFUSED connect ECONNREFUSED 127.0.0.1:59802
[2026-06-17T22:01:54.393Z] HEALTH attempt=3 elapsed=107ms ERR ECONNREFUSED connect ECONNREFUSED 127.0.0.1:59802
[2026-06-17T22:01:54.443Z] STDOUT [DesktopSecrets] ELECTRON_BACKEND mode — bootstrapping secrets
[2026-06-17T22:01:54.443Z] STDOUT [DesktopSecrets] Secrets file path: C:\Users\SwitchTech\AppData\Roaming\SwitchControl\desktop-secrets.json
[2026-06-17T22:01:54.444Z] STDOUT [DesktopSecrets] Loaded persisted secrets from: C:\Users\SwitchTech\AppData\Roaming\SwitchControl\desktop-secrets.json
[2026-06-17T22:01:54.444Z] STDOUT [DesktopSecrets] JWT_SECRET: loaded from persisted file
[2026-06-17T22:01:54.444Z] STDOUT [DesktopSecrets] SESSION_SECRET: loaded from persisted file
[2026-06-17T22:01:54.444Z] STDOUT [DesktopSecrets] Bootstrap complete — JWT_SECRET and SESSION_SECRET are set
[2026-06-17T22:01:54.445Z] HEALTH attempt=4 elapsed=166ms ERR ECONNREFUSED connect ECONNREFUSED 127.0.0.1:59802
[2026-06-17T22:01:54.497Z] HEALTH attempt=5 elapsed=217ms ERR ECONNREFUSED connect ECONNREFUSED 127.0.0.1:59802
[2026-06-17T22:01:55.759Z] STDOUT [DB] Electron offline mode — no DATABASE_URL present, using in-memory mock storage.
[2026-06-17T22:01:55.759Z] STDOUT [Stripe] Billing not configured on local backend — expected in Electron mode.
[2026-06-17T22:01:55.760Z] STDOUT [FocusMode] Skipping DB init — running without database (Electron offline / dev no-DB mode).
[2026-06-17T22:01:55.760Z] STDOUT [JWT] ===== SELF-TEST START =====
[2026-06-17T22:01:55.760Z] STDOUT [JWT] config OK — JWT secret configured (secretFp=b2f9f0e3)
[2026-06-17T22:01:55.760Z] STDOUT [JWT] signed — userId=self-test-user-000 secretFp=b2f9f0e3 tokenFp=eyJhbGci.eyJzdWIi
[2026-06-17T22:01:55.761Z] STDOUT [JWT] PASS: valid token → sub=self-test-user-000 exp=1784325715
[2026-06-17T22:01:55.761Z] STDOUT [JWT] PASS: invalid token → null (rejected)
[2026-06-17T22:01:55.761Z] STDOUT [JWT] PASS: expired token → null (rejected)
[2026-06-17T22:01:55.762Z] STDOUT [JWT] PASS: empty token → null (fallback to cookie path)
[2026-06-17T22:01:55.762Z] STDOUT [JWT] PASS: alg=none token → null (rejected)
[2026-06-17T22:01:55.762Z] STDOUT [JWT] PASS: wrong issuer token → null (rejected)
[2026-06-17T22:01:55.763Z] STDOUT [JWT] ===== SELF-TEST END =====
[2026-06-17T22:01:55.763Z] STDOUT [AUTH] Google OAuth not configured on local backend — expected in Electron mode (auth handled by cloud server).
[2026-06-17T22:01:55.763Z] STDOUT [AUTH] Using memory session store (NO-DB / Electron desktop mode)
[2026-06-17T22:01:55.763Z] STDOUT [AUTH] ===== SESSION COOKIE CONFIG =====
[2026-06-17T22:01:55.764Z] STDOUT [AUTH] production: true
[2026-06-17T22:01:55.764Z] STDOUT [AUTH] electronBackend: true
[2026-06-17T22:01:55.764Z] STDOUT [AUTH] cookie: {"httpOnly":true,"secure":false,"sameSite":"lax","maxAge":604800000,"path":"/"}
[2026-06-17T22:01:55.764Z] STDOUT [AUTH] ================================
[2026-06-17T22:01:55.765Z] STDOUT [AUTH] Discord OAuth not configured on local backend — expected in Electron mode (auth handled by cloud server).
[2026-06-17T22:01:55.765Z] STDOUT [WS] Live telemetry WebSocket server ready at /ws/telemetry (auth required)
[2026-06-17T22:01:55.765Z] STDOUT 10:01:55 AM [express] serving on 127.0.0.1:59802
[2026-06-17T22:01:55.781Z] Health check PASSED — attempt 6, 1502ms elapsed, body={"status":"ok","version":"1.1.2","uptime":1,"dbReachable":false,"timestamp":1781733715778}
[2026-06-17T22:01:58.660Z] STDOUT [SysIntelligence] phase=full start — deep collection
[2026-06-17T22:02:00.958Z] STDERR [SysIntelligence] phase=timeout source=battery limit=2000ms
[2026-06-17T22:02:00.958Z] STDERR [SysIntelligence] phase=timeout source=users limit=2000ms
[2026-06-17T22:02:01.661Z] STDERR [SysIntelligence] phase=timeout source=baseboard limit=3000ms
[2026-06-17T22:02:01.661Z] STDERR [SysIntelligence] phase=timeout source=bios limit=3000ms
[2026-06-17T22:02:01.661Z] STDERR [SysIntelligence] phase=timeout source=graphics limit=3000ms
[2026-06-17T22:02:01.662Z] STDERR [SysIntelligence] phase=timeout source=osInfo limit=3000ms
[2026-06-17T22:02:01.665Z] STDERR [SysIntelligence] phase=timeout source=platformPS limit=3000ms
[2026-06-17T22:02:01.666Z] STDERR [SysIntelligence] phase=timeout source=monitorEDID limit=3000ms
[2026-06-17T22:02:02.662Z] STDERR [SysIntelligence] phase=timeout source=memLayout limit=4000ms
[2026-06-17T22:02:02.663Z] STDERR [SysIntelligence] phase=timeout source=diskLayout limit=4000ms
[2026-06-17T22:02:02.663Z] STDERR [SysIntelligence] phase=timeout source=fsSize limit=4000ms
[2026-06-17T22:02:02.663Z] STDERR [SysIntelligence] phase=timeout source=netIf limit=4000ms
[2026-06-17T22:02:02.663Z] STDERR [SysIntelligence] phase=timeout source=netConn limit=4000ms
[2026-06-17T22:02:02.664Z] STDERR [SysIntelligence] phase=timeout source=processes limit=4000ms
[2026-06-17T22:02:03.677Z] STDERR [SysIntelligence] phase=timeout source=cpu limit=5000ms
[2026-06-17T22:02:05.299Z] STDOUT [SysIntelligence] phase=full complete in 6639ms | MB=null | BIOS=null | CPU=null | GPUs=0 | RAMsticks=0
[2026-06-17T22:02:05.300Z] STDOUT [SysIntelligence] Disk cache updated
[2026-06-17T22:02:50.124Z] STDOUT [AppBooster] GET /games userId=64f0e669-6db6-42e7-a68a-681f9f5db567 — catalog: 16, installed: 0
[2026-06-17T22:02:55.627Z] STDOUT [AppBooster] POST /games/scan userId=64f0e669-6db6-42e7-a68a-681f9f5db567 — 16 result(s), 1 detected
[2026-06-17T22:02:55.629Z] STDOUT [AppBooster] GET /games userId=64f0e669-6db6-42e7-a68a-681f9f5db567 — catalog: 16, installed: 1
