[2026-06-21T01:11:55.644Z] HEALTH attempt=1 elapsed=0ms ERR ECONNREFUSED connect ECONNREFUSED 127.0.0.1:59085
[2026-06-21T01:11:55.697Z] HEALTH attempt=2 elapsed=56ms ERR ECONNREFUSED connect ECONNREFUSED 127.0.0.1:59085
[2026-06-21T01:11:55.751Z] HEALTH attempt=3 elapsed=110ms ERR ECONNREFUSED connect ECONNREFUSED 127.0.0.1:59085
[2026-06-21T01:11:55.797Z] STDOUT [DesktopSecrets] ELECTRON_BACKEND mode — bootstrapping secrets
[2026-06-21T01:11:55.797Z] STDOUT [DesktopSecrets] Secrets file path: C:\Users\SwitchTech\AppData\Roaming\SwitchControl\desktop-secrets.json
[2026-06-21T01:11:55.798Z] STDOUT [DesktopSecrets] Loaded persisted secrets from: C:\Users\SwitchTech\AppData\Roaming\SwitchControl\desktop-secrets.json
[2026-06-21T01:11:55.798Z] STDOUT [DesktopSecrets] JWT_SECRET: loaded from persisted file
[2026-06-21T01:11:55.798Z] STDOUT [DesktopSecrets] SESSION_SECRET: loaded from persisted file
[2026-06-21T01:11:55.799Z] STDOUT [DesktopSecrets] Bootstrap complete — JWT_SECRET and SESSION_SECRET are set
[2026-06-21T01:11:55.805Z] HEALTH attempt=4 elapsed=163ms ERR ECONNREFUSED connect ECONNREFUSED 127.0.0.1:59085
[2026-06-21T01:11:55.857Z] HEALTH attempt=5 elapsed=217ms ERR ECONNREFUSED connect ECONNREFUSED 127.0.0.1:59085
[2026-06-21T01:11:57.064Z] STDOUT [DB] Electron offline mode — no DATABASE_URL present, using in-memory mock storage.
[2026-06-21T01:11:57.064Z] STDOUT [Stripe] Billing not configured on local backend — expected in Electron mode.
[2026-06-21T01:11:57.064Z] STDOUT [JWT] ===== SELF-TEST START =====
[2026-06-21T01:11:57.064Z] STDOUT [JWT] config OK — JWT secret configured (secretFp=64ecaf8a)
[2026-06-21T01:11:57.065Z] STDOUT [JWT] signed — userId=self-test-user-000 secretFp=64ecaf8a tokenFp=eyJhbGci.eyJzdWIi
[2026-06-21T01:11:57.065Z] STDOUT [JWT] PASS: valid token → sub=self-test-user-000 exp=1784596316
[2026-06-21T01:11:57.065Z] STDOUT [JWT] PASS: invalid token → null (rejected)
[2026-06-21T01:11:57.065Z] STDOUT [JWT] PASS: expired token → null (rejected)
[2026-06-21T01:11:57.066Z] STDOUT [JWT] PASS: empty token → null (fallback to cookie path)
[2026-06-21T01:11:57.066Z] STDOUT [JWT] PASS: alg=none token → null (rejected)
[2026-06-21T01:11:57.066Z] STDOUT [JWT] PASS: wrong issuer token → null (rejected)
[2026-06-21T01:11:57.066Z] STDOUT [JWT] ===== SELF-TEST END =====
[2026-06-21T01:11:57.067Z] STDOUT [AUTH] Google OAuth not configured on local backend — expected in Electron mode (auth handled by cloud server).
[2026-06-21T01:11:57.067Z] STDOUT [AUTH] Using memory session store (NO-DB / Electron desktop mode)
[2026-06-21T01:11:57.067Z] STDOUT [AUTH] ===== SESSION COOKIE CONFIG =====
[2026-06-21T01:11:57.067Z] STDOUT [AUTH] production: true
[2026-06-21T01:11:57.067Z] STDOUT [AUTH] electronBackend: true
[2026-06-21T01:11:57.068Z] STDOUT [AUTH] cookie: {"httpOnly":true,"secure":false,"sameSite":"lax","maxAge":604800000,"path":"/"}
[2026-06-21T01:11:57.068Z] STDOUT [AUTH] ================================
[2026-06-21T01:11:57.068Z] STDOUT [AUTH] Discord OAuth not configured on local backend — expected in Electron mode (auth handled by cloud server).
[2026-06-21T01:11:57.068Z] STDOUT [WS] Live telemetry WebSocket server ready at /ws/telemetry (auth required)
[2026-06-21T01:11:57.069Z] STDOUT 1:11:56 PM [express] serving on 127.0.0.1:59085
[2026-06-21T01:11:57.091Z] Health check PASSED — attempt 6, 1451ms elapsed, body={"status":"ok","version":"1.1.5","uptime":1,"dbReachable":false,"timestamp":1782004317089}
[2026-06-21T01:11:59.034Z] STDOUT [SysIntelligence] phase=A start — identity collection
[2026-06-21T01:12:00.537Z] STDERR [SysIntelligence] phase=timeout source=A.mem limit=1500ms
[2026-06-21T01:12:02.038Z] STDERR [SysIntelligence] phase=timeout source=baseboard limit=3000ms
[2026-06-21T01:12:02.038Z] STDERR [SysIntelligence] phase=timeout source=bios limit=3000ms
[2026-06-21T01:12:02.039Z] STDERR [SysIntelligence] phase=timeout source=graphics limit=3000ms
[2026-06-21T01:12:02.473Z] STDOUT [SysIntelligence] phase=A complete in 3439ms | CPU=Ryzen 7 9800X3D 8-Core Processor | GPU=AMD Radeon RX 7800 XT | RAM=32372MB
[2026-06-21T01:12:04.042Z] STDERR [SysIntelligence] phase=timeout source=cpu limit=5000ms
[2026-06-21T01:12:16.458Z] STDOUT [SysIntelligence] Background deep collection triggered
[2026-06-21T01:12:16.458Z] STDOUT [SysIntelligence] phase=full start — deep collection
[2026-06-21T01:12:20.010Z] STDERR [SysIntelligence] phase=timeout source=baseboard limit=3000ms
[2026-06-21T01:12:20.010Z] STDERR [SysIntelligence] probe=baseboard timeout #1 — setting 12min cooldown
[2026-06-21T01:12:20.011Z] STDERR [SysIntelligence] phase=timeout source=bios limit=3000ms
[2026-06-21T01:12:20.011Z] STDERR [SysIntelligence] probe=bios timeout #1 — setting 12min cooldown
[2026-06-21T01:12:20.011Z] STDERR [SysIntelligence] phase=timeout source=graphics limit=3000ms
[2026-06-21T01:12:20.011Z] STDERR [SysIntelligence] probe=graphics timeout #1 — setting 12min cooldown
[2026-06-21T01:12:20.012Z] STDERR [SysIntelligence] phase=timeout source=osInfo limit=3000ms
[2026-06-21T01:12:20.012Z] STDERR [SysIntelligence] probe=osInfo timeout #1 — setting 12min cooldown
[2026-06-21T01:12:20.012Z] STDERR [SysIntelligence] phase=timeout source=platformPS limit=3000ms
[2026-06-21T01:12:20.012Z] STDERR [SysIntelligence] probe=platformPS timeout #1 — setting 12min cooldown
[2026-06-21T01:12:20.013Z] STDERR [SysIntelligence] phase=timeout source=monitorEDID limit=3000ms
[2026-06-21T01:12:20.502Z] STDERR [SysIntelligence] phase=timeout source=memLayout limit=4000ms
[2026-06-21T01:12:20.503Z] STDERR [SysIntelligence] phase=timeout source=diskLayout limit=4000ms
[2026-06-21T01:12:20.503Z] STDERR [SysIntelligence] probe=diskLayout timeout #1 — setting 12min cooldown
[2026-06-21T01:12:20.503Z] STDERR [SysIntelligence] phase=timeout source=fsSize limit=4000ms
[2026-06-21T01:12:20.503Z] STDERR [SysIntelligence] phase=timeout source=netIf limit=4000ms
[2026-06-21T01:12:20.503Z] STDERR [SysIntelligence] phase=timeout source=processes limit=4000ms
[2026-06-21T01:12:21.458Z] STDERR [SysIntelligence] phase=timeout source=cpu limit=5000ms
[2026-06-21T01:12:21.459Z] STDERR [SysIntelligence] probe=cpu timeout #1 — setting 12min cooldown
[2026-06-21T01:12:22.307Z] STDOUT [SysIntelligence] cpu WMI timeout — os.cpus() fallback: AMD Ryzen 7 9800X3D 8-Core Processor
[2026-06-21T01:12:23.158Z] STDOUT [SysIntelligence] phase=full complete in 6699ms | MB=null | BIOS=null | CPU=AMD Ryzen 7 9800X3D 8-Core Processor | GPUs=0 | RAMsticks=2
[2026-06-21T01:12:23.159Z] STDOUT [SysIntelligence] Disk cache updated
