[2026-07-09T08:18:38.457Z] HEALTH attempt=1 elapsed=0ms ERR ECONNREFUSED connect ECONNREFUSED 127.0.0.1:63950
[2026-07-09T08:18:38.508Z] HEALTH attempt=2 elapsed=54ms ERR ECONNREFUSED connect ECONNREFUSED 127.0.0.1:63950
[2026-07-09T08:18:38.536Z] STDOUT [DesktopSecrets] ELECTRON_BACKEND mode — bootstrapping secrets
[2026-07-09T08:18:38.536Z] STDOUT [DesktopSecrets] Secrets file path: C:\Users\SwitchTech\AppData\Roaming\SwitchControl\desktop-secrets.json
[2026-07-09T08:18:38.536Z] STDOUT [DesktopSecrets] Loaded persisted secrets from: C:\Users\SwitchTech\AppData\Roaming\SwitchControl\desktop-secrets.json
[2026-07-09T08:18:38.536Z] STDOUT [DesktopSecrets] JWT_SECRET: loaded from persisted file
[2026-07-09T08:18:38.537Z] STDOUT [DesktopSecrets] SESSION_SECRET: loaded from persisted file
[2026-07-09T08:18:38.537Z] STDOUT [DesktopSecrets] Bootstrap complete — JWT_SECRET and SESSION_SECRET are set
[2026-07-09T08:18:38.559Z] HEALTH attempt=3 elapsed=105ms ERR ECONNREFUSED connect ECONNREFUSED 127.0.0.1:63950
[2026-07-09T08:18:38.587Z] STDOUT [DB] Electron offline mode — no DATABASE_URL present, using in-memory mock storage.
[2026-07-09T08:18:38.595Z] STDOUT [Stripe] Billing not configured on local backend — expected in Electron mode.
[2026-07-09T08:18:38.610Z] HEALTH attempt=4 elapsed=156ms ERR ECONNREFUSED connect ECONNREFUSED 127.0.0.1:63950
[2026-07-09T08:18:38.704Z] STDOUT [JWT] ===== SELF-TEST START =====
[2026-07-09T08:18:38.705Z] STDOUT [JWT] config OK — JWT secret configured (secretFp=4b4adc0e)
[2026-07-09T08:18:38.705Z] STDOUT [JWT] signed — userId=self-test-user-000 secretFp=4b4adc0e tokenFp=eyJhbGci.eyJzdWIi
[2026-07-09T08:18:38.705Z] STDOUT [JWT] PASS: valid token → sub=self-test-user-000 exp=1786177118
[2026-07-09T08:18:38.705Z] STDOUT [JWT] PASS: invalid token → null (rejected)
[2026-07-09T08:18:38.705Z] STDOUT [JWT] PASS: expired token → null (rejected)
[2026-07-09T08:18:38.705Z] STDOUT [JWT] PASS: empty token → null (fallback to cookie path)
[2026-07-09T08:18:38.705Z] STDOUT [JWT] PASS: alg=none token → null (rejected)
[2026-07-09T08:18:38.706Z] STDOUT [JWT] PASS: wrong issuer token → null (rejected)
[2026-07-09T08:18:38.706Z] STDOUT [JWT] ===== SELF-TEST END =====
[2026-07-09T08:18:38.706Z] STDOUT [AUTH] Google OAuth not configured on local backend — expected in Electron mode (auth handled by cloud server).
[2026-07-09T08:18:38.706Z] STDOUT [AUTH] Using memory session store (NO-DB / Electron desktop mode)
[2026-07-09T08:18:38.707Z] STDOUT [AUTH] ===== SESSION COOKIE CONFIG =====
[2026-07-09T08:18:38.707Z] STDOUT [AUTH] production: true
[2026-07-09T08:18:38.707Z] STDOUT [AUTH] electronBackend: true
[2026-07-09T08:18:38.707Z] STDOUT [AUTH] cookie: {"httpOnly":true,"secure":false,"sameSite":"lax","maxAge":604800000,"path":"/"}
[2026-07-09T08:18:38.707Z] STDOUT [AUTH] ================================
[2026-07-09T08:18:38.708Z] STDOUT [AUTH] Discord OAuth not configured on local backend — expected in Electron mode (auth handled by cloud server).
[2026-07-09T08:18:38.708Z] STDOUT [WS] Live telemetry WebSocket server ready at /ws/telemetry (auth required)
[2026-07-09T08:18:38.708Z] STDOUT 8:18:38 PM [express] serving on 127.0.0.1:63950
[2026-07-09T08:18:38.718Z] Health check PASSED — attempt 5, 264ms elapsed, body={"status":"ok","version":"1.2.1","uptime":0,"dbReachable":false,"timestamp":1783585118716}
[2026-07-09T08:18:41.780Z] STDOUT [SysIntelligence] phase=A start — identity collection (sequential, WMI-safe)
[2026-07-09T08:18:44.501Z] STDOUT [SysIntelligence] phase=A complete in 2722ms | CPU=Ryzen 7 9800X3D 8-Core Processor | GPU=AMD Radeon RX 7800 XT | RAM=32372MB | probes: mem+cpu+graphics (baseboard/bios skipped)
[2026-07-09T08:18:44.780Z] STDOUT [SysIntelligence] phase=timeout source=A.mem limit=3000ms
[2026-07-09T08:18:50.314Z] STDOUT [SysIntelligence] phase=timeout source=graphics limit=6000ms
[2026-07-09T08:18:51.540Z] STDOUT [SysIntelligence] phase=timeout source=cpu limit=9000ms
[2026-07-09T08:18:58.669Z] STDOUT [SysIntelligence] Background deep collection triggered
[2026-07-09T08:18:58.669Z] STDOUT [SysIntelligence] phase=full start — deep collection
[2026-07-09T08:19:04.622Z] STDOUT [SysIntelligence] cpu WMI timeout — os.cpus() fallback: AMD Ryzen 7 9800X3D 8-Core Processor
[2026-07-09T08:19:04.799Z] STDOUT [SysIntelligence] phase=full complete in 6154ms | MB=X870E AORUS PRO ICE | BIOS=F12a | CPU=AMD Ryzen 7 9800X3D 8-Core Processor | GPUs=1 | RAMsticks=2
[2026-07-09T08:19:04.800Z] STDOUT [SysIntelligence] Disk cache updated
[2026-07-09T08:19:07.040Z] STDOUT [SysIntelligence] phase=timeout source=processes limit=6000ms
