[2026-06-21T12:33:30.770Z] HEALTH attempt=1 elapsed=0ms ERR ECONNREFUSED connect ECONNREFUSED 127.0.0.1:57528
[2026-06-21T12:33:30.822Z] HEALTH attempt=2 elapsed=55ms ERR ECONNREFUSED connect ECONNREFUSED 127.0.0.1:57528
[2026-06-21T12:33:30.874Z] HEALTH attempt=3 elapsed=107ms ERR ECONNREFUSED connect ECONNREFUSED 127.0.0.1:57528
[2026-06-21T12:33:30.930Z] STDOUT [DesktopSecrets] ELECTRON_BACKEND mode — bootstrapping secrets
[2026-06-21T12:33:30.931Z] STDOUT [DesktopSecrets] Secrets file path: C:\Users\SwitchTech\AppData\Roaming\SwitchControl\desktop-secrets.json
[2026-06-21T12:33:30.932Z] STDOUT [DesktopSecrets] Loaded persisted secrets from: C:\Users\SwitchTech\AppData\Roaming\SwitchControl\desktop-secrets.json
[2026-06-21T12:33:30.932Z] STDOUT [DesktopSecrets] JWT_SECRET: loaded from persisted file
[2026-06-21T12:33:30.932Z] STDOUT [DesktopSecrets] SESSION_SECRET: loaded from persisted file
[2026-06-21T12:33:30.932Z] STDOUT [DesktopSecrets] Bootstrap complete — JWT_SECRET and SESSION_SECRET are set
[2026-06-21T12:33:30.933Z] HEALTH attempt=4 elapsed=164ms ERR ECONNREFUSED connect ECONNREFUSED 127.0.0.1:57528
[2026-06-21T12:33:30.988Z] HEALTH attempt=5 elapsed=221ms ERR ECONNREFUSED connect ECONNREFUSED 127.0.0.1:57528
[2026-06-21T12:33:32.069Z] STDOUT [DB] Electron offline mode — no DATABASE_URL present, using in-memory mock storage.
[2026-06-21T12:33:32.070Z] STDOUT [Stripe] Billing not configured on local backend — expected in Electron mode.
[2026-06-21T12:33:32.070Z] STDOUT [JWT] ===== SELF-TEST START =====
[2026-06-21T12:33:32.071Z] STDOUT [JWT] config OK — JWT secret configured (secretFp=64ecaf8a)
[2026-06-21T12:33:32.071Z] STDOUT [JWT] signed — userId=self-test-user-000 secretFp=64ecaf8a tokenFp=eyJhbGci.eyJzdWIi
[2026-06-21T12:33:32.071Z] STDOUT [JWT] PASS: valid token → sub=self-test-user-000 exp=1784637211
[2026-06-21T12:33:32.072Z] STDOUT [JWT] PASS: invalid token → null (rejected)
[2026-06-21T12:33:32.072Z] STDOUT [JWT] PASS: expired token → null (rejected)
[2026-06-21T12:33:32.072Z] STDOUT [JWT] PASS: empty token → null (fallback to cookie path)
[2026-06-21T12:33:32.072Z] STDOUT [JWT] PASS: alg=none token → null (rejected)
[2026-06-21T12:33:32.073Z] STDOUT [JWT] PASS: wrong issuer token → null (rejected)
[2026-06-21T12:33:32.073Z] STDOUT [JWT] ===== SELF-TEST END =====
[2026-06-21T12:33:32.073Z] STDOUT [AUTH] Google OAuth not configured on local backend — expected in Electron mode (auth handled by cloud server).
[2026-06-21T12:33:32.074Z] STDOUT [AUTH] Using memory session store (NO-DB / Electron desktop mode)
[2026-06-21T12:33:32.074Z] STDOUT [AUTH] ===== SESSION COOKIE CONFIG =====
[2026-06-21T12:33:32.074Z] STDOUT [AUTH] production: true
[2026-06-21T12:33:32.074Z] STDOUT [AUTH] electronBackend: true
[2026-06-21T12:33:32.075Z] STDOUT [AUTH] cookie: {"httpOnly":true,"secure":false,"sameSite":"lax","maxAge":604800000,"path":"/"}
[2026-06-21T12:33:32.075Z] STDOUT [AUTH] ================================
[2026-06-21T12:33:32.075Z] STDOUT [AUTH] Discord OAuth not configured on local backend — expected in Electron mode (auth handled by cloud server).
[2026-06-21T12:33:32.075Z] STDOUT [WS] Live telemetry WebSocket server ready at /ws/telemetry (auth required)
[2026-06-21T12:33:32.076Z] STDOUT 12:33:31 AM [express] serving on 127.0.0.1:57528
[2026-06-21T12:33:32.088Z] Health check PASSED — attempt 6, 1322ms elapsed, body={"status":"ok","version":"1.1.5","uptime":1,"dbReachable":false,"timestamp":1782045212081}
[2026-06-21T12:33:34.160Z] STDOUT [SysIntelligence] phase=A start — identity collection (sequential, WMI-safe)
[2026-06-21T12:33:35.662Z] STDERR [SysIntelligence] phase=timeout source=A.mem limit=1500ms
[2026-06-21T12:33:39.151Z] STDOUT [SysIntelligence] phase=A complete in 4991ms | CPU=Ryzen 7 9800X3D 8-Core Processor | GPU=AMD Radeon RX 7800 XT | RAM=32372MB | probes: mem+cpu+graphics (baseboard/bios skipped)
[2026-06-21T12:33:40.497Z] STDERR [SysIntelligence] phase=timeout source=cpu limit=5000ms
[2026-06-21T12:33:40.994Z] STDERR [SysIntelligence] phase=timeout source=graphics limit=3000ms
[2026-06-21T12:33:51.678Z] STDOUT [SysIntelligence] Background deep collection triggered
[2026-06-21T12:33:51.679Z] STDOUT [SysIntelligence] phase=full start — deep collection
[2026-06-21T12:33:54.836Z] STDERR [SysIntelligence] phase=timeout source=baseboard limit=3000ms
[2026-06-21T12:33:54.836Z] STDERR [SysIntelligence] probe=baseboard timeout #1 — setting 12min cooldown
[2026-06-21T12:33:54.836Z] STDERR [SysIntelligence] phase=timeout source=bios limit=3000ms
[2026-06-21T12:33:54.837Z] STDERR [SysIntelligence] probe=bios timeout #1 — setting 12min cooldown
[2026-06-21T12:33:54.837Z] STDERR [SysIntelligence] phase=timeout source=graphics limit=3000ms
[2026-06-21T12:33:54.837Z] STDERR [SysIntelligence] probe=graphics timeout #1 — setting 12min cooldown
[2026-06-21T12:33:54.838Z] STDERR [SysIntelligence] phase=timeout source=osInfo limit=3000ms
[2026-06-21T12:33:54.838Z] STDERR [SysIntelligence] probe=osInfo timeout #1 — setting 12min cooldown
[2026-06-21T12:33:54.838Z] STDERR [SysIntelligence] phase=timeout source=platformPS limit=3000ms
[2026-06-21T12:33:54.838Z] STDERR [SysIntelligence] probe=platformPS timeout #1 — setting 12min cooldown
[2026-06-21T12:33:54.839Z] STDERR [SysIntelligence] phase=timeout source=monitorEDID limit=3000ms
[2026-06-21T12:33:55.686Z] STDERR [SysIntelligence] phase=timeout source=memLayout limit=4000ms
[2026-06-21T12:33:55.686Z] STDERR [SysIntelligence] phase=timeout source=diskLayout limit=4000ms
[2026-06-21T12:33:55.686Z] STDERR [SysIntelligence] phase=timeout source=fsSize limit=4000ms
[2026-06-21T12:33:55.687Z] STDERR [SysIntelligence] phase=timeout source=netIf limit=4000ms
[2026-06-21T12:33:55.687Z] STDERR [SysIntelligence] phase=timeout source=processes limit=4000ms
[2026-06-21T12:33:56.681Z] STDERR [SysIntelligence] phase=timeout source=cpu limit=5000ms
[2026-06-21T12:33:57.372Z] STDOUT [SysIntelligence] phase=full complete in 5693ms | MB=null | BIOS=null | CPU=Ryzen 7 9800X3D 8-Core Processor | GPUs=0 | RAMsticks=2
[2026-06-21T12:33:57.373Z] STDOUT [SysIntelligence] Disk cache updated
