[2026-07-06T14:35:16.859Z] HEALTH attempt=1 elapsed=0ms ERR ECONNREFUSED connect ECONNREFUSED 127.0.0.1:64733
[2026-07-06T14:35:16.910Z] HEALTH attempt=2 elapsed=54ms ERR ECONNREFUSED connect ECONNREFUSED 127.0.0.1:64733
[2026-07-06T14:35:16.940Z] STDOUT [DesktopSecrets] ELECTRON_BACKEND mode — bootstrapping secrets
[2026-07-06T14:35:16.941Z] STDOUT [DesktopSecrets] Secrets file path: C:\Users\SwitchTech\AppData\Roaming\SwitchControl\desktop-secrets.json
[2026-07-06T14:35:16.941Z] STDOUT [DesktopSecrets] Loaded persisted secrets from: C:\Users\SwitchTech\AppData\Roaming\SwitchControl\desktop-secrets.json
[2026-07-06T14:35:16.941Z] STDOUT [DesktopSecrets] JWT_SECRET: loaded from persisted file
[2026-07-06T14:35:16.941Z] STDOUT [DesktopSecrets] SESSION_SECRET: loaded from persisted file
[2026-07-06T14:35:16.941Z] STDOUT [DesktopSecrets] Bootstrap complete — JWT_SECRET and SESSION_SECRET are set
[2026-07-06T14:35:16.961Z] HEALTH attempt=3 elapsed=105ms ERR ECONNREFUSED connect ECONNREFUSED 127.0.0.1:64733
[2026-07-06T14:35:16.991Z] STDOUT [DB] Electron offline mode — no DATABASE_URL present, using in-memory mock storage.
[2026-07-06T14:35:16.999Z] STDOUT [Stripe] Billing not configured on local backend — expected in Electron mode.
[2026-07-06T14:35:17.090Z] STDOUT [JWT] ===== SELF-TEST START =====
[2026-07-06T14:35:17.091Z] STDOUT [JWT] config OK — JWT secret configured (secretFp=4b4adc0e)
[2026-07-06T14:35:17.091Z] STDOUT [JWT] signed — userId=self-test-user-000 secretFp=4b4adc0e tokenFp=eyJhbGci.eyJzdWIi
[2026-07-06T14:35:17.091Z] STDOUT [JWT] PASS: valid token → sub=self-test-user-000 exp=1785940517
[2026-07-06T14:35:17.091Z] STDOUT [JWT] PASS: invalid token → null (rejected)
[2026-07-06T14:35:17.091Z] STDOUT [JWT] PASS: expired token → null (rejected)
[2026-07-06T14:35:17.092Z] STDOUT [JWT] PASS: empty token → null (fallback to cookie path)
[2026-07-06T14:35:17.092Z] STDOUT [JWT] PASS: alg=none token → null (rejected)
[2026-07-06T14:35:17.092Z] STDOUT [JWT] PASS: wrong issuer token → null (rejected)
[2026-07-06T14:35:17.092Z] STDOUT [JWT] ===== SELF-TEST END =====
[2026-07-06T14:35:17.092Z] STDOUT [AUTH] Google OAuth not configured on local backend — expected in Electron mode (auth handled by cloud server).
[2026-07-06T14:35:17.092Z] STDOUT [AUTH] Using memory session store (NO-DB / Electron desktop mode)
[2026-07-06T14:35:17.093Z] STDOUT [AUTH] ===== SESSION COOKIE CONFIG =====
[2026-07-06T14:35:17.093Z] STDOUT [AUTH] production: true
[2026-07-06T14:35:17.093Z] STDOUT [AUTH] electronBackend: true
[2026-07-06T14:35:17.093Z] STDOUT [AUTH] cookie: {"httpOnly":true,"secure":false,"sameSite":"lax","maxAge":604800000,"path":"/"}
[2026-07-06T14:35:17.093Z] STDOUT [AUTH] ================================
[2026-07-06T14:35:17.093Z] STDOUT [AUTH] Discord OAuth not configured on local backend — expected in Electron mode (auth handled by cloud server).
[2026-07-06T14:35:17.094Z] STDOUT [WS] Live telemetry WebSocket server ready at /ws/telemetry (auth required)
[2026-07-06T14:35:17.094Z] STDOUT 2:35:17 AM [express] serving on 127.0.0.1:64733
[2026-07-06T14:35:17.102Z] Health check PASSED — attempt 4, 247ms elapsed, body={"status":"ok","version":"1.1.7","uptime":0,"dbReachable":false,"timestamp":1783348517099}
[2026-07-06T14:35:20.149Z] STDOUT [SysIntelligence] phase=A start — identity collection (sequential, WMI-safe)
[2026-07-06T14:35:22.029Z] STDERR [HTTP] [5e37570e-1642-42bd-af34-836a2cc5da1e] GET /api/tweak-intelligence/system-state 503 1ms
[2026-07-06T14:35:22.030Z] STDERR [HTTP] [8845ab8b-558d-46b8-93fb-faae43834eab] GET /api/tweak-intelligence/rankings 503 1ms
[2026-07-06T14:35:22.862Z] STDOUT [SysIntelligence] phase=A complete in 2713ms | CPU=Ryzen 7 9800X3D 8-Core Processor | GPU=AMD Radeon RX 7800 XT | RAM=32372MB | probes: mem+cpu+graphics (baseboard/bios skipped)
[2026-07-06T14:35:23.149Z] STDOUT [SysIntelligence] phase=timeout source=A.mem limit=3000ms
[2026-07-06T14:35:28.663Z] STDOUT [SysIntelligence] phase=timeout source=graphics limit=6000ms
[2026-07-06T14:35:29.895Z] STDOUT [SysIntelligence] phase=timeout source=cpu limit=9000ms
[2026-07-06T14:35:37.052Z] STDOUT [SysIntelligence] Background deep collection triggered
[2026-07-06T14:35:37.053Z] STDOUT [SysIntelligence] phase=full start — deep collection
[2026-07-06T14:35:43.012Z] STDOUT [SysIntelligence] cpu WMI timeout — os.cpus() fallback: AMD Ryzen 7 9800X3D 8-Core Processor
[2026-07-06T14:35:43.198Z] STDOUT [SysIntelligence] phase=full complete in 6145ms | MB=X870E AORUS PRO ICE | BIOS=F12a | CPU=AMD Ryzen 7 9800X3D 8-Core Processor | GPUs=1 | RAMsticks=2
[2026-07-06T14:35:43.198Z] STDOUT [SysIntelligence] Disk cache updated
[2026-07-06T14:35:45.395Z] STDOUT [SysIntelligence] phase=timeout source=processes limit=6000ms
[2026-07-06T14:35:46.614Z] STDOUT [SysIntelligence] phase=timeout source=fsSize limit=8000ms
[2026-07-06T14:35:46.614Z] STDOUT [SysIntelligence] phase=timeout source=netIf limit=8000ms
[2026-07-06T14:35:46.614Z] STDOUT [SysIntelligence] phase=timeout source=osInfo limit=8000ms
[2026-07-06T14:35:46.614Z] STDOUT [SysIntelligence] phase=timeout source=audio limit=8000ms
[2026-07-06T14:35:47.591Z] STDOUT [SysIntelligence] phase=timeout source=memLayout limit=10000ms
[2026-07-06T14:35:47.591Z] STDOUT [SysIntelligence] phase=timeout source=diskLayout limit=10000ms
[2026-07-06T14:35:49.054Z] STDOUT [SysIntelligence] phase=timeout source=baseboard limit=12000ms
[2026-07-06T14:35:49.054Z] STDOUT [SysIntelligence] phase=timeout source=bios limit=12000ms
[2026-07-06T14:35:49.397Z] STDOUT [SysIntelligence] phase=timeout source=platformPS limit=10000ms
[2026-07-06T14:35:50.691Z] STDOUT [SysIntelligence] phase=timeout source=graphics limit=8000ms
[2026-07-06T14:35:50.692Z] STDOUT [SysIntelligence] phase=timeout source=monitorEDID limit=8000ms
