[2026-05-21T04:44:19.316Z] HEALTH attempt=1 elapsed=0ms ERR ECONNREFUSED connect ECONNREFUSED 127.0.0.1:62707
[2026-05-21T04:44:19.368Z] HEALTH attempt=2 elapsed=56ms ERR ECONNREFUSED connect ECONNREFUSED 127.0.0.1:62707
[2026-05-21T04:44:19.394Z] STDOUT [DesktopSecrets] ELECTRON_BACKEND mode — bootstrapping secrets
[2026-05-21T04:44:19.395Z] STDOUT [DesktopSecrets] Secrets file path: C:\Users\SwitchTech\AppData\Roaming\SwitchControl\desktop-secrets.json
[2026-05-21T04:44:19.395Z] STDOUT [DesktopSecrets] Loaded persisted secrets from: C:\Users\SwitchTech\AppData\Roaming\SwitchControl\desktop-secrets.json
[2026-05-21T04:44:19.395Z] STDOUT [DesktopSecrets] JWT_SECRET: loaded from persisted file
[2026-05-21T04:44:19.395Z] STDOUT [DesktopSecrets] SESSION_SECRET: loaded from persisted file
[2026-05-21T04:44:19.395Z] STDOUT [DesktopSecrets] Bootstrap complete — JWT_SECRET and SESSION_SECRET are set
[2026-05-21T04:44:19.419Z] HEALTH attempt=3 elapsed=107ms ERR ECONNREFUSED connect ECONNREFUSED 127.0.0.1:62707
[2026-05-21T04:44:19.478Z] STDOUT [DB] Electron offline mode — no DATABASE_URL present, using in-memory mock storage.
[2026-05-21T04:44:19.478Z] STDOUT [Stripe] Billing not configured on local backend — expected in Electron mode.
[2026-05-21T04:44:19.480Z] HEALTH attempt=4 elapsed=167ms ERR ECONNREFUSED connect ECONNREFUSED 127.0.0.1:62707
[2026-05-21T04:44:19.525Z] STDOUT [FocusMode] Skipping DB init — running without database (Electron offline / dev no-DB mode).
[2026-05-21T04:44:19.531Z] HEALTH attempt=5 elapsed=219ms ERR ECONNREFUSED connect ECONNREFUSED 127.0.0.1:62707
[2026-05-21T04:44:19.535Z] STDOUT [JWT] ===== SELF-TEST START =====
[2026-05-21T04:44:19.536Z] STDOUT [JWT] config OK — JWT secret configured (secretFp=2ffe0258)
[2026-05-21T04:44:19.537Z] STDOUT [JWT] signed — userId=self-test-user-000 secretFp=2ffe0258 tokenFp=eyJhbGci.eyJzdWIi
[2026-05-21T04:44:19.538Z] STDOUT [JWT] PASS: valid token → sub=self-test-user-000 exp=1781930659
[2026-05-21T04:44:19.538Z] STDOUT [JWT] PASS: invalid token → null (rejected)
[2026-05-21T04:44:19.538Z] STDOUT [JWT] PASS: expired token → null (rejected)
[2026-05-21T04:44:19.539Z] STDOUT [JWT] PASS: empty token → null (fallback to cookie path)
[2026-05-21T04:44:19.539Z] STDOUT [JWT] PASS: alg=none token → null (rejected)
[2026-05-21T04:44:19.539Z] STDOUT [JWT] PASS: wrong issuer token → null (rejected)
[2026-05-21T04:44:19.539Z] STDOUT [JWT] ===== SELF-TEST END =====
[2026-05-21T04:44:19.540Z] STDOUT [AUTH] Google OAuth not configured on local backend — expected in Electron mode (auth handled by cloud server).
[2026-05-21T04:44:19.540Z] STDOUT [AUTH] Using memory session store (NO-DB / Electron desktop mode)
[2026-05-21T04:44:19.540Z] STDOUT [AUTH] ===== SESSION COOKIE CONFIG =====
[2026-05-21T04:44:19.541Z] STDOUT [AUTH] production: true
[2026-05-21T04:44:19.541Z] STDOUT [AUTH] electronBackend: true
[2026-05-21T04:44:19.541Z] STDOUT [AUTH] cookie: {"httpOnly":true,"secure":false,"sameSite":"lax","maxAge":604800000,"path":"/"}
[2026-05-21T04:44:19.542Z] STDOUT [AUTH] ================================
[2026-05-21T04:44:19.542Z] STDOUT [AUTH] Discord OAuth not configured on local backend — expected in Electron mode (auth handled by cloud server).
[2026-05-21T04:44:19.543Z] STDOUT [WS] Live telemetry WebSocket server ready at /ws/telemetry (auth required)
[2026-05-21T04:44:19.557Z] STDOUT 4:44:19 PM [express] serving on 127.0.0.1:62707
[2026-05-21T04:44:19.590Z] Health check PASSED — attempt 6, 279ms elapsed, body={"status":"ok","version":"1.1.1","uptime":0,"dbReachable":false,"timestamp":1779338659588}
[2026-05-21T04:44:23.905Z] STDOUT [SysIntelligence] phase=full start — deep collection
[2026-05-21T04:44:24.908Z] STDERR [SysIntelligence] phase=timeout source=battery limit=1000ms
[2026-05-21T04:44:24.909Z] STDERR [SysIntelligence] phase=timeout source=users limit=1000ms
[2026-05-21T04:44:25.406Z] STDERR [SysIntelligence] phase=timeout source=baseboard limit=1500ms
[2026-05-21T04:44:25.407Z] STDERR [SysIntelligence] phase=timeout source=bios limit=1500ms
[2026-05-21T04:44:25.407Z] STDERR [SysIntelligence] phase=timeout source=osInfo limit=1500ms
[2026-05-21T04:44:26.546Z] STDERR [SysIntelligence] phase=timeout source=memLayout limit=2500ms
[2026-05-21T04:44:26.546Z] STDERR [SysIntelligence] phase=timeout source=diskLayout limit=2500ms
[2026-05-21T04:44:26.547Z] STDERR [SysIntelligence] phase=timeout source=fsSize limit=2500ms
[2026-05-21T04:44:26.547Z] STDERR [SysIntelligence] phase=timeout source=netIf limit=2500ms
[2026-05-21T04:44:26.547Z] STDERR [SysIntelligence] phase=timeout source=netConn limit=2500ms
[2026-05-21T04:44:26.548Z] STDERR [SysIntelligence] phase=timeout source=processes limit=2500ms
[2026-05-21T04:44:26.548Z] STDERR [SysIntelligence] phase=timeout source=platformPS limit=2500ms
[2026-05-21T04:44:26.548Z] STDERR [SysIntelligence] phase=timeout source=monitorEDID limit=2500ms
[2026-05-21T04:44:26.905Z] STDERR [SysIntelligence] phase=timeout source=graphics limit=3000ms
[2026-05-21T04:44:29.906Z] STDERR [SysIntelligence] phase=timeout source=cpu limit=6000ms
[2026-05-21T04:44:31.329Z] STDOUT [SysIntelligence] phase=full complete in 7424ms | MB=null | BIOS=null | CPU=Ryzen 7 9800X3D 8-Core Processor | GPUs=0 | RAMsticks=0
[2026-05-21T04:44:31.331Z] STDOUT [SysIntelligence] Disk cache updated
[2026-05-21T04:44:44.504Z] STDOUT [AppBooster] GET /games userId=64f0e669-6db6-42e7-a68a-681f9f5db567 — catalog: 16, installed: 0
[2026-05-21T04:44:45.533Z] STDOUT [AppBooster] POST /games/scan userId=64f0e669-6db6-42e7-a68a-681f9f5db567 — 16 result(s), 1 detected
[2026-05-21T04:44:45.536Z] STDOUT [AppBooster] GET /games userId=64f0e669-6db6-42e7-a68a-681f9f5db567 — catalog: 16, installed: 1
[2026-05-21T04:49:14.922Z] STDOUT [AppBooster] GET /games userId=64f0e669-6db6-42e7-a68a-681f9f5db567 — catalog: 16, installed: 1
[2026-05-21T04:49:15.966Z] STDOUT [AppBooster] POST /games/scan userId=64f0e669-6db6-42e7-a68a-681f9f5db567 — 16 result(s), 1 detected
[2026-05-21T04:49:15.970Z] STDOUT [AppBooster] GET /games userId=64f0e669-6db6-42e7-a68a-681f9f5db567 — catalog: 16, installed: 1
[2026-05-21T04:54:57.516Z] STDOUT [AppBooster] GET /games userId=64f0e669-6db6-42e7-a68a-681f9f5db567 — catalog: 16, installed: 1
