[2026-06-17T21:45:40.393Z] HEALTH attempt=1 elapsed=0ms ERR ECONNREFUSED connect ECONNREFUSED 127.0.0.1:61337
[2026-06-17T21:45:40.445Z] HEALTH attempt=2 elapsed=55ms ERR ECONNREFUSED connect ECONNREFUSED 127.0.0.1:61337
[2026-06-17T21:45:40.496Z] HEALTH attempt=3 elapsed=106ms ERR ECONNREFUSED connect ECONNREFUSED 127.0.0.1:61337
[2026-06-17T21:45:40.525Z] STDOUT [DesktopSecrets] ELECTRON_BACKEND mode — bootstrapping secrets
[2026-06-17T21:45:40.526Z] STDOUT [DesktopSecrets] Secrets file path: C:\Users\SwitchTech\AppData\Roaming\SwitchControl\desktop-secrets.json
[2026-06-17T21:45:40.526Z] STDOUT [DesktopSecrets] Loaded persisted secrets from: C:\Users\SwitchTech\AppData\Roaming\SwitchControl\desktop-secrets.json
[2026-06-17T21:45:40.526Z] STDOUT [DesktopSecrets] JWT_SECRET: loaded from persisted file
[2026-06-17T21:45:40.526Z] STDOUT [DesktopSecrets] SESSION_SECRET: loaded from persisted file
[2026-06-17T21:45:40.527Z] STDOUT [DesktopSecrets] Bootstrap complete — JWT_SECRET and SESSION_SECRET are set
[2026-06-17T21:45:40.547Z] HEALTH attempt=4 elapsed=157ms ERR ECONNREFUSED connect ECONNREFUSED 127.0.0.1:61337
[2026-06-17T21:45:40.597Z] HEALTH attempt=5 elapsed=208ms ERR ECONNREFUSED connect ECONNREFUSED 127.0.0.1:61337
[2026-06-17T21:45:41.509Z] STDOUT [DB] Electron offline mode — no DATABASE_URL present, using in-memory mock storage.
[2026-06-17T21:45:41.509Z] STDOUT [Stripe] Billing not configured on local backend — expected in Electron mode.
[2026-06-17T21:45:41.510Z] STDOUT [FocusMode] Skipping DB init — running without database (Electron offline / dev no-DB mode).
[2026-06-17T21:45:41.510Z] STDOUT [JWT] ===== SELF-TEST START =====
[2026-06-17T21:45:41.510Z] STDOUT [JWT] config OK — JWT secret configured (secretFp=2baaa005)
[2026-06-17T21:45:41.510Z] STDOUT [JWT] signed — userId=self-test-user-000 secretFp=2baaa005 tokenFp=eyJhbGci.eyJzdWIi
[2026-06-17T21:45:41.510Z] STDOUT [JWT] PASS: valid token → sub=self-test-user-000 exp=1784324741
[2026-06-17T21:45:41.511Z] STDOUT [JWT] PASS: invalid token → null (rejected)
[2026-06-17T21:45:41.511Z] STDOUT [JWT] PASS: expired token → null (rejected)
[2026-06-17T21:45:41.511Z] STDOUT [JWT] PASS: empty token → null (fallback to cookie path)
[2026-06-17T21:45:41.511Z] STDOUT [JWT] PASS: alg=none token → null (rejected)
[2026-06-17T21:45:41.511Z] STDOUT [JWT] PASS: wrong issuer token → null (rejected)
[2026-06-17T21:45:41.512Z] STDOUT [JWT] ===== SELF-TEST END =====
[2026-06-17T21:45:41.512Z] STDOUT [AUTH] Google OAuth not configured on local backend — expected in Electron mode (auth handled by cloud server).
[2026-06-17T21:45:41.512Z] STDOUT [AUTH] Using memory session store (NO-DB / Electron desktop mode)
[2026-06-17T21:45:41.512Z] STDOUT [AUTH] ===== SESSION COOKIE CONFIG =====
[2026-06-17T21:45:41.513Z] STDOUT [AUTH] production: true
[2026-06-17T21:45:41.513Z] STDOUT [AUTH] electronBackend: true
[2026-06-17T21:45:41.513Z] STDOUT [AUTH] cookie: {"httpOnly":true,"secure":false,"sameSite":"lax","maxAge":604800000,"path":"/"}
[2026-06-17T21:45:41.513Z] STDOUT [AUTH] ================================
[2026-06-17T21:45:41.514Z] STDOUT [AUTH] Discord OAuth not configured on local backend — expected in Electron mode (auth handled by cloud server).
[2026-06-17T21:45:41.514Z] STDOUT [WS] Live telemetry WebSocket server ready at /ws/telemetry (auth required)
[2026-06-17T21:45:41.514Z] STDOUT 9:45:41 AM [express] serving on 127.0.0.1:61337
[2026-06-17T21:45:41.528Z] Health check PASSED — attempt 6, 1139ms elapsed, body={"status":"ok","version":"1.1.2","uptime":1,"dbReachable":false,"timestamp":1781732741525}
[2026-06-17T21:45:45.434Z] STDOUT [SysIntelligence] phase=full start — deep collection
[2026-06-17T21:45:47.636Z] STDERR [SysIntelligence] phase=timeout source=battery limit=2000ms
[2026-06-17T21:45:47.636Z] STDERR [SysIntelligence] phase=timeout source=users limit=2000ms
[2026-06-17T21:45:48.434Z] STDERR [SysIntelligence] phase=timeout source=baseboard limit=3000ms
[2026-06-17T21:45:48.435Z] STDERR [SysIntelligence] phase=timeout source=bios limit=3000ms
[2026-06-17T21:45:48.435Z] STDERR [SysIntelligence] phase=timeout source=graphics limit=3000ms
[2026-06-17T21:45:48.436Z] STDERR [SysIntelligence] phase=timeout source=osInfo limit=3000ms
[2026-06-17T21:45:48.438Z] STDERR [SysIntelligence] phase=timeout source=platformPS limit=3000ms
[2026-06-17T21:45:48.439Z] STDERR [SysIntelligence] phase=timeout source=monitorEDID limit=3000ms
[2026-06-17T21:45:49.435Z] STDERR [SysIntelligence] phase=timeout source=memLayout limit=4000ms
[2026-06-17T21:45:49.435Z] STDERR [SysIntelligence] phase=timeout source=diskLayout limit=4000ms
[2026-06-17T21:45:49.436Z] STDERR [SysIntelligence] phase=timeout source=fsSize limit=4000ms
[2026-06-17T21:45:49.436Z] STDERR [SysIntelligence] phase=timeout source=netIf limit=4000ms
[2026-06-17T21:45:49.436Z] STDERR [SysIntelligence] phase=timeout source=netConn limit=4000ms
[2026-06-17T21:45:49.436Z] STDERR [SysIntelligence] phase=timeout source=processes limit=4000ms
[2026-06-17T21:45:50.434Z] STDERR [SysIntelligence] phase=timeout source=cpu limit=5000ms
[2026-06-17T21:45:52.227Z] STDOUT [SysIntelligence] phase=full complete in 6792ms | MB=null | BIOS=null | CPU=null | GPUs=0 | RAMsticks=0
[2026-06-17T21:45:52.228Z] STDOUT [SysIntelligence] Disk cache updated
