[2026-06-17T12:14:33.361Z] HEALTH attempt=1 elapsed=0ms ERR ECONNREFUSED connect ECONNREFUSED 127.0.0.1:53649
[2026-06-17T12:14:33.417Z] HEALTH attempt=2 elapsed=59ms ERR ECONNREFUSED connect ECONNREFUSED 127.0.0.1:53649
[2026-06-17T12:14:33.469Z] HEALTH attempt=3 elapsed=112ms ERR ECONNREFUSED connect ECONNREFUSED 127.0.0.1:53649
[2026-06-17T12:14:33.475Z] STDOUT [DesktopSecrets] ELECTRON_BACKEND mode — bootstrapping secrets
[2026-06-17T12:14:33.475Z] STDOUT [DesktopSecrets] Secrets file path: C:\Users\SwitchTech\AppData\Roaming\SwitchControl\desktop-secrets.json
[2026-06-17T12:14:33.476Z] STDOUT [DesktopSecrets] Loaded persisted secrets from: C:\Users\SwitchTech\AppData\Roaming\SwitchControl\desktop-secrets.json
[2026-06-17T12:14:33.476Z] STDOUT [DesktopSecrets] JWT_SECRET: loaded from persisted file
[2026-06-17T12:14:33.476Z] STDOUT [DesktopSecrets] SESSION_SECRET: loaded from persisted file
[2026-06-17T12:14:33.477Z] STDOUT [DesktopSecrets] Bootstrap complete — JWT_SECRET and SESSION_SECRET are set
[2026-06-17T12:14:33.521Z] HEALTH attempt=4 elapsed=164ms ERR ECONNREFUSED connect ECONNREFUSED 127.0.0.1:53649
[2026-06-17T12:14:33.572Z] HEALTH attempt=5 elapsed=216ms ERR ECONNREFUSED connect ECONNREFUSED 127.0.0.1:53649
[2026-06-17T12:14:33.578Z] STDOUT [DB] Electron offline mode — no DATABASE_URL present, using in-memory mock storage.
[2026-06-17T12:14:33.593Z] STDOUT [Stripe] Billing not configured on local backend — expected in Electron mode.
[2026-06-17T12:14:34.576Z] STDOUT [FocusMode] Skipping DB init — running without database (Electron offline / dev no-DB mode).
[2026-06-17T12:14:34.576Z] STDOUT [JWT] ===== SELF-TEST START =====
[2026-06-17T12:14:34.576Z] STDOUT [JWT] config OK — JWT secret configured (secretFp=2aefc11e)
[2026-06-17T12:14:34.577Z] STDOUT [JWT] signed — userId=self-test-user-000 secretFp=2aefc11e tokenFp=eyJhbGci.eyJzdWIi
[2026-06-17T12:14:34.577Z] STDOUT [JWT] PASS: valid token → sub=self-test-user-000 exp=1784290473
[2026-06-17T12:14:34.577Z] STDOUT [JWT] PASS: invalid token → null (rejected)
[2026-06-17T12:14:34.577Z] STDOUT [JWT] PASS: expired token → null (rejected)
[2026-06-17T12:14:34.578Z] STDOUT [JWT] PASS: empty token → null (fallback to cookie path)
[2026-06-17T12:14:34.578Z] STDOUT [JWT] PASS: alg=none token → null (rejected)
[2026-06-17T12:14:34.578Z] STDOUT [JWT] PASS: wrong issuer token → null (rejected)
[2026-06-17T12:14:34.578Z] STDOUT [JWT] ===== SELF-TEST END =====
[2026-06-17T12:14:34.579Z] STDOUT [AUTH] Google OAuth not configured on local backend — expected in Electron mode (auth handled by cloud server).
[2026-06-17T12:14:34.579Z] STDOUT [AUTH] Using memory session store (NO-DB / Electron desktop mode)
[2026-06-17T12:14:34.579Z] STDOUT [AUTH] ===== SESSION COOKIE CONFIG =====
[2026-06-17T12:14:34.579Z] STDOUT [AUTH] production: true
[2026-06-17T12:14:34.580Z] STDOUT [AUTH] electronBackend: true
[2026-06-17T12:14:34.580Z] STDOUT [AUTH] cookie: {"httpOnly":true,"secure":false,"sameSite":"lax","maxAge":604800000,"path":"/"}
[2026-06-17T12:14:34.580Z] STDOUT [AUTH] ================================
[2026-06-17T12:14:34.581Z] STDOUT [AUTH] Discord OAuth not configured on local backend — expected in Electron mode (auth handled by cloud server).
[2026-06-17T12:14:34.581Z] STDOUT [WS] Live telemetry WebSocket server ready at /ws/telemetry (auth required)
[2026-06-17T12:14:34.581Z] STDOUT 12:14:33 AM [express] serving on 127.0.0.1:53649
[2026-06-17T12:14:34.594Z] Health check PASSED — attempt 6, 1237ms elapsed, body={"status":"ok","version":"1.1.2","uptime":1,"dbReachable":false,"timestamp":1781698474590}
[2026-06-17T12:14:48.860Z] STDOUT [SysIntelligence] Background deep collection triggered
[2026-06-17T12:14:48.860Z] STDOUT [SysIntelligence] phase=full start — deep collection
[2026-06-17T12:14:50.993Z] STDERR [SysIntelligence] phase=timeout source=battery limit=2000ms
[2026-06-17T12:14:50.994Z] STDERR [SysIntelligence] phase=timeout source=users limit=2000ms
[2026-06-17T12:14:51.861Z] STDERR [SysIntelligence] phase=timeout source=baseboard limit=3000ms
[2026-06-17T12:14:51.862Z] STDERR [SysIntelligence] phase=timeout source=bios limit=3000ms
[2026-06-17T12:14:51.862Z] STDERR [SysIntelligence] phase=timeout source=graphics limit=3000ms
[2026-06-17T12:14:51.863Z] STDERR [SysIntelligence] phase=timeout source=osInfo limit=3000ms
[2026-06-17T12:14:51.865Z] STDERR [SysIntelligence] phase=timeout source=platformPS limit=3000ms
[2026-06-17T12:14:51.866Z] STDERR [SysIntelligence] phase=timeout source=monitorEDID limit=3000ms
[2026-06-17T12:14:52.860Z] STDERR [SysIntelligence] phase=timeout source=memLayout limit=4000ms
[2026-06-17T12:14:52.861Z] STDERR [SysIntelligence] phase=timeout source=diskLayout limit=4000ms
[2026-06-17T12:14:52.861Z] STDERR [SysIntelligence] phase=timeout source=fsSize limit=4000ms
[2026-06-17T12:14:52.862Z] STDERR [SysIntelligence] phase=timeout source=netIf limit=4000ms
[2026-06-17T12:14:52.862Z] STDERR [SysIntelligence] phase=timeout source=netConn limit=4000ms
[2026-06-17T12:14:52.863Z] STDERR [SysIntelligence] phase=timeout source=processes limit=4000ms
[2026-06-17T12:14:53.861Z] STDERR [SysIntelligence] phase=timeout source=cpu limit=5000ms
[2026-06-17T12:14:55.335Z] STDOUT [SysIntelligence] phase=full complete in 6474ms | MB=null | BIOS=null | CPU=null | GPUs=0 | RAMsticks=0
[2026-06-17T12:14:55.336Z] STDOUT [SysIntelligence] Disk cache updated
