[2026-06-21T00:48:51.611Z] HEALTH attempt=1 elapsed=0ms ERR ECONNREFUSED connect ECONNREFUSED 127.0.0.1:52196
[2026-06-21T00:48:51.662Z] HEALTH attempt=2 elapsed=54ms ERR ECONNREFUSED connect ECONNREFUSED 127.0.0.1:52196
[2026-06-21T00:48:51.718Z] HEALTH attempt=3 elapsed=110ms ERR ECONNREFUSED connect ECONNREFUSED 127.0.0.1:52196
[2026-06-21T00:48:51.757Z] STDOUT [DesktopSecrets] ELECTRON_BACKEND mode — bootstrapping secrets
[2026-06-21T00:48:51.758Z] STDOUT [DesktopSecrets] Secrets file path: C:\Users\SwitchTech\AppData\Roaming\SwitchControl\desktop-secrets.json
[2026-06-21T00:48:51.758Z] STDOUT [DesktopSecrets] Loaded persisted secrets from: C:\Users\SwitchTech\AppData\Roaming\SwitchControl\desktop-secrets.json
[2026-06-21T00:48:51.758Z] STDOUT [DesktopSecrets] JWT_SECRET: loaded from persisted file
[2026-06-21T00:48:51.758Z] STDOUT [DesktopSecrets] SESSION_SECRET: loaded from persisted file
[2026-06-21T00:48:51.759Z] STDOUT [DesktopSecrets] Bootstrap complete — JWT_SECRET and SESSION_SECRET are set
[2026-06-21T00:48:51.769Z] HEALTH attempt=4 elapsed=161ms ERR ECONNREFUSED connect ECONNREFUSED 127.0.0.1:52196
[2026-06-21T00:48:51.820Z] HEALTH attempt=5 elapsed=213ms ERR ECONNREFUSED connect ECONNREFUSED 127.0.0.1:52196
[2026-06-21T00:48:51.842Z] STDOUT [DB] Electron offline mode — no DATABASE_URL present, using in-memory mock storage.
[2026-06-21T00:48:52.828Z] STDOUT [Stripe] Billing not configured on local backend — expected in Electron mode.
[2026-06-21T00:48:52.829Z] STDOUT [JWT] ===== SELF-TEST START =====
[2026-06-21T00:48:52.829Z] STDOUT [JWT] config OK — JWT secret configured (secretFp=64ecaf8a)
[2026-06-21T00:48:52.829Z] STDOUT [JWT] signed — userId=self-test-user-000 secretFp=64ecaf8a tokenFp=eyJhbGci.eyJzdWIi
[2026-06-21T00:48:52.829Z] STDOUT [JWT] PASS: valid token → sub=self-test-user-000 exp=1784594932
[2026-06-21T00:48:52.830Z] STDOUT [JWT] PASS: invalid token → null (rejected)
[2026-06-21T00:48:52.830Z] STDOUT [JWT] PASS: expired token → null (rejected)
[2026-06-21T00:48:52.831Z] STDOUT [JWT] PASS: empty token → null (fallback to cookie path)
[2026-06-21T00:48:52.831Z] STDOUT [JWT] PASS: alg=none token → null (rejected)
[2026-06-21T00:48:52.831Z] STDOUT [JWT] PASS: wrong issuer token → null (rejected)
[2026-06-21T00:48:52.831Z] STDOUT [JWT] ===== SELF-TEST END =====
[2026-06-21T00:48:52.832Z] STDOUT [AUTH] Google OAuth not configured on local backend — expected in Electron mode (auth handled by cloud server).
[2026-06-21T00:48:52.832Z] STDOUT [AUTH] Using memory session store (NO-DB / Electron desktop mode)
[2026-06-21T00:48:52.832Z] STDOUT [AUTH] ===== SESSION COOKIE CONFIG =====
[2026-06-21T00:48:52.833Z] STDOUT [AUTH] production: true
[2026-06-21T00:48:52.833Z] STDOUT [AUTH] electronBackend: true
[2026-06-21T00:48:52.833Z] STDOUT [AUTH] cookie: {"httpOnly":true,"secure":false,"sameSite":"lax","maxAge":604800000,"path":"/"}
[2026-06-21T00:48:52.834Z] STDOUT [AUTH] ================================
[2026-06-21T00:48:52.834Z] STDOUT [AUTH] Discord OAuth not configured on local backend — expected in Electron mode (auth handled by cloud server).
[2026-06-21T00:48:52.834Z] STDOUT [WS] Live telemetry WebSocket server ready at /ws/telemetry (auth required)
[2026-06-21T00:48:52.834Z] STDOUT 12:48:52 PM [express] serving on 127.0.0.1:52196
[2026-06-21T00:48:52.848Z] Health check PASSED — attempt 6, 1241ms elapsed, body={"status":"ok","version":"1.1.5","uptime":1,"dbReachable":false,"timestamp":1782002932845}
[2026-06-21T00:48:56.960Z] STDOUT [SysIntelligence] phase=A start — identity collection
[2026-06-21T00:48:58.464Z] STDERR [SysIntelligence] phase=timeout source=A.mem limit=1500ms
[2026-06-21T00:48:59.965Z] STDERR [SysIntelligence] phase=timeout source=baseboard limit=3000ms
[2026-06-21T00:48:59.965Z] STDERR [SysIntelligence] phase=timeout source=bios limit=3000ms
[2026-06-21T00:48:59.966Z] STDERR [SysIntelligence] phase=timeout source=graphics limit=3000ms
[2026-06-21T00:49:00.524Z] STDOUT [SysIntelligence] phase=A complete in 3563ms | CPU=Ryzen 7 9800X3D 8-Core Processor | GPU=AMD Radeon RX 7800 XT | RAM=32372MB
[2026-06-21T00:49:01.964Z] STDERR [SysIntelligence] phase=timeout source=cpu limit=5000ms
[2026-06-21T00:49:07.319Z] STDOUT [SysIntelligence] Background deep collection triggered
[2026-06-21T00:49:07.319Z] STDOUT [SysIntelligence] phase=full start — deep collection
[2026-06-21T00:49:10.561Z] STDERR [SysIntelligence] phase=timeout source=baseboard limit=3000ms
[2026-06-21T00:49:10.561Z] STDERR [SysIntelligence] probe=baseboard timeout #1 — setting 12min cooldown
[2026-06-21T00:49:10.561Z] STDERR [SysIntelligence] phase=timeout source=bios limit=3000ms
[2026-06-21T00:49:10.561Z] STDERR [SysIntelligence] phase=timeout source=graphics limit=3000ms
[2026-06-21T00:49:10.562Z] STDERR [SysIntelligence] probe=graphics timeout #1 — setting 12min cooldown
[2026-06-21T00:49:10.562Z] STDERR [SysIntelligence] phase=timeout source=osInfo limit=3000ms
[2026-06-21T00:49:10.562Z] STDERR [SysIntelligence] probe=osInfo timeout #1 — setting 12min cooldown
[2026-06-21T00:49:10.563Z] STDERR [SysIntelligence] phase=timeout source=platformPS limit=3000ms
[2026-06-21T00:49:10.563Z] STDERR [SysIntelligence] probe=platformPS timeout #1 — setting 12min cooldown
[2026-06-21T00:49:10.563Z] STDERR [SysIntelligence] phase=timeout source=monitorEDID limit=3000ms
[2026-06-21T00:49:11.321Z] STDERR [SysIntelligence] phase=timeout source=memLayout limit=4000ms
[2026-06-21T00:49:11.321Z] STDERR [SysIntelligence] phase=timeout source=diskLayout limit=4000ms
[2026-06-21T00:49:11.322Z] STDERR [SysIntelligence] probe=diskLayout timeout #1 — setting 12min cooldown
[2026-06-21T00:49:11.322Z] STDERR [SysIntelligence] phase=timeout source=fsSize limit=4000ms
[2026-06-21T00:49:11.322Z] STDERR [SysIntelligence] phase=timeout source=netIf limit=4000ms
[2026-06-21T00:49:11.322Z] STDERR [SysIntelligence] phase=timeout source=processes limit=4000ms
[2026-06-21T00:49:12.321Z] STDERR [SysIntelligence] phase=timeout source=cpu limit=5000ms
[2026-06-21T00:49:13.583Z] STDOUT [SysIntelligence] phase=full complete in 6263ms | MB=null | BIOS=F12a | CPU=Ryzen 7 9800X3D 8-Core Processor | GPUs=0 | RAMsticks=2
[2026-06-21T00:49:13.584Z] STDOUT [SysIntelligence] Disk cache updated
