[2026-06-17T11:24:27.369Z] HEALTH attempt=1 elapsed=0ms ERR ECONNREFUSED connect ECONNREFUSED 127.0.0.1:62690
[2026-06-17T11:24:27.420Z] HEALTH attempt=2 elapsed=55ms ERR ECONNREFUSED connect ECONNREFUSED 127.0.0.1:62690
[2026-06-17T11:24:27.473Z] HEALTH attempt=3 elapsed=108ms ERR ECONNREFUSED connect ECONNREFUSED 127.0.0.1:62690
[2026-06-17T11:24:27.524Z] HEALTH attempt=4 elapsed=159ms ERR ECONNREFUSED connect ECONNREFUSED 127.0.0.1:62690
[2026-06-17T11:24:27.525Z] STDOUT [DesktopSecrets] ELECTRON_BACKEND mode — bootstrapping secrets
[2026-06-17T11:24:27.543Z] STDOUT [DesktopSecrets] Secrets file path: C:\Users\SwitchTech\AppData\Roaming\SwitchControl\desktop-secrets.json
[2026-06-17T11:24:27.544Z] STDOUT [DesktopSecrets] Loaded persisted secrets from: C:\Users\SwitchTech\AppData\Roaming\SwitchControl\desktop-secrets.json
[2026-06-17T11:24:27.544Z] STDOUT [DesktopSecrets] JWT_SECRET: loaded from persisted file
[2026-06-17T11:24:27.544Z] STDOUT [DesktopSecrets] SESSION_SECRET: loaded from persisted file
[2026-06-17T11:24:27.545Z] STDOUT [DesktopSecrets] Bootstrap complete — JWT_SECRET and SESSION_SECRET are set
[2026-06-17T11:24:27.575Z] HEALTH attempt=5 elapsed=211ms ERR ECONNREFUSED connect ECONNREFUSED 127.0.0.1:62690
[2026-06-17T11:24:28.660Z] STDOUT [DB] Electron offline mode — no DATABASE_URL present, using in-memory mock storage.
[2026-06-17T11:24:28.660Z] STDOUT [Stripe] Billing not configured on local backend — expected in Electron mode.
[2026-06-17T11:24:28.660Z] STDOUT [FocusMode] Skipping DB init — running without database (Electron offline / dev no-DB mode).
[2026-06-17T11:24:28.661Z] STDOUT [JWT] ===== SELF-TEST START =====
[2026-06-17T11:24:28.661Z] STDOUT [JWT] config OK — JWT secret configured (secretFp=2aefc11e)
[2026-06-17T11:24:28.661Z] STDOUT [JWT] signed — userId=self-test-user-000 secretFp=2aefc11e tokenFp=eyJhbGci.eyJzdWIi
[2026-06-17T11:24:28.662Z] STDOUT [JWT] PASS: valid token → sub=self-test-user-000 exp=1784287468
[2026-06-17T11:24:28.662Z] STDOUT [JWT] PASS: invalid token → null (rejected)
[2026-06-17T11:24:28.662Z] STDOUT [JWT] PASS: expired token → null (rejected)
[2026-06-17T11:24:28.662Z] STDOUT [JWT] PASS: empty token → null (fallback to cookie path)
[2026-06-17T11:24:28.663Z] STDOUT [JWT] PASS: alg=none token → null (rejected)
[2026-06-17T11:24:28.663Z] STDOUT [JWT] PASS: wrong issuer token → null (rejected)
[2026-06-17T11:24:28.663Z] STDOUT [JWT] ===== SELF-TEST END =====
[2026-06-17T11:24:28.663Z] STDOUT [AUTH] Google OAuth not configured on local backend — expected in Electron mode (auth handled by cloud server).
[2026-06-17T11:24:28.664Z] STDOUT [AUTH] Using memory session store (NO-DB / Electron desktop mode)
[2026-06-17T11:24:28.664Z] STDOUT [AUTH] ===== SESSION COOKIE CONFIG =====
[2026-06-17T11:24:28.664Z] STDOUT [AUTH] production: true
[2026-06-17T11:24:28.664Z] STDOUT [AUTH] electronBackend: true
[2026-06-17T11:24:28.664Z] STDOUT [AUTH] cookie: {"httpOnly":true,"secure":false,"sameSite":"lax","maxAge":604800000,"path":"/"}
[2026-06-17T11:24:28.665Z] STDOUT [AUTH] ================================
[2026-06-17T11:24:28.665Z] STDOUT [AUTH] Discord OAuth not configured on local backend — expected in Electron mode (auth handled by cloud server).
[2026-06-17T11:24:28.665Z] STDOUT [WS] Live telemetry WebSocket server ready at /ws/telemetry (auth required)
[2026-06-17T11:24:28.665Z] STDOUT 11:24:28 PM [express] serving on 127.0.0.1:62690
[2026-06-17T11:24:28.678Z] Health check PASSED — attempt 6, 1314ms elapsed, body={"status":"ok","version":"1.1.2","uptime":1,"dbReachable":false,"timestamp":1781695468675}
[2026-06-17T11:24:43.420Z] STDOUT [SysIntelligence] Background deep collection triggered
[2026-06-17T11:24:43.420Z] STDOUT [SysIntelligence] phase=full start — deep collection
[2026-06-17T11:24:45.548Z] STDERR [SysIntelligence] phase=timeout source=battery limit=2000ms
[2026-06-17T11:24:45.549Z] STDERR [SysIntelligence] phase=timeout source=users limit=2000ms
[2026-06-17T11:24:46.421Z] STDERR [SysIntelligence] phase=timeout source=baseboard limit=3000ms
[2026-06-17T11:24:46.422Z] STDERR [SysIntelligence] phase=timeout source=bios limit=3000ms
[2026-06-17T11:24:46.422Z] STDERR [SysIntelligence] phase=timeout source=graphics limit=3000ms
[2026-06-17T11:24:46.423Z] STDERR [SysIntelligence] phase=timeout source=osInfo limit=3000ms
[2026-06-17T11:24:46.425Z] STDERR [SysIntelligence] phase=timeout source=platformPS limit=3000ms
[2026-06-17T11:24:46.426Z] STDERR [SysIntelligence] phase=timeout source=monitorEDID limit=3000ms
[2026-06-17T11:24:47.421Z] STDERR [SysIntelligence] phase=timeout source=memLayout limit=4000ms
[2026-06-17T11:24:47.422Z] STDERR [SysIntelligence] phase=timeout source=diskLayout limit=4000ms
[2026-06-17T11:24:47.422Z] STDERR [SysIntelligence] phase=timeout source=fsSize limit=4000ms
[2026-06-17T11:24:47.423Z] STDERR [SysIntelligence] phase=timeout source=netIf limit=4000ms
[2026-06-17T11:24:47.423Z] STDERR [SysIntelligence] phase=timeout source=netConn limit=4000ms
[2026-06-17T11:24:47.423Z] STDERR [SysIntelligence] phase=timeout source=processes limit=4000ms
[2026-06-17T11:24:48.421Z] STDERR [SysIntelligence] phase=timeout source=cpu limit=5000ms
[2026-06-17T11:24:49.883Z] STDOUT [SysIntelligence] phase=full complete in 6463ms | MB=null | BIOS=null | CPU=null | GPUs=0 | RAMsticks=0
[2026-06-17T11:24:49.884Z] STDOUT [SysIntelligence] Disk cache updated
