[2026-06-17T12:55:46.255Z] HEALTH attempt=1 elapsed=0ms ERR ECONNREFUSED connect ECONNREFUSED 127.0.0.1:57172
[2026-06-17T12:55:47.523Z] STDOUT [SysIntelligence] phase=full start — deep collection
[2026-06-17T12:55:49.527Z] STDERR [SysIntelligence] phase=timeout source=battery limit=2000ms
[2026-06-17T12:55:49.528Z] STDERR [SysIntelligence] phase=timeout source=users limit=2000ms
[2026-06-17T12:55:50.524Z] STDERR [SysIntelligence] phase=timeout source=baseboard limit=3000ms
[2026-06-17T12:55:50.524Z] STDERR [SysIntelligence] phase=timeout source=bios limit=3000ms
[2026-06-17T12:55:50.525Z] STDERR [SysIntelligence] phase=timeout source=graphics limit=3000ms
[2026-06-17T12:55:50.529Z] STDERR [SysIntelligence] phase=timeout source=osInfo limit=3000ms
[2026-06-17T12:55:50.529Z] STDERR [SysIntelligence] phase=timeout source=platformPS limit=3000ms
[2026-06-17T12:55:50.533Z] STDERR [SysIntelligence] phase=timeout source=monitorEDID limit=3000ms
[2026-06-17T12:55:51.525Z] STDERR [SysIntelligence] phase=timeout source=memLayout limit=4000ms
[2026-06-17T12:55:51.525Z] STDERR [SysIntelligence] phase=timeout source=diskLayout limit=4000ms
[2026-06-17T12:55:51.526Z] STDERR [SysIntelligence] phase=timeout source=fsSize limit=4000ms
[2026-06-17T12:55:51.526Z] STDERR [SysIntelligence] phase=timeout source=netIf limit=4000ms
[2026-06-17T12:55:51.526Z] STDERR [SysIntelligence] phase=timeout source=netConn limit=4000ms
[2026-06-17T12:55:51.527Z] STDERR [SysIntelligence] phase=timeout source=processes limit=4000ms
[2026-06-17T12:55:52.523Z] STDERR [SysIntelligence] phase=timeout source=cpu limit=5000ms
[2026-06-17T12:55:54.136Z] STDOUT [SysIntelligence] phase=full complete in 6613ms | MB=null | BIOS=null | CPU=null | GPUs=0 | RAMsticks=0
[2026-06-17T12:55:54.137Z] STDOUT [SysIntelligence] Disk cache updated
[2026-06-17T12:57:06.162Z] STDOUT [AppBooster] GET /games userId=64f0e669-6db6-42e7-a68a-681f9f5db567 — catalog: 16, installed: 0
[2026-06-17T12:57:10.187Z] STDOUT [AppBooster] POST /games/scan userId=64f0e669-6db6-42e7-a68a-681f9f5db567 — 16 result(s), 1 detected
[2026-06-17T12:57:10.191Z] STDOUT [AppBooster] GET /games userId=64f0e669-6db6-42e7-a68a-681f9f5db567 — catalog: 16, installed: 1
[2026-06-17T12:59:55.281Z] STDOUT [AppBooster] GET /games userId=64f0e669-6db6-42e7-a68a-681f9f5db567 — catalog: 16, installed: 1
[2026-06-17T13:00:00.608Z] STDOUT [AppBooster] POST /games/scan userId=64f0e669-6db6-42e7-a68a-681f9f5db567 — 16 result(s), 1 detected
[2026-06-17T13:00:00.611Z] STDOUT [AppBooster] GET /games userId=64f0e669-6db6-42e7-a68a-681f9f5db567 — catalog: 16, installed: 1
[2026-06-17T13:00:07.434Z] STDOUT [AppBooster] GET /games userId=64f0e669-6db6-42e7-a68a-681f9f5db567 — catalog: 16, installed: 1
[2026-06-17T13:00:13.076Z] STDOUT [AppBooster] POST /games/scan userId=64f0e669-6db6-42e7-a68a-681f9f5db567 — 16 result(s), 1 detected
[2026-06-17T13:00:13.081Z] STDOUT [AppBooster] GET /games userId=64f0e669-6db6-42e7-a68a-681f9f5db567 — catalog: 16, installed: 1
