[2026-06-20T09:40:20.331Z] HEALTH attempt=1 elapsed=0ms ERR ECONNREFUSED connect ECONNREFUSED 127.0.0.1:63332
[2026-06-20T09:40:20.389Z] HEALTH attempt=2 elapsed=61ms ERR ECONNREFUSED connect ECONNREFUSED 127.0.0.1:63332
[2026-06-20T09:40:20.443Z] HEALTH attempt=3 elapsed=115ms ERR ECONNREFUSED connect ECONNREFUSED 127.0.0.1:63332
[2026-06-20T09:40:20.461Z] STDOUT [DesktopSecrets] ELECTRON_BACKEND mode — bootstrapping secrets
[2026-06-20T09:40:20.462Z] STDOUT [DesktopSecrets] Secrets file path: C:\Users\SwitchTech\AppData\Roaming\SwitchControl\desktop-secrets.json
[2026-06-20T09:40:20.462Z] STDOUT [DesktopSecrets] Loaded persisted secrets from: C:\Users\SwitchTech\AppData\Roaming\SwitchControl\desktop-secrets.json
[2026-06-20T09:40:20.462Z] STDOUT [DesktopSecrets] JWT_SECRET: loaded from persisted file
[2026-06-20T09:40:20.463Z] STDOUT [DesktopSecrets] SESSION_SECRET: loaded from persisted file
[2026-06-20T09:40:20.463Z] STDOUT [DesktopSecrets] Bootstrap complete — JWT_SECRET and SESSION_SECRET are set
[2026-06-20T09:40:20.495Z] HEALTH attempt=4 elapsed=167ms ERR ECONNREFUSED connect ECONNREFUSED 127.0.0.1:63332
[2026-06-20T09:40:20.545Z] STDOUT [DB] Electron offline mode — no DATABASE_URL present, using in-memory mock storage.
[2026-06-20T09:40:21.329Z] HEALTH attempt=5 elapsed=219ms ERR ECONNREFUSED connect ECONNREFUSED 127.0.0.1:63332
[2026-06-20T09:40:21.329Z] STDOUT [Stripe] Billing not configured on local backend — expected in Electron mode.
[2026-06-20T09:40:21.329Z] STDOUT [JWT] ===== SELF-TEST START =====
[2026-06-20T09:40:21.330Z] STDOUT [JWT] config OK — JWT secret configured (secretFp=64ecaf8a)
[2026-06-20T09:40:21.330Z] STDOUT [JWT] signed — userId=self-test-user-000 secretFp=64ecaf8a tokenFp=eyJhbGci.eyJzdWIi
[2026-06-20T09:40:21.330Z] STDOUT [JWT] PASS: valid token → sub=self-test-user-000 exp=1784540420
[2026-06-20T09:40:21.330Z] STDOUT [JWT] PASS: invalid token → null (rejected)
[2026-06-20T09:40:21.331Z] STDOUT [JWT] PASS: expired token → null (rejected)
[2026-06-20T09:40:21.331Z] STDOUT [JWT] PASS: empty token → null (fallback to cookie path)
[2026-06-20T09:40:21.331Z] STDOUT [JWT] PASS: alg=none token → null (rejected)
[2026-06-20T09:40:21.331Z] STDOUT [JWT] PASS: wrong issuer token → null (rejected)
[2026-06-20T09:40:21.331Z] STDOUT [JWT] ===== SELF-TEST END =====
[2026-06-20T09:40:21.332Z] STDOUT [AUTH] Google OAuth not configured on local backend — expected in Electron mode (auth handled by cloud server).
[2026-06-20T09:40:21.332Z] STDOUT [AUTH] Using memory session store (NO-DB / Electron desktop mode)
[2026-06-20T09:40:21.332Z] STDOUT [AUTH] ===== SESSION COOKIE CONFIG =====
[2026-06-20T09:40:21.333Z] STDOUT [AUTH] production: true
[2026-06-20T09:40:21.333Z] STDOUT [AUTH] electronBackend: true
[2026-06-20T09:40:21.333Z] STDOUT [AUTH] cookie: {"httpOnly":true,"secure":false,"sameSite":"lax","maxAge":604800000,"path":"/"}
[2026-06-20T09:40:21.333Z] STDOUT [AUTH] ================================
[2026-06-20T09:40:21.334Z] STDOUT [AUTH] Discord OAuth not configured on local backend — expected in Electron mode (auth handled by cloud server).
[2026-06-20T09:40:21.334Z] STDOUT [WS] Live telemetry WebSocket server ready at /ws/telemetry (auth required)
[2026-06-20T09:40:21.334Z] STDOUT 9:40:20 PM [express] serving on 127.0.0.1:63332
[2026-06-20T09:40:21.391Z] Health check PASSED — attempt 6, 1063ms elapsed, body={"status":"ok","version":"1.1.5","uptime":1,"dbReachable":false,"timestamp":1781948421385}
[2026-06-20T09:40:35.721Z] STDOUT [SysIntelligence] Background deep collection triggered
[2026-06-20T09:40:35.721Z] STDOUT [SysIntelligence] phase=full start — deep collection
[2026-06-20T09:40:38.722Z] STDERR [SysIntelligence] phase=timeout source=baseboard limit=3000ms
[2026-06-20T09:40:38.722Z] STDERR [SysIntelligence] phase=timeout source=bios limit=3000ms
[2026-06-20T09:40:38.722Z] STDERR [SysIntelligence] phase=timeout source=graphics limit=3000ms
[2026-06-20T09:40:38.723Z] STDERR [SysIntelligence] phase=timeout source=osInfo limit=3000ms
[2026-06-20T09:40:38.723Z] STDERR [SysIntelligence] probe=osInfo timeout #1 — setting 12min cooldown
[2026-06-20T09:40:38.725Z] STDERR [SysIntelligence] phase=timeout source=platformPS limit=3000ms
[2026-06-20T09:40:38.725Z] STDERR [SysIntelligence] probe=platformPS timeout #1 — setting 12min cooldown
[2026-06-20T09:40:38.727Z] STDERR [SysIntelligence] phase=timeout source=monitorEDID limit=3000ms
[2026-06-20T09:40:39.724Z] STDERR [SysIntelligence] phase=timeout source=memLayout limit=4000ms
[2026-06-20T09:40:39.724Z] STDERR [SysIntelligence] phase=timeout source=diskLayout limit=4000ms
[2026-06-20T09:40:39.724Z] STDERR [SysIntelligence] phase=timeout source=fsSize limit=4000ms
[2026-06-20T09:40:39.724Z] STDERR [SysIntelligence] phase=timeout source=netIf limit=4000ms
[2026-06-20T09:40:39.725Z] STDERR [SysIntelligence] phase=timeout source=processes limit=4000ms
[2026-06-20T09:40:40.728Z] STDERR [SysIntelligence] phase=timeout source=cpu limit=5000ms
[2026-06-20T09:40:41.070Z] STDOUT [SysIntelligence] phase=full complete in 5348ms | MB=X870E AORUS PRO ICE | BIOS=F12a | CPU=Ryzen 7 9800X3D 8-Core Processor | GPUs=1 | RAMsticks=2
[2026-06-20T09:40:41.071Z] STDOUT [SysIntelligence] Disk cache updated
