[2026-06-17T22:26:10.609Z] HEALTH attempt=1 elapsed=0ms ERR ECONNREFUSED connect ECONNREFUSED 127.0.0.1:58022
[2026-06-17T22:26:10.660Z] HEALTH attempt=2 elapsed=55ms ERR ECONNREFUSED connect ECONNREFUSED 127.0.0.1:58022
[2026-06-17T22:26:10.710Z] HEALTH attempt=3 elapsed=106ms ERR ECONNREFUSED connect ECONNREFUSED 127.0.0.1:58022
[2026-06-17T22:26:10.762Z] HEALTH attempt=4 elapsed=157ms ERR ECONNREFUSED connect ECONNREFUSED 127.0.0.1:58022
[2026-06-17T22:26:10.769Z] STDOUT [DesktopSecrets] ELECTRON_BACKEND mode — bootstrapping secrets
[2026-06-17T22:26:10.769Z] STDOUT [DesktopSecrets] Secrets file path: C:\Users\SwitchTech\AppData\Roaming\SwitchControl\desktop-secrets.json
[2026-06-17T22:26:10.770Z] STDOUT [DesktopSecrets] Loaded persisted secrets from: C:\Users\SwitchTech\AppData\Roaming\SwitchControl\desktop-secrets.json
[2026-06-17T22:26:10.770Z] STDOUT [DesktopSecrets] JWT_SECRET: loaded from persisted file
[2026-06-17T22:26:10.771Z] STDOUT [DesktopSecrets] SESSION_SECRET: loaded from persisted file
[2026-06-17T22:26:10.771Z] STDOUT [DesktopSecrets] Bootstrap complete — JWT_SECRET and SESSION_SECRET are set
[2026-06-17T22:26:10.813Z] HEALTH attempt=5 elapsed=208ms ERR ECONNREFUSED connect ECONNREFUSED 127.0.0.1:58022
[2026-06-17T22:26:11.980Z] STDOUT [DB] Electron offline mode — no DATABASE_URL present, using in-memory mock storage.
[2026-06-17T22:26:11.980Z] STDOUT [Stripe] Billing not configured on local backend — expected in Electron mode.
[2026-06-17T22:26:11.980Z] STDOUT [FocusMode] Skipping DB init — running without database (Electron offline / dev no-DB mode).
[2026-06-17T22:26:11.980Z] STDOUT [JWT] ===== SELF-TEST START =====
[2026-06-17T22:26:11.981Z] STDOUT [JWT] config OK — JWT secret configured (secretFp=b2f9f0e3)
[2026-06-17T22:26:11.981Z] STDOUT [JWT] signed — userId=self-test-user-000 secretFp=b2f9f0e3 tokenFp=eyJhbGci.eyJzdWIi
[2026-06-17T22:26:11.981Z] STDOUT [JWT] PASS: valid token → sub=self-test-user-000 exp=1784327171
[2026-06-17T22:26:11.981Z] STDOUT [JWT] PASS: invalid token → null (rejected)
[2026-06-17T22:26:11.982Z] STDOUT [JWT] PASS: expired token → null (rejected)
[2026-06-17T22:26:11.982Z] STDOUT [JWT] PASS: empty token → null (fallback to cookie path)
[2026-06-17T22:26:11.982Z] STDOUT [JWT] PASS: alg=none token → null (rejected)
[2026-06-17T22:26:11.982Z] STDOUT [JWT] PASS: wrong issuer token → null (rejected)
[2026-06-17T22:26:11.982Z] STDOUT [JWT] ===== SELF-TEST END =====
[2026-06-17T22:26:11.983Z] STDOUT [AUTH] Google OAuth not configured on local backend — expected in Electron mode (auth handled by cloud server).
[2026-06-17T22:26:11.983Z] STDOUT [AUTH] Using memory session store (NO-DB / Electron desktop mode)
[2026-06-17T22:26:11.983Z] STDOUT [AUTH] ===== SESSION COOKIE CONFIG =====
[2026-06-17T22:26:11.983Z] STDOUT [AUTH] production: true
[2026-06-17T22:26:11.984Z] STDOUT [AUTH] electronBackend: true
[2026-06-17T22:26:11.984Z] STDOUT [AUTH] cookie: {"httpOnly":true,"secure":false,"sameSite":"lax","maxAge":604800000,"path":"/"}
[2026-06-17T22:26:11.984Z] STDOUT [AUTH] ================================
[2026-06-17T22:26:11.984Z] STDOUT [AUTH] Discord OAuth not configured on local backend — expected in Electron mode (auth handled by cloud server).
[2026-06-17T22:26:11.985Z] STDOUT [WS] Live telemetry WebSocket server ready at /ws/telemetry (auth required)
[2026-06-17T22:26:11.985Z] STDOUT 10:26:11 AM [express] serving on 127.0.0.1:58022
[2026-06-17T22:26:12.007Z] Health check PASSED — attempt 6, 1402ms elapsed, body={"status":"ok","version":"1.1.2","uptime":1,"dbReachable":false,"timestamp":1781735172003}
[2026-06-17T22:26:15.483Z] STDOUT [SysIntelligence] phase=full start — deep collection
[2026-06-17T22:26:17.486Z] STDERR [SysIntelligence] phase=timeout source=battery limit=2000ms
[2026-06-17T22:26:17.487Z] STDERR [SysIntelligence] phase=timeout source=users limit=2000ms
[2026-06-17T22:26:18.553Z] STDERR [SysIntelligence] phase=timeout source=baseboard limit=3000ms
[2026-06-17T22:26:18.554Z] STDERR [SysIntelligence] phase=timeout source=bios limit=3000ms
[2026-06-17T22:26:18.554Z] STDERR [SysIntelligence] phase=timeout source=graphics limit=3000ms
[2026-06-17T22:26:18.554Z] STDERR [SysIntelligence] phase=timeout source=osInfo limit=3000ms
[2026-06-17T22:26:18.555Z] STDERR [SysIntelligence] phase=timeout source=platformPS limit=3000ms
[2026-06-17T22:26:18.555Z] STDERR [SysIntelligence] phase=timeout source=monitorEDID limit=3000ms
[2026-06-17T22:26:19.484Z] STDERR [SysIntelligence] phase=timeout source=memLayout limit=4000ms
[2026-06-17T22:26:19.485Z] STDERR [SysIntelligence] phase=timeout source=diskLayout limit=4000ms
[2026-06-17T22:26:19.485Z] STDERR [SysIntelligence] phase=timeout source=fsSize limit=4000ms
[2026-06-17T22:26:19.485Z] STDERR [SysIntelligence] phase=timeout source=netIf limit=4000ms
[2026-06-17T22:26:19.486Z] STDERR [SysIntelligence] phase=timeout source=netConn limit=4000ms
[2026-06-17T22:26:19.486Z] STDERR [SysIntelligence] phase=timeout source=processes limit=4000ms
[2026-06-17T22:26:20.484Z] STDERR [SysIntelligence] phase=timeout source=cpu limit=5000ms
[2026-06-17T22:26:22.089Z] STDOUT [SysIntelligence] phase=full complete in 6606ms | MB=null | BIOS=null | CPU=null | GPUs=0 | RAMsticks=0
[2026-06-17T22:26:22.091Z] STDOUT [SysIntelligence] Disk cache updated
[2026-06-17T22:27:47.736Z] STDOUT [AppBooster] GET /games userId=64f0e669-6db6-42e7-a68a-681f9f5db567 — catalog: 16, installed: 0
