[2026-06-21T21:28:25.569Z] HEALTH attempt=1 elapsed=0ms ERR ECONNREFUSED connect ECONNREFUSED 127.0.0.1:63891
[2026-06-21T21:28:25.623Z] HEALTH attempt=2 elapsed=57ms ERR ECONNREFUSED connect ECONNREFUSED 127.0.0.1:63891
[2026-06-21T21:28:25.676Z] HEALTH attempt=3 elapsed=110ms ERR ECONNREFUSED connect ECONNREFUSED 127.0.0.1:63891
[2026-06-21T21:28:25.713Z] STDOUT [DesktopSecrets] ELECTRON_BACKEND mode — bootstrapping secrets
[2026-06-21T21:28:25.713Z] STDOUT [DesktopSecrets] Secrets file path: C:\Users\SwitchTech\AppData\Roaming\SwitchControl\desktop-secrets.json
[2026-06-21T21:28:25.714Z] STDOUT [DesktopSecrets] Loaded persisted secrets from: C:\Users\SwitchTech\AppData\Roaming\SwitchControl\desktop-secrets.json
[2026-06-21T21:28:25.714Z] STDOUT [DesktopSecrets] JWT_SECRET: loaded from persisted file
[2026-06-21T21:28:25.714Z] STDOUT [DesktopSecrets] SESSION_SECRET: loaded from persisted file
[2026-06-21T21:28:25.714Z] STDOUT [DesktopSecrets] Bootstrap complete — JWT_SECRET and SESSION_SECRET are set
[2026-06-21T21:28:25.727Z] HEALTH attempt=4 elapsed=161ms ERR ECONNREFUSED connect ECONNREFUSED 127.0.0.1:63891
[2026-06-21T21:28:26.677Z] HEALTH attempt=5 elapsed=213ms ERR ECONNREFUSED connect ECONNREFUSED 127.0.0.1:63891
[2026-06-21T21:28:26.677Z] STDOUT [DB] Electron offline mode — no DATABASE_URL present, using in-memory mock storage.
[2026-06-21T21:28:26.678Z] STDOUT [Stripe] Billing not configured on local backend — expected in Electron mode.
[2026-06-21T21:28:26.678Z] STDOUT [JWT] ===== SELF-TEST START =====
[2026-06-21T21:28:26.678Z] STDOUT [JWT] config OK — JWT secret configured (secretFp=64ecaf8a)
[2026-06-21T21:28:26.678Z] STDOUT [JWT] signed — userId=self-test-user-000 secretFp=64ecaf8a tokenFp=eyJhbGci.eyJzdWIi
[2026-06-21T21:28:26.678Z] STDOUT [JWT] PASS: valid token → sub=self-test-user-000 exp=1784669306
[2026-06-21T21:28:26.679Z] STDOUT [JWT] PASS: invalid token → null (rejected)
[2026-06-21T21:28:26.679Z] STDOUT [JWT] PASS: expired token → null (rejected)
[2026-06-21T21:28:26.679Z] STDOUT [JWT] PASS: empty token → null (fallback to cookie path)
[2026-06-21T21:28:26.679Z] STDOUT [JWT] PASS: alg=none token → null (rejected)
[2026-06-21T21:28:26.680Z] STDOUT [JWT] PASS: wrong issuer token → null (rejected)
[2026-06-21T21:28:26.680Z] STDOUT [JWT] ===== SELF-TEST END =====
[2026-06-21T21:28:26.680Z] STDOUT [AUTH] Google OAuth not configured on local backend — expected in Electron mode (auth handled by cloud server).
[2026-06-21T21:28:26.680Z] STDOUT [AUTH] Using memory session store (NO-DB / Electron desktop mode)
[2026-06-21T21:28:26.680Z] STDOUT [AUTH] ===== SESSION COOKIE CONFIG =====
[2026-06-21T21:28:26.681Z] STDOUT [AUTH] production: true
[2026-06-21T21:28:26.681Z] STDOUT [AUTH] electronBackend: true
[2026-06-21T21:28:26.681Z] STDOUT [AUTH] cookie: {"httpOnly":true,"secure":false,"sameSite":"lax","maxAge":604800000,"path":"/"}
[2026-06-21T21:28:26.681Z] STDOUT [AUTH] ================================
[2026-06-21T21:28:26.682Z] STDOUT [AUTH] Discord OAuth not configured on local backend — expected in Electron mode (auth handled by cloud server).
[2026-06-21T21:28:26.682Z] STDOUT [WS] Live telemetry WebSocket server ready at /ws/telemetry (auth required)
[2026-06-21T21:28:26.682Z] STDOUT 9:28:26 AM [express] serving on 127.0.0.1:63891
[2026-06-21T21:28:26.736Z] Health check PASSED — attempt 6, 1170ms elapsed, body={"status":"ok","version":"1.1.6","uptime":1,"dbReachable":false,"timestamp":1782077306728}
[2026-06-21T21:28:28.919Z] STDOUT [SysIntelligence] phase=A start — identity collection (sequential, WMI-safe)
[2026-06-21T21:28:31.924Z] STDERR [SysIntelligence] phase=timeout source=A.mem limit=3000ms
[2026-06-21T21:28:33.814Z] STDOUT [SysIntelligence] phase=A complete in 4896ms | CPU=Ryzen 7 9800X3D 8-Core Processor | GPU=AMD Radeon RX 7800 XT | RAM=32372MB | probes: mem+cpu+graphics (baseboard/bios skipped)
[2026-06-21T21:28:38.731Z] STDERR [SysIntelligence] phase=timeout source=graphics limit=6000ms
[2026-06-21T21:28:39.255Z] STDERR [SysIntelligence] phase=timeout source=cpu limit=9000ms
[2026-06-21T21:28:46.408Z] STDOUT [SysIntelligence] Background deep collection triggered
[2026-06-21T21:28:46.408Z] STDOUT [SysIntelligence] phase=full start — deep collection
[2026-06-21T21:28:52.412Z] STDERR [SysIntelligence] phase=timeout source=processes limit=6000ms
[2026-06-21T21:28:53.723Z] STDOUT [SysIntelligence] phase=full complete in 7315ms | MB=X870E AORUS PRO ICE | BIOS=F12a | CPU=Ryzen 7 9800X3D 8-Core Processor | GPUs=1 | RAMsticks=2
[2026-06-21T21:28:53.724Z] STDOUT [SysIntelligence] Disk cache updated
[2026-06-21T21:28:54.412Z] STDERR [SysIntelligence] phase=timeout source=graphics limit=8000ms
[2026-06-21T21:28:54.412Z] STDERR [SysIntelligence] phase=timeout source=fsSize limit=8000ms
[2026-06-21T21:28:54.413Z] STDERR [SysIntelligence] phase=timeout source=netIf limit=8000ms
[2026-06-21T21:28:54.413Z] STDERR [SysIntelligence] phase=timeout source=osInfo limit=8000ms
[2026-06-21T21:28:54.413Z] STDERR [SysIntelligence] phase=timeout source=monitorEDID limit=8000ms
[2026-06-21T21:28:56.414Z] STDERR [SysIntelligence] phase=timeout source=cpu limit=10000ms
[2026-06-21T21:28:56.415Z] STDERR [SysIntelligence] phase=timeout source=memLayout limit=10000ms
[2026-06-21T21:28:56.415Z] STDERR [SysIntelligence] phase=timeout source=diskLayout limit=10000ms
[2026-06-21T21:28:56.415Z] STDERR [SysIntelligence] phase=timeout source=platformPS limit=10000ms
[2026-06-21T21:28:58.412Z] STDERR [SysIntelligence] phase=timeout source=baseboard limit=12000ms
[2026-06-21T21:28:58.412Z] STDERR [SysIntelligence] phase=timeout source=bios limit=12000ms
