[2026-06-22T04:38:00.912Z] HEALTH attempt=1 elapsed=0ms ERR ECONNREFUSED connect ECONNREFUSED 127.0.0.1:54569
[2026-06-22T04:38:00.971Z] HEALTH attempt=2 elapsed=62ms ERR ECONNREFUSED connect ECONNREFUSED 127.0.0.1:54569
[2026-06-22T04:38:01.025Z] HEALTH attempt=3 elapsed=116ms ERR ECONNREFUSED connect ECONNREFUSED 127.0.0.1:54569
[2026-06-22T04:38:01.077Z] HEALTH attempt=4 elapsed=169ms ERR ECONNREFUSED connect ECONNREFUSED 127.0.0.1:54569
[2026-06-22T04:38:01.081Z] STDOUT [DesktopSecrets] ELECTRON_BACKEND mode — bootstrapping secrets
[2026-06-22T04:38:01.081Z] STDOUT [DesktopSecrets] Secrets file path: C:\Users\SwitchTech\AppData\Roaming\SwitchControl\desktop-secrets.json
[2026-06-22T04:38:01.082Z] STDOUT [DesktopSecrets] Loaded persisted secrets from: C:\Users\SwitchTech\AppData\Roaming\SwitchControl\desktop-secrets.json
[2026-06-22T04:38:01.082Z] STDOUT [DesktopSecrets] JWT_SECRET: loaded from persisted file
[2026-06-22T04:38:01.082Z] STDOUT [DesktopSecrets] SESSION_SECRET: loaded from persisted file
[2026-06-22T04:38:01.082Z] STDOUT [DesktopSecrets] Bootstrap complete — JWT_SECRET and SESSION_SECRET are set
[2026-06-22T04:38:02.344Z] STDOUT [DB] Electron offline mode — no DATABASE_URL present, using in-memory mock storage.
[2026-06-22T04:38:02.344Z] STDOUT [Stripe] Billing not configured on local backend — expected in Electron mode.
[2026-06-22T04:38:02.344Z] STDOUT [JWT] ===== SELF-TEST START =====
[2026-06-22T04:38:02.344Z] STDOUT [JWT] config OK — JWT secret configured (secretFp=f577a787)
[2026-06-22T04:38:02.345Z] STDOUT [JWT] signed — userId=self-test-user-000 secretFp=f577a787 tokenFp=eyJhbGci.eyJzdWIi
[2026-06-22T04:38:02.345Z] STDOUT [JWT] PASS: valid token → sub=self-test-user-000 exp=1784695081
[2026-06-22T04:38:02.345Z] STDOUT [JWT] PASS: invalid token → null (rejected)
[2026-06-22T04:38:02.345Z] STDOUT [JWT] PASS: expired token → null (rejected)
[2026-06-22T04:38:02.345Z] STDOUT [JWT] PASS: empty token → null (fallback to cookie path)
[2026-06-22T04:38:02.346Z] STDOUT [JWT] PASS: alg=none token → null (rejected)
[2026-06-22T04:38:02.346Z] STDOUT [JWT] PASS: wrong issuer token → null (rejected)
[2026-06-22T04:38:02.346Z] STDOUT [JWT] ===== SELF-TEST END =====
[2026-06-22T04:38:02.346Z] STDOUT [AUTH] Google OAuth not configured on local backend — expected in Electron mode (auth handled by cloud server).
[2026-06-22T04:38:02.347Z] STDOUT [AUTH] Using memory session store (NO-DB / Electron desktop mode)
[2026-06-22T04:38:02.347Z] STDOUT [AUTH] ===== SESSION COOKIE CONFIG =====
[2026-06-22T04:38:02.347Z] STDOUT [AUTH] production: true
[2026-06-22T04:38:02.347Z] STDOUT [AUTH] electronBackend: true
[2026-06-22T04:38:02.348Z] STDOUT [AUTH] cookie: {"httpOnly":true,"secure":false,"sameSite":"lax","maxAge":604800000,"path":"/"}
[2026-06-22T04:38:02.348Z] STDOUT [AUTH] ================================
[2026-06-22T04:38:02.348Z] STDOUT [AUTH] Discord OAuth not configured on local backend — expected in Electron mode (auth handled by cloud server).
[2026-06-22T04:38:02.348Z] STDOUT [WS] Live telemetry WebSocket server ready at /ws/telemetry (auth required)
[2026-06-22T04:38:02.348Z] STDOUT 4:38:01 PM [express] serving on 127.0.0.1:54569
[2026-06-22T04:38:02.362Z] Health check PASSED — attempt 5, 1454ms elapsed, body={"status":"ok","version":"1.1.6","uptime":1,"dbReachable":false,"timestamp":1782103082360}
[2026-06-22T04:38:04.273Z] STDOUT [SysIntelligence] phase=A start — identity collection (sequential, WMI-safe)
[2026-06-22T04:38:07.275Z] STDERR [SysIntelligence] phase=timeout source=A.mem limit=3000ms
[2026-06-22T04:38:09.705Z] STDOUT [SysIntelligence] phase=A complete in 5430ms | CPU=Ryzen 7 9800X3D 8-Core Processor | GPU=AMD Radeon RX 7800 XT | RAM=32372MB | probes: mem+cpu+graphics (baseboard/bios skipped)
[2026-06-22T04:38:14.551Z] STDERR [SysIntelligence] phase=timeout source=graphics limit=6000ms
[2026-06-22T04:38:14.708Z] STDERR [SysIntelligence] phase=timeout source=cpu limit=9000ms
[2026-06-22T04:38:21.907Z] STDOUT [SysIntelligence] Background deep collection triggered
[2026-06-22T04:38:21.908Z] STDOUT [SysIntelligence] phase=full start — deep collection
[2026-06-22T04:38:27.912Z] STDERR [SysIntelligence] phase=timeout source=processes limit=6000ms
[2026-06-22T04:38:29.603Z] STDOUT [SysIntelligence] phase=full complete in 7695ms | MB=X870E AORUS PRO ICE | BIOS=F12a | CPU=Ryzen 7 9800X3D 8-Core Processor | GPUs=1 | RAMsticks=2
[2026-06-22T04:38:29.605Z] STDOUT [SysIntelligence] Disk cache updated
[2026-06-22T04:38:29.912Z] STDERR [SysIntelligence] phase=timeout source=graphics limit=8000ms
[2026-06-22T04:38:29.913Z] STDERR [SysIntelligence] phase=timeout source=fsSize limit=8000ms
[2026-06-22T04:38:29.913Z] STDERR [SysIntelligence] phase=timeout source=netIf limit=8000ms
[2026-06-22T04:38:29.913Z] STDERR [SysIntelligence] phase=timeout source=osInfo limit=8000ms
[2026-06-22T04:38:29.914Z] STDERR [SysIntelligence] phase=timeout source=monitorEDID limit=8000ms
[2026-06-22T04:38:31.915Z] STDERR [SysIntelligence] phase=timeout source=cpu limit=10000ms
[2026-06-22T04:38:31.915Z] STDERR [SysIntelligence] phase=timeout source=memLayout limit=10000ms
[2026-06-22T04:38:31.915Z] STDERR [SysIntelligence] phase=timeout source=diskLayout limit=10000ms
[2026-06-22T04:38:31.915Z] STDERR [SysIntelligence] phase=timeout source=platformPS limit=10000ms
[2026-06-22T04:38:33.910Z] STDERR [SysIntelligence] phase=timeout source=baseboard limit=12000ms
[2026-06-22T04:38:33.910Z] STDERR [SysIntelligence] phase=timeout source=bios limit=12000ms
