[2026-06-22T07:35:30.173Z] HEALTH attempt=1 elapsed=0ms ERR ECONNREFUSED connect ECONNREFUSED 127.0.0.1:60637
[2026-06-22T07:35:30.226Z] HEALTH attempt=2 elapsed=55ms ERR ECONNREFUSED connect ECONNREFUSED 127.0.0.1:60637
[2026-06-22T07:35:30.248Z] STDOUT [DesktopSecrets] ELECTRON_BACKEND mode — bootstrapping secrets
[2026-06-22T07:35:30.248Z] STDOUT [DesktopSecrets] Secrets file path: C:\Users\SwitchTech\AppData\Roaming\SwitchControl\desktop-secrets.json
[2026-06-22T07:35:30.249Z] STDOUT [DesktopSecrets] Loaded persisted secrets from: C:\Users\SwitchTech\AppData\Roaming\SwitchControl\desktop-secrets.json
[2026-06-22T07:35:30.249Z] STDOUT [DesktopSecrets] JWT_SECRET: loaded from persisted file
[2026-06-22T07:35:30.249Z] STDOUT [DesktopSecrets] SESSION_SECRET: loaded from persisted file
[2026-06-22T07:35:30.249Z] STDOUT [DesktopSecrets] Bootstrap complete — JWT_SECRET and SESSION_SECRET are set
[2026-06-22T07:35:30.278Z] HEALTH attempt=3 elapsed=107ms ERR ECONNREFUSED connect ECONNREFUSED 127.0.0.1:60637
[2026-06-22T07:35:30.298Z] STDOUT [DB] Electron offline mode — no DATABASE_URL present, using in-memory mock storage.
[2026-06-22T07:35:30.306Z] STDOUT [Stripe] Billing not configured on local backend — expected in Electron mode.
[2026-06-22T07:35:30.395Z] STDOUT [JWT] ===== SELF-TEST START =====
[2026-06-22T07:35:30.395Z] STDOUT [JWT] config OK — JWT secret configured (secretFp=f577a787)
[2026-06-22T07:35:30.395Z] STDOUT [JWT] signed — userId=self-test-user-000 secretFp=f577a787 tokenFp=eyJhbGci.eyJzdWIi
[2026-06-22T07:35:30.395Z] STDOUT [JWT] PASS: valid token → sub=self-test-user-000 exp=1784705730
[2026-06-22T07:35:30.395Z] STDOUT [JWT] PASS: invalid token → null (rejected)
[2026-06-22T07:35:30.396Z] STDOUT [JWT] PASS: expired token → null (rejected)
[2026-06-22T07:35:30.396Z] STDOUT [JWT] PASS: empty token → null (fallback to cookie path)
[2026-06-22T07:35:30.396Z] STDOUT [JWT] PASS: alg=none token → null (rejected)
[2026-06-22T07:35:30.396Z] STDOUT [JWT] PASS: wrong issuer token → null (rejected)
[2026-06-22T07:35:30.397Z] STDOUT [JWT] ===== SELF-TEST END =====
[2026-06-22T07:35:30.397Z] STDOUT [AUTH] Google OAuth not configured on local backend — expected in Electron mode (auth handled by cloud server).
[2026-06-22T07:35:30.397Z] STDOUT [AUTH] Using memory session store (NO-DB / Electron desktop mode)
[2026-06-22T07:35:30.397Z] STDOUT [AUTH] ===== SESSION COOKIE CONFIG =====
[2026-06-22T07:35:30.397Z] STDOUT [AUTH] production: true
[2026-06-22T07:35:30.397Z] STDOUT [AUTH] electronBackend: true
[2026-06-22T07:35:30.397Z] STDOUT [AUTH] cookie: {"httpOnly":true,"secure":false,"sameSite":"lax","maxAge":604800000,"path":"/"}
[2026-06-22T07:35:30.398Z] STDOUT [AUTH] ================================
[2026-06-22T07:35:30.398Z] STDOUT [AUTH] Discord OAuth not configured on local backend — expected in Electron mode (auth handled by cloud server).
[2026-06-22T07:35:30.398Z] STDOUT [WS] Live telemetry WebSocket server ready at /ws/telemetry (auth required)
[2026-06-22T07:35:30.398Z] STDOUT 7:35:30 PM [express] serving on 127.0.0.1:60637
[2026-06-22T07:35:30.407Z] Health check PASSED — attempt 4, 237ms elapsed, body={"status":"ok","version":"1.1.6","uptime":0,"dbReachable":false,"timestamp":1782113730408}
[2026-06-22T07:35:33.456Z] STDOUT [SysIntelligence] phase=A start — identity collection (sequential, WMI-safe)
[2026-06-22T07:35:34.864Z] STDERR [HTTP] [a0091f3f-afa5-4e67-a42d-db17b58b7116] GET /api/tweak-intelligence/system-state 503 1ms
[2026-06-22T07:35:34.865Z] STDERR [HTTP] [165da8e3-c951-492b-b1c5-5db1ee591965] GET /api/tweak-intelligence/rankings 503 1ms
[2026-06-22T07:35:36.461Z] STDERR [SysIntelligence] phase=timeout source=A.mem limit=3000ms
[2026-06-22T07:35:36.621Z] STDERR [HTTP] [ca378e27-777a-4359-8de6-2eb7a1132b83] GET /api/tweak-intelligence/system-state 503 1ms
[2026-06-22T07:35:36.622Z] STDERR [HTTP] [0e9e29a0-b776-4571-a187-878c2de81969] GET /api/tweak-intelligence/rankings 503 1ms
[2026-06-22T07:35:37.556Z] STDERR [HTTP] [04e18c32-8b54-477f-93eb-ae35ea2bab46] GET /api/tweak-intelligence/system-state 503 0ms
[2026-06-22T07:35:37.557Z] STDERR [HTTP] [c708f043-f8ef-4d66-a905-093494392acc] GET /api/tweak-intelligence/rankings 503 1ms
[2026-06-22T07:35:39.941Z] STDOUT [SysIntelligence] phase=A complete in 6484ms | CPU=Ryzen 7 9800X3D 8-Core Processor | GPU=AMD Radeon RX 7800 XT | RAM=32372MB | probes: mem+cpu+graphics (baseboard/bios skipped)
[2026-06-22T07:35:42.120Z] STDERR [SysIntelligence] phase=timeout source=A.netIf limit=3000ms
[2026-06-22T07:35:43.599Z] STDERR [SysIntelligence] phase=timeout source=graphics limit=6000ms
[2026-06-22T07:35:43.881Z] STDERR [SysIntelligence] phase=timeout source=cpu limit=9000ms
[2026-06-22T07:35:50.356Z] STDOUT [SysIntelligence] Background deep collection triggered
[2026-06-22T07:35:50.357Z] STDOUT [SysIntelligence] phase=full start — deep collection
[2026-06-22T07:36:01.219Z] STDERR [SysIntelligence] phase=timeout source=processes limit=6000ms
[2026-06-22T07:36:01.339Z] STDOUT [SysIntelligence] cpu WMI timeout — os.cpus() fallback: AMD Ryzen 7 9800X3D 8-Core Processor
[2026-06-22T07:36:01.494Z] STDERR [SysIntelligence] phase=timeout source=fsSize limit=8000ms
[2026-06-22T07:36:01.494Z] STDERR [SysIntelligence] phase=timeout source=netIf limit=8000ms
[2026-06-22T07:36:01.494Z] STDERR [SysIntelligence] phase=timeout source=osInfo limit=8000ms
[2026-06-22T07:36:01.494Z] STDERR [SysIntelligence] phase=timeout source=audio limit=8000ms
[2026-06-22T07:36:01.627Z] STDERR [SysIntelligence] phase=timeout source=memLayout limit=10000ms
[2026-06-22T07:36:01.627Z] STDERR [SysIntelligence] phase=timeout source=diskLayout limit=10000ms
[2026-06-22T07:36:02.018Z] STDOUT [SysIntelligence] phase=full complete in 11662ms | MB=X870E AORUS PRO ICE | BIOS=F12a | CPU=AMD Ryzen 7 9800X3D 8-Core Processor | GPUs=1 | RAMsticks=2
[2026-06-22T07:36:02.019Z] STDOUT [SysIntelligence] Disk cache updated
[2026-06-22T07:36:02.359Z] STDERR [SysIntelligence] phase=timeout source=baseboard limit=12000ms
[2026-06-22T07:36:02.360Z] STDERR [SysIntelligence] phase=timeout source=bios limit=12000ms
[2026-06-22T07:36:05.218Z] STDERR [SysIntelligence] phase=timeout source=platformPS limit=10000ms
[2026-06-22T07:36:07.427Z] STDERR [SysIntelligence] phase=timeout source=graphics limit=8000ms
[2026-06-22T07:36:07.427Z] STDERR [SysIntelligence] phase=timeout source=monitorEDID limit=8000ms
