[2026-06-17T23:53:14.046Z] HEALTH attempt=1 elapsed=0ms ERR ECONNREFUSED connect ECONNREFUSED 127.0.0.1:55777
[2026-06-17T23:53:14.115Z] HEALTH attempt=2 elapsed=58ms ERR ECONNREFUSED connect ECONNREFUSED 127.0.0.1:55777
[2026-06-17T23:53:14.167Z] HEALTH attempt=3 elapsed=124ms ERR ECONNREFUSED connect ECONNREFUSED 127.0.0.1:55777
[2026-06-17T23:53:14.197Z] STDOUT [DesktopSecrets] ELECTRON_BACKEND mode — bootstrapping secrets
[2026-06-17T23:53:14.198Z] STDOUT [DesktopSecrets] Secrets file path: C:\Users\SwitchTech\AppData\Roaming\SwitchControl\desktop-secrets.json
[2026-06-17T23:53:14.198Z] STDOUT [DesktopSecrets] Loaded persisted secrets from: C:\Users\SwitchTech\AppData\Roaming\SwitchControl\desktop-secrets.json
[2026-06-17T23:53:14.198Z] STDOUT [DesktopSecrets] JWT_SECRET: loaded from persisted file
[2026-06-17T23:53:14.198Z] STDOUT [DesktopSecrets] SESSION_SECRET: loaded from persisted file
[2026-06-17T23:53:14.198Z] STDOUT [DesktopSecrets] Bootstrap complete — JWT_SECRET and SESSION_SECRET are set
[2026-06-17T23:53:14.219Z] HEALTH attempt=4 elapsed=176ms ERR ECONNREFUSED connect ECONNREFUSED 127.0.0.1:55777
[2026-06-17T23:53:14.270Z] HEALTH attempt=5 elapsed=227ms ERR ECONNREFUSED connect ECONNREFUSED 127.0.0.1:55777
[2026-06-17T23:53:15.596Z] STDOUT [DB] Electron offline mode — no DATABASE_URL present, using in-memory mock storage.
[2026-06-17T23:53:15.597Z] STDOUT [Stripe] Billing not configured on local backend — expected in Electron mode.
[2026-06-17T23:53:15.597Z] STDOUT [FocusMode] Skipping DB init — running without database (Electron offline / dev no-DB mode).
[2026-06-17T23:53:15.597Z] STDOUT [JWT] ===== SELF-TEST START =====
[2026-06-17T23:53:15.598Z] STDOUT [JWT] config OK — JWT secret configured (secretFp=4a3eaa61)
[2026-06-17T23:53:15.598Z] STDOUT [JWT] signed — userId=self-test-user-000 secretFp=4a3eaa61 tokenFp=eyJhbGci.eyJzdWIi
[2026-06-17T23:53:15.598Z] STDOUT [JWT] PASS: valid token → sub=self-test-user-000 exp=1784332395
[2026-06-17T23:53:15.599Z] STDOUT [JWT] PASS: invalid token → null (rejected)
[2026-06-17T23:53:15.599Z] STDOUT [JWT] PASS: expired token → null (rejected)
[2026-06-17T23:53:15.599Z] STDOUT [JWT] PASS: empty token → null (fallback to cookie path)
[2026-06-17T23:53:15.599Z] STDOUT [JWT] PASS: alg=none token → null (rejected)
[2026-06-17T23:53:15.600Z] STDOUT [JWT] PASS: wrong issuer token → null (rejected)
[2026-06-17T23:53:15.600Z] STDOUT [JWT] ===== SELF-TEST END =====
[2026-06-17T23:53:15.600Z] STDOUT [AUTH] Google OAuth not configured on local backend — expected in Electron mode (auth handled by cloud server).
[2026-06-17T23:53:15.600Z] STDOUT [AUTH] Using memory session store (NO-DB / Electron desktop mode)
[2026-06-17T23:53:15.601Z] STDOUT [AUTH] ===== SESSION COOKIE CONFIG =====
[2026-06-17T23:53:15.601Z] STDOUT [AUTH] production: true
[2026-06-17T23:53:15.601Z] STDOUT [AUTH] electronBackend: true
[2026-06-17T23:53:15.602Z] STDOUT [AUTH] cookie: {"httpOnly":true,"secure":false,"sameSite":"lax","maxAge":604800000,"path":"/"}
[2026-06-17T23:53:15.602Z] STDOUT [AUTH] ================================
[2026-06-17T23:53:15.602Z] STDOUT [AUTH] Discord OAuth not configured on local backend — expected in Electron mode (auth handled by cloud server).
[2026-06-17T23:53:15.603Z] STDOUT [WS] Live telemetry WebSocket server ready at /ws/telemetry (auth required)
[2026-06-17T23:53:15.603Z] STDOUT 11:53:15 AM [express] serving on 127.0.0.1:55777
[2026-06-17T23:53:15.623Z] Health check PASSED — attempt 6, 1581ms elapsed, body={"status":"ok","version":"1.1.2","uptime":1,"dbReachable":false,"timestamp":1781740395620}
[2026-06-17T23:53:18.087Z] STDOUT [SysIntelligence] phase=full start — deep collection
[2026-06-17T23:53:22.310Z] STDERR [SysIntelligence] phase=timeout source=battery limit=2000ms
[2026-06-17T23:53:22.310Z] STDERR [SysIntelligence] phase=timeout source=users limit=2000ms
[2026-06-17T23:53:22.310Z] STDERR [SysIntelligence] phase=timeout source=baseboard limit=3000ms
[2026-06-17T23:53:22.311Z] STDERR [SysIntelligence] phase=timeout source=bios limit=3000ms
[2026-06-17T23:53:22.311Z] STDERR [SysIntelligence] phase=timeout source=graphics limit=3000ms
[2026-06-17T23:53:22.311Z] STDERR [SysIntelligence] phase=timeout source=osInfo limit=3000ms
[2026-06-17T23:53:22.312Z] STDERR [SysIntelligence] phase=timeout source=platformPS limit=3000ms
[2026-06-17T23:53:22.312Z] STDERR [SysIntelligence] phase=timeout source=monitorEDID limit=3000ms
[2026-06-17T23:53:22.312Z] STDERR [SysIntelligence] phase=timeout source=memLayout limit=4000ms
[2026-06-17T23:53:22.313Z] STDERR [SysIntelligence] phase=timeout source=diskLayout limit=4000ms
[2026-06-17T23:53:22.313Z] STDERR [SysIntelligence] phase=timeout source=fsSize limit=4000ms
[2026-06-17T23:53:22.313Z] STDERR [SysIntelligence] phase=timeout source=netIf limit=4000ms
[2026-06-17T23:53:22.314Z] STDERR [SysIntelligence] phase=timeout source=netConn limit=4000ms
[2026-06-17T23:53:22.314Z] STDERR [SysIntelligence] phase=timeout source=processes limit=4000ms
[2026-06-17T23:53:23.088Z] STDERR [SysIntelligence] phase=timeout source=cpu limit=5000ms
[2026-06-17T23:53:25.025Z] STDOUT [SysIntelligence] phase=full complete in 6938ms | MB=null | BIOS=null | CPU=null | GPUs=0 | RAMsticks=0
[2026-06-17T23:53:25.026Z] STDERR [SysIntelligence] phase=full returned all-null — skipping disk cache write to preserve previous good data
