[2026-05-21T05:27:31.695Z] HEALTH attempt=1 elapsed=0ms ERR ECONNREFUSED connect ECONNREFUSED 127.0.0.1:63851
[2026-05-21T05:27:31.746Z] HEALTH attempt=2 elapsed=54ms ERR ECONNREFUSED connect ECONNREFUSED 127.0.0.1:63851
[2026-05-21T05:27:31.775Z] STDOUT [DesktopSecrets] ELECTRON_BACKEND mode — bootstrapping secrets
[2026-05-21T05:27:31.775Z] STDOUT [DesktopSecrets] Secrets file path: C:\Users\SwitchTech\AppData\Roaming\SwitchControl\desktop-secrets.json
[2026-05-21T05:27:31.776Z] STDOUT [DesktopSecrets] Loaded persisted secrets from: C:\Users\SwitchTech\AppData\Roaming\SwitchControl\desktop-secrets.json
[2026-05-21T05:27:31.776Z] STDOUT [DesktopSecrets] JWT_SECRET: loaded from persisted file
[2026-05-21T05:27:31.776Z] STDOUT [DesktopSecrets] SESSION_SECRET: loaded from persisted file
[2026-05-21T05:27:31.776Z] STDOUT [DesktopSecrets] Bootstrap complete — JWT_SECRET and SESSION_SECRET are set
[2026-05-21T05:27:31.797Z] HEALTH attempt=3 elapsed=105ms ERR ECONNREFUSED connect ECONNREFUSED 127.0.0.1:63851
[2026-05-21T05:27:31.859Z] STDOUT [DB] Electron offline mode — no DATABASE_URL present, using in-memory mock storage.
[2026-05-21T05:27:31.860Z] STDOUT [Stripe] Billing not configured on local backend — expected in Electron mode.
[2026-05-21T05:27:31.861Z] HEALTH attempt=4 elapsed=169ms ERR ECONNREFUSED connect ECONNREFUSED 127.0.0.1:63851
[2026-05-21T05:27:31.911Z] HEALTH attempt=5 elapsed=220ms ERR ECONNREFUSED connect ECONNREFUSED 127.0.0.1:63851
[2026-05-21T05:27:31.963Z] HEALTH attempt=6 elapsed=271ms ERR ECONNREFUSED connect ECONNREFUSED 127.0.0.1:63851
[2026-05-21T05:27:31.975Z] STDOUT [FocusMode] Skipping DB init — running without database (Electron offline / dev no-DB mode).
[2026-05-21T05:27:31.984Z] STDOUT [JWT] ===== SELF-TEST START =====
[2026-05-21T05:27:31.984Z] STDOUT [JWT] config OK — JWT secret configured (secretFp=2ffe0258)
[2026-05-21T05:27:31.985Z] STDOUT [JWT] signed — userId=self-test-user-000 secretFp=2ffe0258 tokenFp=eyJhbGci.eyJzdWIi
[2026-05-21T05:27:31.986Z] STDOUT [JWT] PASS: valid token → sub=self-test-user-000 exp=1781933251
[2026-05-21T05:27:31.986Z] STDOUT [JWT] PASS: invalid token → null (rejected)
[2026-05-21T05:27:31.987Z] STDOUT [JWT] PASS: expired token → null (rejected)
[2026-05-21T05:27:31.987Z] STDOUT [JWT] PASS: empty token → null (fallback to cookie path)
[2026-05-21T05:27:31.987Z] STDOUT [JWT] PASS: alg=none token → null (rejected)
[2026-05-21T05:27:31.987Z] STDOUT [JWT] PASS: wrong issuer token → null (rejected)
[2026-05-21T05:27:31.987Z] STDOUT [JWT] ===== SELF-TEST END =====
[2026-05-21T05:27:31.988Z] STDOUT [AUTH] Google OAuth not configured on local backend — expected in Electron mode (auth handled by cloud server).
[2026-05-21T05:27:31.988Z] STDOUT [AUTH] Using memory session store (NO-DB / Electron desktop mode)
[2026-05-21T05:27:31.988Z] STDOUT [AUTH] ===== SESSION COOKIE CONFIG =====
[2026-05-21T05:27:31.989Z] STDOUT [AUTH] production: true
[2026-05-21T05:27:31.989Z] STDOUT [AUTH] electronBackend: true
[2026-05-21T05:27:31.989Z] STDOUT [AUTH] cookie: {"httpOnly":true,"secure":false,"sameSite":"lax","maxAge":604800000,"path":"/"}
[2026-05-21T05:27:31.989Z] STDOUT [AUTH] ================================
[2026-05-21T05:27:31.990Z] STDOUT [AUTH] Discord OAuth not configured on local backend — expected in Electron mode (auth handled by cloud server).
[2026-05-21T05:27:31.991Z] STDOUT [WS] Live telemetry WebSocket server ready at /ws/telemetry (auth required)
[2026-05-21T05:27:32.007Z] STDOUT 5:27:31 PM [express] serving on 127.0.0.1:63851
[2026-05-21T05:27:32.128Z] Health check PASSED — attempt 7, 437ms elapsed, body={"status":"ok","version":"1.1.1","uptime":0,"dbReachable":false,"timestamp":1779341252125}
[2026-05-21T05:27:36.606Z] STDOUT [SysIntelligence] phase=full start — deep collection
[2026-05-21T05:27:41.610Z] STDERR [SysIntelligence] phase=timeout source=battery limit=5000ms
[2026-05-21T05:27:41.610Z] STDERR [SysIntelligence] phase=timeout source=users limit=5000ms
[2026-05-21T05:27:43.658Z] STDOUT [SysIntelligence] phase=full complete in 7052ms | MB=X870E AORUS PRO ICE | BIOS=F12a | CPU=Ryzen 7 9800X3D 8-Core Processor | GPUs=1 | RAMsticks=2
[2026-05-21T05:27:43.659Z] STDOUT [SysIntelligence] Disk cache updated
[2026-05-21T05:27:44.607Z] STDERR [SysIntelligence] phase=timeout source=baseboard limit=8000ms
[2026-05-21T05:27:44.607Z] STDERR [SysIntelligence] phase=timeout source=bios limit=8000ms
[2026-05-21T05:27:44.608Z] STDERR [SysIntelligence] phase=timeout source=osInfo limit=8000ms
[2026-05-21T05:27:48.607Z] STDERR [SysIntelligence] phase=timeout source=memLayout limit=12000ms
[2026-05-21T05:27:48.607Z] STDERR [SysIntelligence] phase=timeout source=diskLayout limit=12000ms
[2026-05-21T05:27:48.608Z] STDERR [SysIntelligence] phase=timeout source=fsSize limit=12000ms
[2026-05-21T05:27:48.608Z] STDERR [SysIntelligence] phase=timeout source=netIf limit=12000ms
[2026-05-21T05:27:48.608Z] STDERR [SysIntelligence] phase=timeout source=netConn limit=12000ms
[2026-05-21T05:27:48.608Z] STDERR [SysIntelligence] phase=timeout source=processes limit=12000ms
[2026-05-21T05:27:48.610Z] STDERR [SysIntelligence] phase=timeout source=platformPS limit=12000ms
[2026-05-21T05:27:48.611Z] STDERR [SysIntelligence] phase=timeout source=monitorEDID limit=12000ms
[2026-05-21T05:27:51.607Z] STDERR [SysIntelligence] phase=timeout source=graphics limit=15000ms
[2026-05-21T05:28:06.607Z] STDERR [SysIntelligence] phase=timeout source=cpu limit=30000ms
[2026-05-21T05:28:17.069Z] STDOUT [AppBooster] GET /games userId=64f0e669-6db6-42e7-a68a-681f9f5db567 — catalog: 16, installed: 0
[2026-05-21T05:28:18.166Z] STDOUT [AppBooster] POST /games/scan userId=64f0e669-6db6-42e7-a68a-681f9f5db567 — 16 result(s), 1 detected
[2026-05-21T05:28:18.167Z] STDOUT [AppBooster] GET /games userId=64f0e669-6db6-42e7-a68a-681f9f5db567 — catalog: 16, installed: 1
[2026-05-21T05:36:38.437Z] STDOUT [AppBooster] GET /games userId=64f0e669-6db6-42e7-a68a-681f9f5db567 — catalog: 16, installed: 1
[2026-05-21T05:36:39.431Z] STDOUT [AppBooster] POST /games/scan userId=64f0e669-6db6-42e7-a68a-681f9f5db567 — 16 result(s), 1 detected
[2026-05-21T05:36:39.435Z] STDOUT [AppBooster] GET /games userId=64f0e669-6db6-42e7-a68a-681f9f5db567 — catalog: 16, installed: 1
[2026-05-21T05:36:39.874Z] STDOUT [AppBooster] GET /games userId=64f0e669-6db6-42e7-a68a-681f9f5db567 — catalog: 16, installed: 1
[2026-05-21T05:36:40.811Z] STDOUT [AppBooster] POST /games/scan userId=64f0e669-6db6-42e7-a68a-681f9f5db567 — 16 result(s), 1 detected
[2026-05-21T05:36:40.813Z] STDOUT [AppBooster] GET /games userId=64f0e669-6db6-42e7-a68a-681f9f5db567 — catalog: 16, installed: 1
