[2026-07-08T05:08:31.764Z] HEALTH attempt=1 elapsed=0ms ERR ECONNREFUSED connect ECONNREFUSED 127.0.0.1:60103
[2026-07-08T05:08:31.816Z] HEALTH attempt=2 elapsed=54ms ERR ECONNREFUSED connect ECONNREFUSED 127.0.0.1:60103
[2026-07-08T05:08:31.843Z] STDOUT [DesktopSecrets] ELECTRON_BACKEND mode — bootstrapping secrets
[2026-07-08T05:08:31.843Z] STDOUT [DesktopSecrets] Secrets file path: C:\Users\SwitchTech\AppData\Roaming\SwitchControl\desktop-secrets.json
[2026-07-08T05:08:31.843Z] STDOUT [DesktopSecrets] Loaded persisted secrets from: C:\Users\SwitchTech\AppData\Roaming\SwitchControl\desktop-secrets.json
[2026-07-08T05:08:31.843Z] STDOUT [DesktopSecrets] JWT_SECRET: loaded from persisted file
[2026-07-08T05:08:31.844Z] STDOUT [DesktopSecrets] SESSION_SECRET: loaded from persisted file
[2026-07-08T05:08:31.844Z] STDOUT [DesktopSecrets] Bootstrap complete — JWT_SECRET and SESSION_SECRET are set
[2026-07-08T05:08:31.867Z] HEALTH attempt=3 elapsed=105ms ERR ECONNREFUSED connect ECONNREFUSED 127.0.0.1:60103
[2026-07-08T05:08:31.893Z] STDOUT [DB] Electron offline mode — no DATABASE_URL present, using in-memory mock storage.
[2026-07-08T05:08:31.901Z] STDOUT [Stripe] Billing not configured on local backend — expected in Electron mode.
[2026-07-08T05:08:31.918Z] HEALTH attempt=4 elapsed=156ms ERR ECONNREFUSED connect ECONNREFUSED 127.0.0.1:60103
[2026-07-08T05:08:31.996Z] STDOUT [JWT] ===== SELF-TEST START =====
[2026-07-08T05:08:31.996Z] STDOUT [JWT] config OK — JWT secret configured (secretFp=4b4adc0e)
[2026-07-08T05:08:31.996Z] STDOUT [JWT] signed — userId=self-test-user-000 secretFp=4b4adc0e tokenFp=eyJhbGci.eyJzdWIi
[2026-07-08T05:08:31.996Z] STDOUT [JWT] PASS: valid token → sub=self-test-user-000 exp=1786079311
[2026-07-08T05:08:31.997Z] STDOUT [JWT] PASS: invalid token → null (rejected)
[2026-07-08T05:08:31.997Z] STDOUT [JWT] PASS: expired token → null (rejected)
[2026-07-08T05:08:31.997Z] STDOUT [JWT] PASS: empty token → null (fallback to cookie path)
[2026-07-08T05:08:31.997Z] STDOUT [JWT] PASS: alg=none token → null (rejected)
[2026-07-08T05:08:31.997Z] STDOUT [JWT] PASS: wrong issuer token → null (rejected)
[2026-07-08T05:08:31.997Z] STDOUT [JWT] ===== SELF-TEST END =====
[2026-07-08T05:08:31.997Z] STDOUT [AUTH] Google OAuth not configured on local backend — expected in Electron mode (auth handled by cloud server).
[2026-07-08T05:08:31.998Z] STDOUT [AUTH] Using memory session store (NO-DB / Electron desktop mode)
[2026-07-08T05:08:31.998Z] STDOUT [AUTH] ===== SESSION COOKIE CONFIG =====
[2026-07-08T05:08:31.998Z] STDOUT [AUTH] production: true
[2026-07-08T05:08:31.998Z] STDOUT [AUTH] electronBackend: true
[2026-07-08T05:08:31.998Z] STDOUT [AUTH] cookie: {"httpOnly":true,"secure":false,"sameSite":"lax","maxAge":604800000,"path":"/"}
[2026-07-08T05:08:31.998Z] STDOUT [AUTH] ================================
[2026-07-08T05:08:31.998Z] STDOUT [AUTH] Discord OAuth not configured on local backend — expected in Electron mode (auth handled by cloud server).
[2026-07-08T05:08:31.999Z] STDOUT [WS] Live telemetry WebSocket server ready at /ws/telemetry (auth required)
[2026-07-08T05:08:31.999Z] STDOUT 5:08:31 PM [express] serving on 127.0.0.1:60103
[2026-07-08T05:08:32.009Z] Health check PASSED — attempt 5, 248ms elapsed, body={"status":"ok","version":"1.2.0","uptime":0,"dbReachable":false,"timestamp":1783487312007}
[2026-07-08T05:08:35.065Z] STDOUT [SysIntelligence] phase=A start — identity collection (sequential, WMI-safe)
[2026-07-08T05:08:37.768Z] STDOUT [SysIntelligence] phase=A complete in 2703ms | CPU=Ryzen 7 9800X3D 8-Core Processor | GPU=AMD Radeon RX 7800 XT | RAM=32372MB | probes: mem+cpu+graphics (baseboard/bios skipped)
[2026-07-08T05:08:38.066Z] STDOUT [SysIntelligence] phase=timeout source=A.mem limit=3000ms
[2026-07-08T05:08:43.578Z] STDOUT [SysIntelligence] phase=timeout source=graphics limit=6000ms
[2026-07-08T05:08:44.815Z] STDOUT [SysIntelligence] phase=timeout source=cpu limit=9000ms
[2026-07-08T05:08:51.958Z] STDOUT [SysIntelligence] Background deep collection triggered
[2026-07-08T05:08:51.959Z] STDOUT [SysIntelligence] phase=full start — deep collection
[2026-07-08T05:08:57.989Z] STDOUT [SysIntelligence] cpu WMI timeout — os.cpus() fallback: AMD Ryzen 7 9800X3D 8-Core Processor
[2026-07-08T05:08:58.160Z] STDOUT [SysIntelligence] phase=full complete in 6201ms | MB=X870E AORUS PRO ICE | BIOS=F12a | CPU=AMD Ryzen 7 9800X3D 8-Core Processor | GPUs=1 | RAMsticks=2
[2026-07-08T05:08:58.161Z] STDOUT [SysIntelligence] Disk cache updated
[2026-07-08T05:09:00.387Z] STDOUT [SysIntelligence] phase=timeout source=processes limit=6000ms
[2026-07-08T05:09:01.613Z] STDOUT [SysIntelligence] phase=timeout source=fsSize limit=8000ms
[2026-07-08T05:09:01.613Z] STDOUT [SysIntelligence] phase=timeout source=netIf limit=8000ms
[2026-07-08T05:09:01.613Z] STDOUT [SysIntelligence] phase=timeout source=osInfo limit=8000ms
[2026-07-08T05:09:01.613Z] STDOUT [SysIntelligence] phase=timeout source=audio limit=8000ms
[2026-07-08T05:09:02.519Z] STDOUT [SysIntelligence] phase=timeout source=memLayout limit=10000ms
[2026-07-08T05:09:02.520Z] STDOUT [SysIntelligence] phase=timeout source=diskLayout limit=10000ms
[2026-07-08T05:09:03.959Z] STDOUT [SysIntelligence] phase=timeout source=baseboard limit=12000ms
[2026-07-08T05:09:03.959Z] STDOUT [SysIntelligence] phase=timeout source=bios limit=12000ms
[2026-07-08T05:09:04.389Z] STDOUT [SysIntelligence] phase=timeout source=platformPS limit=10000ms
[2026-07-08T05:09:05.662Z] STDOUT [SysIntelligence] phase=timeout source=graphics limit=8000ms
[2026-07-08T05:09:05.664Z] STDOUT [SysIntelligence] phase=timeout source=monitorEDID limit=8000ms
