[2026-06-22T07:07:25.415Z] HEALTH attempt=1 elapsed=0ms ERR ECONNREFUSED connect ECONNREFUSED 127.0.0.1:55298
[2026-06-22T07:07:25.469Z] HEALTH attempt=2 elapsed=56ms ERR ECONNREFUSED connect ECONNREFUSED 127.0.0.1:55298
[2026-06-22T07:07:25.490Z] STDOUT [DesktopSecrets] ELECTRON_BACKEND mode — bootstrapping secrets
[2026-06-22T07:07:25.490Z] STDOUT [DesktopSecrets] Secrets file path: C:\Users\SwitchTech\AppData\Roaming\SwitchControl\desktop-secrets.json
[2026-06-22T07:07:25.490Z] STDOUT [DesktopSecrets] Loaded persisted secrets from: C:\Users\SwitchTech\AppData\Roaming\SwitchControl\desktop-secrets.json
[2026-06-22T07:07:25.491Z] STDOUT [DesktopSecrets] JWT_SECRET: loaded from persisted file
[2026-06-22T07:07:25.491Z] STDOUT [DesktopSecrets] SESSION_SECRET: loaded from persisted file
[2026-06-22T07:07:25.491Z] STDOUT [DesktopSecrets] Bootstrap complete — JWT_SECRET and SESSION_SECRET are set
[2026-06-22T07:07:25.523Z] HEALTH attempt=3 elapsed=111ms ERR ECONNREFUSED connect ECONNREFUSED 127.0.0.1:55298
[2026-06-22T07:07:25.541Z] STDOUT [DB] Electron offline mode — no DATABASE_URL present, using in-memory mock storage.
[2026-06-22T07:07:25.549Z] STDOUT [Stripe] Billing not configured on local backend — expected in Electron mode.
[2026-06-22T07:07:25.576Z] HEALTH attempt=4 elapsed=164ms ERR ECONNREFUSED connect ECONNREFUSED 127.0.0.1:55298
[2026-06-22T07:07:25.660Z] STDOUT [JWT] ===== SELF-TEST START =====
[2026-06-22T07:07:25.660Z] STDOUT [JWT] config OK — JWT secret configured (secretFp=f577a787)
[2026-06-22T07:07:25.661Z] STDOUT [JWT] signed — userId=self-test-user-000 secretFp=f577a787 tokenFp=eyJhbGci.eyJzdWIi
[2026-06-22T07:07:25.661Z] STDOUT [JWT] PASS: valid token → sub=self-test-user-000 exp=1784704045
[2026-06-22T07:07:25.661Z] STDOUT [JWT] PASS: invalid token → null (rejected)
[2026-06-22T07:07:25.661Z] STDOUT [JWT] PASS: expired token → null (rejected)
[2026-06-22T07:07:25.661Z] STDOUT [JWT] PASS: empty token → null (fallback to cookie path)
[2026-06-22T07:07:25.662Z] STDOUT [JWT] PASS: alg=none token → null (rejected)
[2026-06-22T07:07:25.662Z] STDOUT [JWT] PASS: wrong issuer token → null (rejected)
[2026-06-22T07:07:25.662Z] STDOUT [JWT] ===== SELF-TEST END =====
[2026-06-22T07:07:25.662Z] STDOUT [AUTH] Google OAuth not configured on local backend — expected in Electron mode (auth handled by cloud server).
[2026-06-22T07:07:25.662Z] STDOUT [AUTH] Using memory session store (NO-DB / Electron desktop mode)
[2026-06-22T07:07:25.663Z] STDOUT [AUTH] ===== SESSION COOKIE CONFIG =====
[2026-06-22T07:07:25.663Z] STDOUT [AUTH] production: true
[2026-06-22T07:07:25.663Z] STDOUT [AUTH] electronBackend: true
[2026-06-22T07:07:25.664Z] STDOUT [AUTH] cookie: {"httpOnly":true,"secure":false,"sameSite":"lax","maxAge":604800000,"path":"/"}
[2026-06-22T07:07:25.664Z] STDOUT [AUTH] ================================
[2026-06-22T07:07:25.664Z] STDOUT [AUTH] Discord OAuth not configured on local backend — expected in Electron mode (auth handled by cloud server).
[2026-06-22T07:07:25.664Z] STDOUT [WS] Live telemetry WebSocket server ready at /ws/telemetry (auth required)
[2026-06-22T07:07:25.664Z] STDOUT 7:07:25 PM [express] serving on 127.0.0.1:55298
[2026-06-22T07:07:25.673Z] Health check PASSED — attempt 5, 260ms elapsed, body={"status":"ok","version":"1.1.6","uptime":0,"dbReachable":false,"timestamp":1782112045669}
