[2026-07-09T00:59:31.646Z] HEALTH attempt=1 elapsed=0ms ERR ECONNREFUSED connect ECONNREFUSED 127.0.0.1:58838
[2026-07-09T00:59:31.697Z] HEALTH attempt=2 elapsed=56ms ERR ECONNREFUSED connect ECONNREFUSED 127.0.0.1:58838
[2026-07-09T00:59:31.723Z] STDOUT [DesktopSecrets] ELECTRON_BACKEND mode — bootstrapping secrets
[2026-07-09T00:59:31.724Z] STDOUT [DesktopSecrets] Secrets file path: C:\Users\SwitchTech\AppData\Roaming\SwitchControl\desktop-secrets.json
[2026-07-09T00:59:31.724Z] STDOUT [DesktopSecrets] Loaded persisted secrets from: C:\Users\SwitchTech\AppData\Roaming\SwitchControl\desktop-secrets.json
[2026-07-09T00:59:31.724Z] STDOUT [DesktopSecrets] JWT_SECRET: loaded from persisted file
[2026-07-09T00:59:31.724Z] STDOUT [DesktopSecrets] SESSION_SECRET: loaded from persisted file
[2026-07-09T00:59:31.724Z] STDOUT [DesktopSecrets] Bootstrap complete — JWT_SECRET and SESSION_SECRET are set
[2026-07-09T00:59:31.748Z] HEALTH attempt=3 elapsed=106ms ERR ECONNREFUSED connect ECONNREFUSED 127.0.0.1:58838
[2026-07-09T00:59:31.775Z] STDOUT [DB] Electron offline mode — no DATABASE_URL present, using in-memory mock storage.
[2026-07-09T00:59:31.784Z] STDOUT [Stripe] Billing not configured on local backend — expected in Electron mode.
[2026-07-09T00:59:31.798Z] HEALTH attempt=4 elapsed=157ms ERR ECONNREFUSED connect ECONNREFUSED 127.0.0.1:58838
[2026-07-09T00:59:31.826Z] STDOUT [JWT] ===== SELF-TEST START =====
[2026-07-09T00:59:31.827Z] STDOUT [JWT] config OK — JWT secret configured (secretFp=4b4adc0e)
[2026-07-09T00:59:31.827Z] STDOUT [JWT] signed — userId=self-test-user-000 secretFp=4b4adc0e tokenFp=eyJhbGci.eyJzdWIi
[2026-07-09T00:59:31.828Z] STDOUT [JWT] PASS: valid token → sub=self-test-user-000 exp=1786150771
[2026-07-09T00:59:31.828Z] STDOUT [JWT] PASS: invalid token → null (rejected)
[2026-07-09T00:59:31.828Z] STDOUT [JWT] PASS: expired token → null (rejected)
[2026-07-09T00:59:31.828Z] STDOUT [JWT] PASS: empty token → null (fallback to cookie path)
[2026-07-09T00:59:31.828Z] STDOUT [JWT] PASS: alg=none token → null (rejected)
[2026-07-09T00:59:31.829Z] STDOUT [JWT] PASS: wrong issuer token → null (rejected)
[2026-07-09T00:59:31.829Z] STDOUT [JWT] ===== SELF-TEST END =====
[2026-07-09T00:59:31.829Z] STDOUT [AUTH] Google OAuth not configured on local backend — expected in Electron mode (auth handled by cloud server).
[2026-07-09T00:59:31.829Z] STDOUT [AUTH] Using memory session store (NO-DB / Electron desktop mode)
[2026-07-09T00:59:31.830Z] STDOUT [AUTH] ===== SESSION COOKIE CONFIG =====
[2026-07-09T00:59:31.830Z] STDOUT [AUTH] production: true
[2026-07-09T00:59:31.830Z] STDOUT [AUTH] electronBackend: true
[2026-07-09T00:59:31.830Z] STDOUT [AUTH] cookie: {"httpOnly":true,"secure":false,"sameSite":"lax","maxAge":604800000,"path":"/"}
[2026-07-09T00:59:31.830Z] STDOUT [AUTH] ================================
[2026-07-09T00:59:31.831Z] STDOUT [AUTH] Discord OAuth not configured on local backend — expected in Electron mode (auth handled by cloud server).
[2026-07-09T00:59:31.831Z] STDOUT [WS] Live telemetry WebSocket server ready at /ws/telemetry (auth required)
[2026-07-09T00:59:31.841Z] STDOUT 12:59:31 PM [express] serving on 127.0.0.1:58838
[2026-07-09T00:59:31.855Z] Health check PASSED — attempt 5, 214ms elapsed, body={"status":"ok","version":"1.2.1","uptime":0,"dbReachable":false,"timestamp":1783558771853}
[2026-07-09T00:59:48.445Z] Child process EXITED — code=null signal=SIGTERM
