[2026-07-07T03:30:54.046Z] HEALTH attempt=1 elapsed=0ms ERR ECONNREFUSED connect ECONNREFUSED 127.0.0.1:52331
[2026-07-07T03:30:54.097Z] HEALTH attempt=2 elapsed=54ms ERR ECONNREFUSED connect ECONNREFUSED 127.0.0.1:52331
[2026-07-07T03:30:54.120Z] STDOUT [DesktopSecrets] ELECTRON_BACKEND mode — bootstrapping secrets
[2026-07-07T03:30:54.121Z] STDOUT [DesktopSecrets] Secrets file path: C:\Users\SwitchTech\AppData\Roaming\SwitchControl\desktop-secrets.json
[2026-07-07T03:30:54.121Z] STDOUT [DesktopSecrets] Loaded persisted secrets from: C:\Users\SwitchTech\AppData\Roaming\SwitchControl\desktop-secrets.json
[2026-07-07T03:30:54.121Z] STDOUT [DesktopSecrets] JWT_SECRET: loaded from persisted file
[2026-07-07T03:30:54.121Z] STDOUT [DesktopSecrets] SESSION_SECRET: loaded from persisted file
[2026-07-07T03:30:54.121Z] STDOUT [DesktopSecrets] Bootstrap complete — JWT_SECRET and SESSION_SECRET are set
[2026-07-07T03:30:54.148Z] HEALTH attempt=3 elapsed=106ms ERR ECONNREFUSED connect ECONNREFUSED 127.0.0.1:52331
[2026-07-07T03:30:54.171Z] STDOUT [DB] Electron offline mode — no DATABASE_URL present, using in-memory mock storage.
[2026-07-07T03:30:54.180Z] STDOUT [Stripe] Billing not configured on local backend — expected in Electron mode.
[2026-07-07T03:30:54.199Z] HEALTH attempt=4 elapsed=156ms ERR ECONNREFUSED connect ECONNREFUSED 127.0.0.1:52331
[2026-07-07T03:30:54.293Z] STDOUT [JWT] ===== SELF-TEST START =====
[2026-07-07T03:30:54.293Z] STDOUT [JWT] config OK — JWT secret configured (secretFp=4b4adc0e)
[2026-07-07T03:30:54.293Z] STDOUT [JWT] signed — userId=self-test-user-000 secretFp=4b4adc0e tokenFp=eyJhbGci.eyJzdWIi
[2026-07-07T03:30:54.294Z] STDOUT [JWT] PASS: valid token → sub=self-test-user-000 exp=1785987054
[2026-07-07T03:30:54.294Z] STDOUT [JWT] PASS: invalid token → null (rejected)
[2026-07-07T03:30:54.294Z] STDOUT [JWT] PASS: expired token → null (rejected)
[2026-07-07T03:30:54.294Z] STDOUT [JWT] PASS: empty token → null (fallback to cookie path)
[2026-07-07T03:30:54.294Z] STDOUT [JWT] PASS: alg=none token → null (rejected)
[2026-07-07T03:30:54.294Z] STDOUT [JWT] PASS: wrong issuer token → null (rejected)
[2026-07-07T03:30:54.294Z] STDOUT [JWT] ===== SELF-TEST END =====
[2026-07-07T03:30:54.294Z] STDOUT [AUTH] Google OAuth not configured on local backend — expected in Electron mode (auth handled by cloud server).
[2026-07-07T03:30:54.295Z] STDOUT [AUTH] Using memory session store (NO-DB / Electron desktop mode)
[2026-07-07T03:30:54.295Z] STDOUT [AUTH] ===== SESSION COOKIE CONFIG =====
[2026-07-07T03:30:54.295Z] STDOUT [AUTH] production: true
[2026-07-07T03:30:54.295Z] STDOUT [AUTH] electronBackend: true
[2026-07-07T03:30:54.295Z] STDOUT [AUTH] cookie: {"httpOnly":true,"secure":false,"sameSite":"lax","maxAge":604800000,"path":"/"}
[2026-07-07T03:30:54.295Z] STDOUT [AUTH] ================================
[2026-07-07T03:30:54.296Z] STDOUT [AUTH] Discord OAuth not configured on local backend — expected in Electron mode (auth handled by cloud server).
[2026-07-07T03:30:54.296Z] STDOUT [WS] Live telemetry WebSocket server ready at /ws/telemetry (auth required)
[2026-07-07T03:30:54.296Z] STDOUT 3:30:54 PM [express] serving on 127.0.0.1:52331
[2026-07-07T03:30:54.310Z] Health check PASSED — attempt 5, 268ms elapsed, body={"status":"ok","version":"1.1.8","uptime":0,"dbReachable":false,"timestamp":1783395054307}
[2026-07-07T03:30:57.345Z] STDOUT [SysIntelligence] phase=A start — identity collection (sequential, WMI-safe)
[2026-07-07T03:31:00.059Z] STDOUT [SysIntelligence] phase=A complete in 2714ms | CPU=Ryzen 7 9800X3D 8-Core Processor | GPU=AMD Radeon RX 7800 XT | RAM=32372MB | probes: mem+cpu+graphics (baseboard/bios skipped)
[2026-07-07T03:31:00.346Z] STDOUT [SysIntelligence] phase=timeout source=A.mem limit=3000ms
[2026-07-07T03:31:05.860Z] STDOUT [SysIntelligence] phase=timeout source=graphics limit=6000ms
[2026-07-07T03:31:07.093Z] STDOUT [SysIntelligence] phase=timeout source=cpu limit=9000ms
[2026-07-07T03:31:14.233Z] STDOUT [SysIntelligence] Background deep collection triggered
[2026-07-07T03:31:14.233Z] STDOUT [SysIntelligence] phase=full start — deep collection
[2026-07-07T03:31:20.254Z] STDOUT [SysIntelligence] cpu WMI timeout — os.cpus() fallback: AMD Ryzen 7 9800X3D 8-Core Processor
[2026-07-07T03:31:20.443Z] STDOUT [SysIntelligence] phase=full complete in 6209ms | MB=X870E AORUS PRO ICE | BIOS=F12a | CPU=AMD Ryzen 7 9800X3D 8-Core Processor | GPUs=1 | RAMsticks=2
[2026-07-07T03:31:20.444Z] STDOUT [SysIntelligence] Disk cache updated
[2026-07-07T03:31:22.695Z] STDOUT [SysIntelligence] phase=timeout source=processes limit=6000ms
[2026-07-07T03:31:23.856Z] STDOUT [SysIntelligence] phase=timeout source=fsSize limit=8000ms
[2026-07-07T03:31:23.856Z] STDOUT [SysIntelligence] phase=timeout source=netIf limit=8000ms
[2026-07-07T03:31:23.856Z] STDOUT [SysIntelligence] phase=timeout source=osInfo limit=8000ms
[2026-07-07T03:31:23.857Z] STDOUT [SysIntelligence] phase=timeout source=audio limit=8000ms
[2026-07-07T03:31:24.785Z] STDOUT [SysIntelligence] phase=timeout source=memLayout limit=10000ms
[2026-07-07T03:31:24.785Z] STDOUT [SysIntelligence] phase=timeout source=diskLayout limit=10000ms
[2026-07-07T03:31:26.234Z] STDOUT [SysIntelligence] phase=timeout source=baseboard limit=12000ms
[2026-07-07T03:31:26.234Z] STDOUT [SysIntelligence] phase=timeout source=bios limit=12000ms
[2026-07-07T03:31:26.695Z] STDOUT [SysIntelligence] phase=timeout source=platformPS limit=10000ms
[2026-07-07T03:31:27.922Z] STDOUT [SysIntelligence] phase=timeout source=graphics limit=8000ms
[2026-07-07T03:31:27.924Z] STDOUT [SysIntelligence] phase=timeout source=monitorEDID limit=8000ms
