[2026-06-17T13:17:25.442Z] HEALTH attempt=1 elapsed=0ms ERR ECONNREFUSED connect ECONNREFUSED 127.0.0.1:63629
[2026-06-17T13:17:25.496Z] HEALTH attempt=2 elapsed=58ms ERR ECONNREFUSED connect ECONNREFUSED 127.0.0.1:63629
[2026-06-17T13:17:25.549Z] HEALTH attempt=3 elapsed=112ms ERR ECONNREFUSED connect ECONNREFUSED 127.0.0.1:63629
[2026-06-17T13:17:25.578Z] STDOUT [DesktopSecrets] ELECTRON_BACKEND mode — bootstrapping secrets
[2026-06-17T13:17:25.579Z] STDOUT [DesktopSecrets] Secrets file path: C:\Users\SwitchTech\AppData\Roaming\SwitchControl\desktop-secrets.json
[2026-06-17T13:17:25.579Z] STDOUT [DesktopSecrets] Loaded persisted secrets from: C:\Users\SwitchTech\AppData\Roaming\SwitchControl\desktop-secrets.json
[2026-06-17T13:17:25.579Z] STDOUT [DesktopSecrets] JWT_SECRET: loaded from persisted file
[2026-06-17T13:17:25.579Z] STDOUT [DesktopSecrets] SESSION_SECRET: loaded from persisted file
[2026-06-17T13:17:25.580Z] STDOUT [DesktopSecrets] Bootstrap complete — JWT_SECRET and SESSION_SECRET are set
[2026-06-17T13:17:25.600Z] HEALTH attempt=4 elapsed=162ms ERR ECONNREFUSED connect ECONNREFUSED 127.0.0.1:63629
[2026-06-17T13:17:25.651Z] HEALTH attempt=5 elapsed=213ms ERR ECONNREFUSED connect ECONNREFUSED 127.0.0.1:63629
[2026-06-17T13:17:25.679Z] STDOUT [DB] Electron offline mode — no DATABASE_URL present, using in-memory mock storage.
[2026-06-17T13:17:26.788Z] STDOUT [Stripe] Billing not configured on local backend — expected in Electron mode.
[2026-06-17T13:17:26.788Z] STDOUT [FocusMode] Skipping DB init — running without database (Electron offline / dev no-DB mode).
[2026-06-17T13:17:26.789Z] STDOUT [JWT] ===== SELF-TEST START =====
[2026-06-17T13:17:26.789Z] STDOUT [JWT] config OK — JWT secret configured (secretFp=2aefc11e)
[2026-06-17T13:17:26.789Z] STDOUT [JWT] signed — userId=self-test-user-000 secretFp=2aefc11e tokenFp=eyJhbGci.eyJzdWIi
[2026-06-17T13:17:26.790Z] STDOUT [JWT] PASS: valid token → sub=self-test-user-000 exp=1784294246
[2026-06-17T13:17:26.790Z] STDOUT [JWT] PASS: invalid token → null (rejected)
[2026-06-17T13:17:26.790Z] STDOUT [JWT] PASS: expired token → null (rejected)
[2026-06-17T13:17:26.790Z] STDOUT [JWT] PASS: empty token → null (fallback to cookie path)
[2026-06-17T13:17:26.791Z] STDOUT [JWT] PASS: alg=none token → null (rejected)
[2026-06-17T13:17:26.791Z] STDOUT [JWT] PASS: wrong issuer token → null (rejected)
[2026-06-17T13:17:26.792Z] STDOUT [JWT] ===== SELF-TEST END =====
[2026-06-17T13:17:26.792Z] STDOUT [AUTH] Google OAuth not configured on local backend — expected in Electron mode (auth handled by cloud server).
[2026-06-17T13:17:26.792Z] STDOUT [AUTH] Using memory session store (NO-DB / Electron desktop mode)
[2026-06-17T13:17:26.792Z] STDOUT [AUTH] ===== SESSION COOKIE CONFIG =====
[2026-06-17T13:17:26.793Z] STDOUT [AUTH] production: true
[2026-06-17T13:17:26.793Z] STDOUT [AUTH] electronBackend: true
[2026-06-17T13:17:26.793Z] STDOUT [AUTH] cookie: {"httpOnly":true,"secure":false,"sameSite":"lax","maxAge":604800000,"path":"/"}
[2026-06-17T13:17:26.793Z] STDOUT [AUTH] ================================
[2026-06-17T13:17:26.794Z] STDOUT [AUTH] Discord OAuth not configured on local backend — expected in Electron mode (auth handled by cloud server).
[2026-06-17T13:17:26.794Z] STDOUT [WS] Live telemetry WebSocket server ready at /ws/telemetry (auth required)
[2026-06-17T13:17:26.794Z] STDOUT 1:17:26 AM [express] serving on 127.0.0.1:63629
[2026-06-17T13:17:26.808Z] Health check PASSED — attempt 6, 1371ms elapsed, body={"status":"ok","version":"1.1.2","uptime":1,"dbReachable":false,"timestamp":1781702246804}
[2026-06-17T13:17:29.945Z] STDOUT [SysIntelligence] phase=full start — deep collection
[2026-06-17T13:17:31.836Z] STDERR [weather] fetch failed: fetch failed
[2026-06-17T13:17:31.837Z] STDERR [HTTP] [ee0260ab-fd8e-471b-af39-7e224fe6a2d8] GET /api/weather 503 928ms
[2026-06-17T13:17:31.947Z] STDERR [SysIntelligence] phase=timeout source=battery limit=2000ms
[2026-06-17T13:17:31.948Z] STDERR [SysIntelligence] phase=timeout source=users limit=2000ms
[2026-06-17T13:17:32.944Z] STDERR [SysIntelligence] phase=timeout source=baseboard limit=3000ms
[2026-06-17T13:17:32.945Z] STDERR [SysIntelligence] phase=timeout source=bios limit=3000ms
[2026-06-17T13:17:32.946Z] STDERR [SysIntelligence] phase=timeout source=graphics limit=3000ms
[2026-06-17T13:17:32.947Z] STDERR [SysIntelligence] phase=timeout source=osInfo limit=3000ms
[2026-06-17T13:17:32.949Z] STDERR [SysIntelligence] phase=timeout source=platformPS limit=3000ms
[2026-06-17T13:17:32.951Z] STDERR [SysIntelligence] phase=timeout source=monitorEDID limit=3000ms
[2026-06-17T13:17:33.946Z] STDERR [SysIntelligence] phase=timeout source=memLayout limit=4000ms
[2026-06-17T13:17:33.947Z] STDERR [SysIntelligence] phase=timeout source=diskLayout limit=4000ms
[2026-06-17T13:17:33.947Z] STDERR [SysIntelligence] phase=timeout source=fsSize limit=4000ms
[2026-06-17T13:17:33.947Z] STDERR [SysIntelligence] phase=timeout source=netIf limit=4000ms
[2026-06-17T13:17:33.948Z] STDERR [SysIntelligence] phase=timeout source=netConn limit=4000ms
[2026-06-17T13:17:33.948Z] STDERR [SysIntelligence] phase=timeout source=processes limit=4000ms
[2026-06-17T13:17:35.020Z] STDERR [SysIntelligence] phase=timeout source=cpu limit=5000ms
[2026-06-17T13:17:36.573Z] STDOUT [SysIntelligence] phase=full complete in 6629ms | MB=null | BIOS=null | CPU=null | GPUs=0 | RAMsticks=0
[2026-06-17T13:17:36.574Z] STDOUT [SysIntelligence] Disk cache updated
