[2026-06-19T13:04:01.056Z] HEALTH attempt=1 elapsed=0ms ERR ECONNREFUSED connect ECONNREFUSED 127.0.0.1:60965
[2026-06-19T13:04:01.114Z] HEALTH attempt=2 elapsed=59ms ERR ECONNREFUSED connect ECONNREFUSED 127.0.0.1:60965
[2026-06-19T13:04:01.172Z] HEALTH attempt=3 elapsed=119ms ERR ECONNREFUSED connect ECONNREFUSED 127.0.0.1:60965
[2026-06-19T13:04:01.198Z] STDOUT [DesktopSecrets] ELECTRON_BACKEND mode — bootstrapping secrets
[2026-06-19T13:04:01.199Z] STDOUT [DesktopSecrets] Secrets file path: C:\Users\SwitchTech\AppData\Roaming\SwitchControl\desktop-secrets.json
[2026-06-19T13:04:01.199Z] STDOUT [DesktopSecrets] Loaded persisted secrets from: C:\Users\SwitchTech\AppData\Roaming\SwitchControl\desktop-secrets.json
[2026-06-19T13:04:01.200Z] STDOUT [DesktopSecrets] JWT_SECRET: loaded from persisted file
[2026-06-19T13:04:01.200Z] STDOUT [DesktopSecrets] SESSION_SECRET: loaded from persisted file
[2026-06-19T13:04:01.200Z] STDOUT [DesktopSecrets] Bootstrap complete — JWT_SECRET and SESSION_SECRET are set
[2026-06-19T13:04:01.223Z] HEALTH attempt=4 elapsed=170ms ERR ECONNREFUSED connect ECONNREFUSED 127.0.0.1:60965
[2026-06-19T13:04:02.210Z] STDOUT [DB] Electron offline mode — no DATABASE_URL present, using in-memory mock storage.
[2026-06-19T13:04:02.210Z] STDOUT [Stripe] Billing not configured on local backend — expected in Electron mode.
[2026-06-19T13:04:02.211Z] STDOUT [JWT] ===== SELF-TEST START =====
[2026-06-19T13:04:02.211Z] STDOUT [JWT] config OK — JWT secret configured (secretFp=64ecaf8a)
[2026-06-19T13:04:02.211Z] STDOUT [JWT] signed — userId=self-test-user-000 secretFp=64ecaf8a tokenFp=eyJhbGci.eyJzdWIi
[2026-06-19T13:04:02.212Z] STDOUT [JWT] PASS: valid token → sub=self-test-user-000 exp=1784466241
[2026-06-19T13:04:02.212Z] STDOUT [JWT] PASS: invalid token → null (rejected)
[2026-06-19T13:04:02.212Z] STDOUT [JWT] PASS: expired token → null (rejected)
[2026-06-19T13:04:02.212Z] STDOUT [JWT] PASS: empty token → null (fallback to cookie path)
[2026-06-19T13:04:02.213Z] STDOUT [JWT] PASS: alg=none token → null (rejected)
[2026-06-19T13:04:02.213Z] STDOUT [JWT] PASS: wrong issuer token → null (rejected)
[2026-06-19T13:04:02.213Z] STDOUT [JWT] ===== SELF-TEST END =====
[2026-06-19T13:04:02.214Z] STDOUT [AUTH] Google OAuth not configured on local backend — expected in Electron mode (auth handled by cloud server).
[2026-06-19T13:04:02.214Z] STDOUT [AUTH] Using memory session store (NO-DB / Electron desktop mode)
[2026-06-19T13:04:02.214Z] STDOUT [AUTH] ===== SESSION COOKIE CONFIG =====
[2026-06-19T13:04:02.215Z] STDOUT [AUTH] production: true
[2026-06-19T13:04:02.215Z] STDOUT [AUTH] electronBackend: true
[2026-06-19T13:04:02.215Z] STDOUT [AUTH] cookie: {"httpOnly":true,"secure":false,"sameSite":"lax","maxAge":604800000,"path":"/"}
[2026-06-19T13:04:02.215Z] STDOUT [AUTH] ================================
[2026-06-19T13:04:02.216Z] STDOUT [AUTH] Discord OAuth not configured on local backend — expected in Electron mode (auth handled by cloud server).
[2026-06-19T13:04:02.216Z] STDOUT [WS] Live telemetry WebSocket server ready at /ws/telemetry (auth required)
[2026-06-19T13:04:02.216Z] STDOUT 1:04:01 AM [express] serving on 127.0.0.1:60965
[2026-06-19T13:04:02.227Z] Health check PASSED — attempt 5, 1175ms elapsed, body={"status":"ok","version":"1.1.4","uptime":1,"dbReachable":false,"timestamp":1781874242224}
[2026-06-19T13:04:05.927Z] STDOUT [SysIntelligence] phase=A start — identity collection
[2026-06-19T13:04:07.433Z] STDERR [SysIntelligence] phase=timeout source=A.mem limit=1500ms
[2026-06-19T13:04:08.930Z] STDERR [SysIntelligence] phase=timeout source=baseboard limit=3000ms
[2026-06-19T13:04:08.931Z] STDERR [SysIntelligence] phase=timeout source=bios limit=3000ms
[2026-06-19T13:04:08.931Z] STDERR [SysIntelligence] phase=timeout source=graphics limit=3000ms
[2026-06-19T13:04:09.253Z] STDOUT [SysIntelligence] phase=A complete in 3326ms | CPU=Ryzen 7 9800X3D 8-Core Processor | GPU=AMD Radeon RX 7800 XT | RAM=32372MB
[2026-06-19T13:04:10.929Z] STDERR [SysIntelligence] phase=timeout source=cpu limit=5000ms
[2026-06-19T13:04:16.959Z] STDOUT [SysIntelligence] Background deep collection triggered
[2026-06-19T13:04:16.959Z] STDOUT [SysIntelligence] phase=full start — deep collection
[2026-06-19T13:04:20.012Z] STDERR [SysIntelligence] phase=timeout source=baseboard limit=3000ms
[2026-06-19T13:04:20.013Z] STDERR [SysIntelligence] phase=timeout source=bios limit=3000ms
[2026-06-19T13:04:20.013Z] STDERR [SysIntelligence] probe=bios timeout #1 — setting 12min cooldown
[2026-06-19T13:04:20.013Z] STDERR [SysIntelligence] phase=timeout source=graphics limit=3000ms
[2026-06-19T13:04:20.014Z] STDERR [SysIntelligence] probe=graphics timeout #1 — setting 12min cooldown
[2026-06-19T13:04:20.014Z] STDERR [SysIntelligence] phase=timeout source=osInfo limit=3000ms
[2026-06-19T13:04:20.014Z] STDERR [SysIntelligence] probe=osInfo timeout #1 — setting 12min cooldown
[2026-06-19T13:04:20.015Z] STDERR [SysIntelligence] phase=timeout source=platformPS limit=3000ms
[2026-06-19T13:04:20.015Z] STDERR [SysIntelligence] probe=platformPS timeout #1 — setting 12min cooldown
[2026-06-19T13:04:20.015Z] STDERR [SysIntelligence] phase=timeout source=monitorEDID limit=3000ms
[2026-06-19T13:04:20.961Z] STDERR [SysIntelligence] phase=timeout source=memLayout limit=4000ms
[2026-06-19T13:04:20.961Z] STDERR [SysIntelligence] phase=timeout source=diskLayout limit=4000ms
[2026-06-19T13:04:20.961Z] STDERR [SysIntelligence] phase=timeout source=fsSize limit=4000ms
[2026-06-19T13:04:20.961Z] STDERR [SysIntelligence] phase=timeout source=netIf limit=4000ms
[2026-06-19T13:04:20.962Z] STDERR [SysIntelligence] phase=timeout source=processes limit=4000ms
[2026-06-19T13:04:21.963Z] STDERR [SysIntelligence] phase=timeout source=cpu limit=5000ms
[2026-06-19T13:04:22.617Z] STDOUT [SysIntelligence] phase=full complete in 5658ms | MB=X870E AORUS PRO ICE | BIOS=null | CPU=Ryzen 7 9800X3D 8-Core Processor | GPUs=0 | RAMsticks=2
[2026-06-19T13:04:22.618Z] STDOUT [SysIntelligence] Disk cache updated
