[2026-06-19T11:18:04.026Z] HEALTH attempt=1 elapsed=0ms ERR ECONNREFUSED connect ECONNREFUSED 127.0.0.1:53253
[2026-06-19T11:18:04.078Z] HEALTH attempt=2 elapsed=55ms ERR ECONNREFUSED connect ECONNREFUSED 127.0.0.1:53253
[2026-06-19T11:18:04.131Z] HEALTH attempt=3 elapsed=108ms ERR ECONNREFUSED connect ECONNREFUSED 127.0.0.1:53253
[2026-06-19T11:18:04.194Z] HEALTH attempt=4 elapsed=166ms ERR ECONNREFUSED connect ECONNREFUSED 127.0.0.1:53253
[2026-06-19T11:18:04.204Z] STDOUT [DesktopSecrets] ELECTRON_BACKEND mode — bootstrapping secrets
[2026-06-19T11:18:04.205Z] STDOUT [DesktopSecrets] Secrets file path: C:\Users\SwitchTech\AppData\Roaming\SwitchControl\desktop-secrets.json
[2026-06-19T11:18:04.205Z] STDOUT [DesktopSecrets] Loaded persisted secrets from: C:\Users\SwitchTech\AppData\Roaming\SwitchControl\desktop-secrets.json
[2026-06-19T11:18:04.205Z] STDOUT [DesktopSecrets] JWT_SECRET: loaded from persisted file
[2026-06-19T11:18:04.205Z] STDOUT [DesktopSecrets] SESSION_SECRET: loaded from persisted file
[2026-06-19T11:18:04.206Z] STDOUT [DesktopSecrets] Bootstrap complete — JWT_SECRET and SESSION_SECRET are set
[2026-06-19T11:18:05.395Z] STDOUT [DB] Electron offline mode — no DATABASE_URL present, using in-memory mock storage.
[2026-06-19T11:18:05.396Z] STDOUT [Stripe] Billing not configured on local backend — expected in Electron mode.
[2026-06-19T11:18:05.396Z] STDOUT [FocusMode] Skipping DB init — running without database (Electron offline / dev no-DB mode).
[2026-06-19T11:18:05.396Z] STDOUT [JWT] ===== SELF-TEST START =====
[2026-06-19T11:18:05.396Z] STDOUT [JWT] config OK — JWT secret configured (secretFp=4a3eaa61)
[2026-06-19T11:18:05.397Z] STDOUT [JWT] signed — userId=self-test-user-000 secretFp=4a3eaa61 tokenFp=eyJhbGci.eyJzdWIi
[2026-06-19T11:18:05.397Z] STDOUT [JWT] PASS: valid token → sub=self-test-user-000 exp=1784459885
[2026-06-19T11:18:05.397Z] STDOUT [JWT] PASS: invalid token → null (rejected)
[2026-06-19T11:18:05.397Z] STDOUT [JWT] PASS: expired token → null (rejected)
[2026-06-19T11:18:05.397Z] STDOUT [JWT] PASS: empty token → null (fallback to cookie path)
[2026-06-19T11:18:05.398Z] STDOUT [JWT] PASS: alg=none token → null (rejected)
[2026-06-19T11:18:05.398Z] STDOUT [JWT] PASS: wrong issuer token → null (rejected)
[2026-06-19T11:18:05.398Z] STDOUT [JWT] ===== SELF-TEST END =====
[2026-06-19T11:18:05.399Z] STDOUT [AUTH] Google OAuth not configured on local backend — expected in Electron mode (auth handled by cloud server).
[2026-06-19T11:18:05.399Z] STDOUT [AUTH] Using memory session store (NO-DB / Electron desktop mode)
[2026-06-19T11:18:05.399Z] STDOUT [AUTH] ===== SESSION COOKIE CONFIG =====
[2026-06-19T11:18:05.400Z] STDOUT [AUTH] production: true
[2026-06-19T11:18:05.400Z] STDOUT [AUTH] electronBackend: true
[2026-06-19T11:18:05.400Z] STDOUT [AUTH] cookie: {"httpOnly":true,"secure":false,"sameSite":"lax","maxAge":604800000,"path":"/"}
[2026-06-19T11:18:05.400Z] STDOUT [AUTH] ================================
[2026-06-19T11:18:05.401Z] STDOUT [AUTH] Discord OAuth not configured on local backend — expected in Electron mode (auth handled by cloud server).
[2026-06-19T11:18:05.401Z] STDOUT [WS] Live telemetry WebSocket server ready at /ws/telemetry (auth required)
[2026-06-19T11:18:05.401Z] STDOUT 11:18:05 PM [express] serving on 127.0.0.1:53253
[2026-06-19T11:18:05.412Z] Health check PASSED — attempt 5, 1390ms elapsed, body={"status":"ok","version":"1.1.3","uptime":1,"dbReachable":false,"timestamp":1781867885409}
[2026-06-19T11:18:08.429Z] STDOUT [SysIntelligence] phase=A start — identity collection
[2026-06-19T11:18:10.489Z] STDERR [SysIntelligence] phase=timeout source=A.mem limit=1500ms
[2026-06-19T11:18:11.430Z] STDERR [SysIntelligence] phase=timeout source=baseboard limit=3000ms
[2026-06-19T11:18:11.430Z] STDERR [SysIntelligence] phase=timeout source=bios limit=3000ms
[2026-06-19T11:18:11.430Z] STDERR [SysIntelligence] phase=timeout source=graphics limit=3000ms
[2026-06-19T11:18:11.985Z] STDOUT [SysIntelligence] phase=A complete in 3556ms | CPU=Ryzen 7 9800X3D 8-Core Processor | GPU=AMD Radeon RX 7800 XT | RAM=32372MB
[2026-06-19T11:18:13.433Z] STDERR [SysIntelligence] phase=timeout source=cpu limit=5000ms
[2026-06-19T11:18:20.166Z] STDOUT [SysIntelligence] Background deep collection triggered
[2026-06-19T11:18:20.167Z] STDOUT [SysIntelligence] phase=full start — deep collection
[2026-06-19T11:18:23.728Z] STDERR [SysIntelligence] phase=timeout source=baseboard limit=3000ms
[2026-06-19T11:18:23.728Z] STDERR [SysIntelligence] probe=baseboard timeout #1 — setting 12min cooldown
[2026-06-19T11:18:23.728Z] STDERR [SysIntelligence] phase=timeout source=bios limit=3000ms
[2026-06-19T11:18:23.728Z] STDERR [SysIntelligence] probe=bios timeout #1 — setting 12min cooldown
[2026-06-19T11:18:23.729Z] STDERR [SysIntelligence] phase=timeout source=graphics limit=3000ms
[2026-06-19T11:18:23.729Z] STDERR [SysIntelligence] probe=graphics timeout #1 — setting 12min cooldown
[2026-06-19T11:18:23.729Z] STDERR [SysIntelligence] phase=timeout source=osInfo limit=3000ms
[2026-06-19T11:18:23.729Z] STDERR [SysIntelligence] probe=osInfo timeout #1 — setting 12min cooldown
[2026-06-19T11:18:23.729Z] STDERR [SysIntelligence] phase=timeout source=platformPS limit=3000ms
[2026-06-19T11:18:23.730Z] STDERR [SysIntelligence] probe=platformPS timeout #1 — setting 12min cooldown
[2026-06-19T11:18:23.730Z] STDERR [SysIntelligence] phase=timeout source=monitorEDID limit=3000ms
[2026-06-19T11:18:23.730Z] STDERR [SysIntelligence] probe=monitorEDID timeout #1 — setting 12min cooldown
[2026-06-19T11:18:24.170Z] STDERR [SysIntelligence] phase=timeout source=memLayout limit=4000ms
[2026-06-19T11:18:24.170Z] STDERR [SysIntelligence] phase=timeout source=diskLayout limit=4000ms
[2026-06-19T11:18:24.170Z] STDERR [SysIntelligence] probe=diskLayout timeout #1 — setting 12min cooldown
[2026-06-19T11:18:24.171Z] STDERR [SysIntelligence] phase=timeout source=fsSize limit=4000ms
[2026-06-19T11:18:24.171Z] STDERR [SysIntelligence] phase=timeout source=netIf limit=4000ms
[2026-06-19T11:18:24.171Z] STDERR [SysIntelligence] phase=timeout source=processes limit=4000ms
[2026-06-19T11:18:25.169Z] STDERR [SysIntelligence] phase=timeout source=cpu limit=5000ms
[2026-06-19T11:18:26.465Z] STDOUT [SysIntelligence] phase=full complete in 6298ms | MB=null | BIOS=null | CPU=Ryzen 7 9800X3D 8-Core Processor | GPUs=0 | RAMsticks=2
[2026-06-19T11:18:26.466Z] STDOUT [SysIntelligence] Disk cache updated
