[2026-06-22T07:22:47.552Z] HEALTH attempt=1 elapsed=0ms ERR ECONNREFUSED connect ECONNREFUSED 127.0.0.1:50706
[2026-06-22T07:22:47.608Z] HEALTH attempt=2 elapsed=58ms ERR ECONNREFUSED connect ECONNREFUSED 127.0.0.1:50706
[2026-06-22T07:22:47.628Z] STDOUT [DesktopSecrets] ELECTRON_BACKEND mode — bootstrapping secrets
[2026-06-22T07:22:47.629Z] STDOUT [DesktopSecrets] Secrets file path: C:\Users\SwitchTech\AppData\Roaming\SwitchControl\desktop-secrets.json
[2026-06-22T07:22:47.629Z] STDOUT [DesktopSecrets] Loaded persisted secrets from: C:\Users\SwitchTech\AppData\Roaming\SwitchControl\desktop-secrets.json
[2026-06-22T07:22:47.629Z] STDOUT [DesktopSecrets] JWT_SECRET: loaded from persisted file
[2026-06-22T07:22:47.629Z] STDOUT [DesktopSecrets] SESSION_SECRET: loaded from persisted file
[2026-06-22T07:22:47.629Z] STDOUT [DesktopSecrets] Bootstrap complete — JWT_SECRET and SESSION_SECRET are set
[2026-06-22T07:22:47.662Z] HEALTH attempt=3 elapsed=112ms ERR ECONNREFUSED connect ECONNREFUSED 127.0.0.1:50706
[2026-06-22T07:22:47.679Z] STDOUT [DB] Electron offline mode — no DATABASE_URL present, using in-memory mock storage.
[2026-06-22T07:22:47.687Z] STDOUT [Stripe] Billing not configured on local backend — expected in Electron mode.
[2026-06-22T07:22:47.714Z] HEALTH attempt=4 elapsed=165ms ERR ECONNREFUSED connect ECONNREFUSED 127.0.0.1:50706
[2026-06-22T07:22:47.790Z] STDOUT [JWT] ===== SELF-TEST START =====
[2026-06-22T07:22:47.790Z] STDOUT [JWT] config OK — JWT secret configured (secretFp=f577a787)
[2026-06-22T07:22:47.790Z] STDOUT [JWT] signed — userId=self-test-user-000 secretFp=f577a787 tokenFp=eyJhbGci.eyJzdWIi
[2026-06-22T07:22:47.790Z] STDOUT [JWT] PASS: valid token → sub=self-test-user-000 exp=1784704967
[2026-06-22T07:22:47.791Z] STDOUT [JWT] PASS: invalid token → null (rejected)
[2026-06-22T07:22:47.791Z] STDOUT [JWT] PASS: expired token → null (rejected)
[2026-06-22T07:22:47.791Z] STDOUT [JWT] PASS: empty token → null (fallback to cookie path)
[2026-06-22T07:22:47.791Z] STDOUT [JWT] PASS: alg=none token → null (rejected)
[2026-06-22T07:22:47.791Z] STDOUT [JWT] PASS: wrong issuer token → null (rejected)
[2026-06-22T07:22:47.791Z] STDOUT [JWT] ===== SELF-TEST END =====
[2026-06-22T07:22:47.791Z] STDOUT [AUTH] Google OAuth not configured on local backend — expected in Electron mode (auth handled by cloud server).
[2026-06-22T07:22:47.792Z] STDOUT [AUTH] Using memory session store (NO-DB / Electron desktop mode)
[2026-06-22T07:22:47.792Z] STDOUT [AUTH] ===== SESSION COOKIE CONFIG =====
[2026-06-22T07:22:47.792Z] STDOUT [AUTH] production: true
[2026-06-22T07:22:47.792Z] STDOUT [AUTH] electronBackend: true
[2026-06-22T07:22:47.792Z] STDOUT [AUTH] cookie: {"httpOnly":true,"secure":false,"sameSite":"lax","maxAge":604800000,"path":"/"}
[2026-06-22T07:22:47.792Z] STDOUT [AUTH] ================================
[2026-06-22T07:22:47.792Z] STDOUT [AUTH] Discord OAuth not configured on local backend — expected in Electron mode (auth handled by cloud server).
[2026-06-22T07:22:47.793Z] STDOUT [WS] Live telemetry WebSocket server ready at /ws/telemetry (auth required)
[2026-06-22T07:22:47.793Z] STDOUT 7:22:47 PM [express] serving on 127.0.0.1:50706
[2026-06-22T07:22:47.802Z] Health check PASSED — attempt 5, 253ms elapsed, body={"status":"ok","version":"1.1.6","uptime":0,"dbReachable":false,"timestamp":1782112967800}
[2026-06-22T07:22:50.850Z] STDOUT [SysIntelligence] phase=A start — identity collection (sequential, WMI-safe)
[2026-06-22T07:22:53.856Z] STDERR [SysIntelligence] phase=timeout source=A.mem limit=3000ms
[2026-06-22T07:22:57.147Z] STDOUT [SysIntelligence] phase=A complete in 6297ms | CPU=Ryzen 7 9800X3D 8-Core Processor | GPU=AMD Radeon RX 7800 XT | RAM=32372MB | probes: mem+cpu+graphics (baseboard/bios skipped)
[2026-06-22T07:22:59.227Z] STDERR [SysIntelligence] phase=timeout source=A.netIf limit=3000ms
[2026-06-22T07:23:00.899Z] STDERR [SysIntelligence] phase=timeout source=graphics limit=6000ms
[2026-06-22T07:23:01.244Z] STDERR [SysIntelligence] phase=timeout source=cpu limit=9000ms
[2026-06-22T07:23:07.737Z] STDOUT [SysIntelligence] Background deep collection triggered
[2026-06-22T07:23:07.738Z] STDOUT [SysIntelligence] phase=full start — deep collection
[2026-06-22T07:23:18.421Z] STDERR [SysIntelligence] phase=timeout source=processes limit=6000ms
[2026-06-22T07:23:18.793Z] STDERR [SysIntelligence] phase=timeout source=fsSize limit=8000ms
[2026-06-22T07:23:18.793Z] STDERR [SysIntelligence] phase=timeout source=netIf limit=8000ms
[2026-06-22T07:23:18.793Z] STDERR [SysIntelligence] phase=timeout source=osInfo limit=8000ms
[2026-06-22T07:23:18.794Z] STDERR [SysIntelligence] phase=timeout source=audio limit=8000ms
[2026-06-22T07:23:18.938Z] STDERR [SysIntelligence] phase=timeout source=memLayout limit=10000ms
[2026-06-22T07:23:18.938Z] STDERR [SysIntelligence] phase=timeout source=diskLayout limit=10000ms
[2026-06-22T07:23:19.027Z] STDOUT [SysIntelligence] cpu WMI timeout — os.cpus() fallback: AMD Ryzen 7 9800X3D 8-Core Processor
[2026-06-22T07:23:19.706Z] STDOUT [SysIntelligence] phase=full complete in 11968ms | MB=X870E AORUS PRO ICE | BIOS=F12a | CPU=AMD Ryzen 7 9800X3D 8-Core Processor | GPUs=1 | RAMsticks=2
[2026-06-22T07:23:19.707Z] STDOUT [SysIntelligence] Disk cache updated
[2026-06-22T07:23:19.743Z] STDERR [SysIntelligence] phase=timeout source=baseboard limit=12000ms
[2026-06-22T07:23:19.744Z] STDERR [SysIntelligence] phase=timeout source=bios limit=12000ms
[2026-06-22T07:23:22.421Z] STDERR [SysIntelligence] phase=timeout source=platformPS limit=10000ms
[2026-06-22T07:23:25.026Z] STDERR [SysIntelligence] phase=timeout source=graphics limit=8000ms
[2026-06-22T07:23:25.026Z] STDERR [SysIntelligence] phase=timeout source=monitorEDID limit=8000ms
