SwitchControl crash dump
Time: 2026-06-20T09:28:59.297Z
Type: uncaughtException
PID: 5596
Platform: win32 x64
Node: 20.18.3

Error: Cannot find module './storage-helper'
Require stack:
- C:\Program Files\SwitchControl\resources\app.asar\main.js
- 
    at Module._resolveFilename (node:internal/modules/cjs/loader:1232:15)
    at s._resolveFilename (node:electron/js2c/browser_init:2:124109)
    at Module._load (node:internal/modules/cjs/loader:1058:27)
    at c._load (node:electron/js2c/node_init:2:16955)
    at Module.require (node:internal/modules/cjs/loader:1318:19)
    at require (node:internal/modules/helpers:179:18)
    at Object.<anonymous> (C:\Program Files\SwitchControl\resources\app.asar\main.js:68:1)
    at Module._compile (node:internal/modules/cjs/loader:1484:14)
    at Module._extensions..js (node:internal/modules/cjs/loader:1564:10)
    at Module.load (node:internal/modules/cjs/loader:1295:32)