
[2026-06-22T04:11:42.526Z] [INFO] SwitchControl started — PID:11936 platform:win32/x64 node:20.18.3
[2026-06-22T04:11:42.559Z] [LOG] [Security] IPC handlers registered
[2026-06-22T04:11:42.560Z] [LOG] [Debloat] IPC handlers registered
[2026-06-22T04:11:42.561Z] [LOG] [Cleaner] IPC handlers registered
[2026-06-22T04:11:42.561Z] [LOG] [Storage] IPC handlers registered
[2026-06-22T04:11:42.562Z] [LOG] [Protocol] registered: true | isDefault: true | isDev: false
[2026-06-22T04:11:42.561Z] [LOG] [Renderer:info] (C:\Program Files\SwitchControl\resources\app.asar\preload.js:175) [PremiumFlow] deep-link received: switchcontrol://auth/callback?code=64f0e669-6db6-42e7-a68a-681f9f5db567.1782101529935.aade8c76bd8838d9&provider=google
[2026-06-22T04:11:42.562Z] [LOG] [Renderer:info] (index-CwtkL5Wk.js:215) [DeepLink] ===== RENDERER CALLBACK RECEIVED =====
[2026-06-22T04:11:42.562Z] [LOG] [Renderer:info] (index-CwtkL5Wk.js:215) [DeepLink] URL: switchcontrol://auth/callback?code=64f0e669-6db6-42e7-a68a-681f9f5db567.1782101529935.aade8c76bd8838d9&provider=google
[2026-06-22T04:11:42.562Z] [LOG] [Renderer:info] (index-CwtkL5Wk.js:10) [AuthState] transition authenticated → callback_received
[2026-06-22T04:11:42.565Z] [FATAL] uncaughtException: Error: Cannot find module './driver-apps-helper'
Require stack:
- C:\Program Files\SwitchControl\resources\app.asar\main.js
- 
    at Module._resolveFilename (node:internal/modules/cjs/loader:1232:15)
    at s._resolveFilename (node:electron/js2c/browser_init:2:124109)
    at Module._load (node:internal/modules/cjs/loader:1058:27)
    at c._load (node:electron/js2c/node_init:2:16955)
    at Module.require (node:internal/modules/cjs/loader:1318:19)
    at require (node:internal/modules/helpers:179:18)
    at Object.<anonymous> (C:\Program Files\SwitchControl\resources\app.asar\main.js:1957:20)
    at Module._compile (node:internal/modules/cjs/loader:1484:14)
    at Module._extensions..js (node:internal/modules/cjs/loader:1564:10)
    at Module.load (node:internal/modules/cjs/loader:1295:32)
[2026-06-22T04:11:42.562Z] [LOG] [Renderer:info] (index-CwtkL5Wk.js:215) [DeepLink] parsed — code: present provider: google premiumActivated: false currentUserLoggedIn: true
[2026-06-22T04:11:42.562Z] [LOG] [Renderer:info] (index-CwtkL5Wk.js:10) [AuthState] transition callback_received → exchanging
[2026-06-22T04:11:42.562Z] [LOG] [Renderer:info] (index-CwtkL5Wk.js:215) [PremiumTruth] authContextValue — entitlementsVerified: false isPremium: false storedIsPremium: true
[2026-06-22T04:11:42.933Z] [LOG] [Renderer:info] (index-CwtkL5Wk.js:215) [PremiumTruth] authContextValue — entitlementsVerified: false isPremium: false storedIsPremium: true
[2026-06-22T04:11:42.934Z] [LOG] [Renderer:info] (index-CwtkL5Wk.js:215) [PremiumTruth] authContextValue — entitlementsVerified: false isPremium: false storedIsPremium: true
[2026-06-22T04:11:43.243Z] [LOG] [Renderer:info] (index-CwtkL5Wk.js:215) [PremiumTruth] authContextValue — entitlementsVerified: false isPremium: false storedIsPremium: true
[2026-06-22T04:11:43.244Z] [LOG] [Renderer:info] (index-CwtkL5Wk.js:10) [AuthState] transition exchanging → authenticated
[2026-06-22T04:11:43.244Z] [LOG] [Renderer:info] (index-CwtkL5Wk.js:215) [Auth] exchange success — user=64f0e669-6db6-42e7-a68a-681f9f5db567 provider=google
[2026-06-22T04:11:43.244Z] [LOG] [Renderer:info] (index-CwtkL5Wk.js:215) [Auth] returning user, phase=welcome — navigating to dashboard
[2026-06-22T04:11:43.245Z] [LOG] [Renderer:info] (index-CwtkL5Wk.js:215) [PremiumTruth] authContextValue — entitlementsVerified: false isPremium: false storedIsPremium: true
[2026-06-22T04:11:43.245Z] [ERROR] Error occurred in handler for 'telemetry:getLive': Error: No handler registered for 'telemetry:getLive'
    at WebContents.<anonymous> (node:electron/js2c/browser_init:2:87136)
    at WebContents.emit (node:events:518:28)
[2026-06-22T04:11:43.246Z] [LOG] [Renderer:info] (index-CwtkL5Wk.js:215) [TourTransition] phase entered authenticated — waiting 500ms for dashboard to stabilize
[2026-06-22T04:11:43.746Z] [LOG] [Renderer:info] (index-CwtkL5Wk.js:215) [TourTransition] dashboard stable — tours unblocked
[2026-06-22T04:11:43.746Z] [LOG] [Renderer:info] (index-CwtkL5Wk.js:215) [PremiumTruth] authContextValue — entitlementsVerified: false isPremium: false storedIsPremium: true
[2026-06-22T04:11:43.747Z] [LOG] [Renderer:info] (index-CwtkL5Wk.js:215) [AppFlow] Flow eval — isPremium: true plan: premium trialEndsAt: null hasSeenTrialActivation: true hasSeenTrialTour: true hasSeenUnlock: true hasSeenTour: true isFirstTimeUser: true isFirstLogin: true entitlementsAttempted: true entitlementsOk: false unlockFired: false trialUnlockFired: false
[2026-06-22T04:11:43.747Z] [LOG] [Renderer:info] (index-CwtkL5Wk.js:215) [AppFlow] PRIORITY 1: First-time onboarding tour
[2026-06-22T04:11:43.748Z] [LOG] [Renderer:info] (index-CwtkL5Wk.js:215) [PremiumTruth] authContextValue — entitlementsVerified: false isPremium: false storedIsPremium: true
[2026-06-22T04:11:43.748Z] [LOG] [Renderer:info] (index-CwtkL5Wk.js:25) [TourTransition] mounted (invisible)
[2026-06-22T04:11:43.771Z] [LOG] [Renderer:info] (index-CwtkL5Wk.js:25) [TourTransition] revealed — first visible frame
[2026-06-22T04:11:43.894Z] [ERROR] Error occurred in handler for 'app:getBackendPort': Error: No handler registered for 'app:getBackendPort'
    at WebContents.<anonymous> (node:electron/js2c/browser_init:2:87136)
    at WebContents.emit (node:events:518:28)
[2026-06-22T04:11:44.253Z] [ERROR] Error occurred in handler for 'updater:getState': Error: No handler registered for 'updater:getState'
    at WebContents.<anonymous> (node:electron/js2c/browser_init:2:87136)
    at WebContents.emit (node:events:518:28)
[2026-06-22T04:11:44.254Z] [LOG] [Renderer:info] (index-CwtkL5Wk.js:28) [Network] Heartbeat started (interval=30000ms)
[2026-06-22T04:11:44.256Z] [ERROR] Error occurred in handler for 'system:getDisplayInfo': Error: No handler registered for 'system:getDisplayInfo'
    at WebContents.<anonymous> (node:electron/js2c/browser_init:2:87136)
    at WebContents.emit (node:events:518:28)
[2026-06-22T04:11:44.257Z] [LOG] [Renderer:info] (index-CwtkL5Wk.js:159) [Dashboard] mounted
[2026-06-22T04:11:44.257Z] [LOG] [Renderer:info] (index-CwtkL5Wk.js:159) [ActivityMonitor] mounted — no cached history yet, status: loading
[2026-06-22T04:11:44.257Z] [LOG] [BOOT] ──────────────────────────────────────────
[2026-06-22T04:11:44.257Z] [LOG] [BOOT] firstFrameReady  = 142ms
[2026-06-22T04:11:44.257Z] [LOG] [BOOT] windowShown      = 163ms
[2026-06-22T04:11:44.257Z] [LOG] [BOOT] telemetryStart   = 173ms
[2026-06-22T04:11:44.257Z] [LOG] [BOOT] dashboardMounted = 16726ms
[2026-06-22T04:11:44.258Z] [LOG] [BOOT] ──────────────────────────────────────────
[2026-06-22T04:11:44.258Z] [ERROR] Error occurred in handler for 'system:getSpecs': Error: No handler registered for 'system:getSpecs'
    at WebContents.<anonymous> (node:electron/js2c/browser_init:2:87136)
    at WebContents.emit (node:events:518:28)
[2026-06-22T04:11:44.258Z] [LOG] [Renderer:info] (index-CwtkL5Wk.js:215) [Handoff] dashboard fade-in started
[2026-06-22T04:11:44.274Z] [ERROR] [Renderer:error] (index-CwtkL5Wk.js:159) [SwitchControl] Failed to get system specs: Error: Error invoking remote method 'system:getSpecs': Error: No handler registered for 'system:getSpecs'
[2026-06-22T04:11:44.285Z] [LOG] [Renderer:info] (index-CwtkL5Wk.js:215) [Handoff] dashboard fade-in complete — layout stable
[2026-06-22T04:11:44.379Z] [ERROR] Error occurred in handler for 'system:getAllDisks': Error: No handler registered for 'system:getAllDisks'
    at WebContents.<anonymous> (node:electron/js2c/browser_init:2:87136)
    at WebContents.emit (node:events:518:28)
[2026-06-22T04:11:44.384Z] [ERROR] [Renderer:error] (index-CwtkL5Wk.js:159) [SwitchControl] Failed to get disks: Error: Error invoking remote method 'system:getAllDisks': Error: No handler registered for 'system:getAllDisks'
[2026-06-22T04:11:44.593Z] [LOG] [Renderer:info] (index-CwtkL5Wk.js:25) [TourTransition] card fully visible
[2026-06-22T04:11:45.246Z] [ERROR] Error occurred in handler for 'telemetry:getLive': Error: No handler registered for 'telemetry:getLive'
    at WebContents.<anonymous> (node:electron/js2c/browser_init:2:87136)
    at WebContents.emit (node:events:518:28)
[2026-06-22T04:11:45.456Z] [ERROR] Error occurred in handler for 'powerPlans:getState': Error: No handler registered for 'powerPlans:getState'
    at WebContents.<anonymous> (node:electron/js2c/browser_init:2:87136)
    at WebContents.emit (node:events:518:28)
[2026-06-22T04:11:47.247Z] [ERROR] Error occurred in handler for 'telemetry:getLive': Error: No handler registered for 'telemetry:getLive'
    at WebContents.<anonymous> (node:electron/js2c/browser_init:2:87136)
    at WebContents.emit (node:events:518:28)
[2026-06-22T04:11:48.895Z] [ERROR] Error occurred in handler for 'app:getBackendPort': Error: No handler registered for 'app:getBackendPort'
    at WebContents.<anonymous> (node:electron/js2c/browser_init:2:87136)
    at WebContents.emit (node:events:518:28)
[2026-06-22T04:11:49.248Z] [ERROR] Error occurred in handler for 'telemetry:getLive': Error: No handler registered for 'telemetry:getLive'
    at WebContents.<anonymous> (node:electron/js2c/browser_init:2:87136)
    at WebContents.emit (node:events:518:28)
[2026-06-22T04:11:51.249Z] [ERROR] Error occurred in handler for 'telemetry:getLive': Error: No handler registered for 'telemetry:getLive'
    at WebContents.<anonymous> (node:electron/js2c/browser_init:2:87136)
    at WebContents.emit (node:events:518:28)
[2026-06-22T04:11:53.252Z] [ERROR] Error occurred in handler for 'telemetry:getLive': Error: No handler registered for 'telemetry:getLive'
    at WebContents.<anonymous> (node:electron/js2c/browser_init:2:87136)
    at WebContents.emit (node:events:518:28)
[2026-06-22T04:11:53.897Z] [ERROR] Error occurred in handler for 'app:getBackendPort': Error: No handler registered for 'app:getBackendPort'
    at WebContents.<anonymous> (node:electron/js2c/browser_init:2:87136)
    at WebContents.emit (node:events:518:28)
[2026-06-22T04:11:53.897Z] [LOG] [Renderer:info] (index-CwtkL5Wk.js:10) [API] Backend port not ready, retrying in 5000ms… (elapsed 26239ms, attempt 10)
[2026-06-22T04:11:55.253Z] [ERROR] Error occurred in handler for 'telemetry:getLive': Error: No handler registered for 'telemetry:getLive'
    at WebContents.<anonymous> (node:electron/js2c/browser_init:2:87136)
    at WebContents.emit (node:events:518:28)
[2026-06-22T04:11:57.254Z] [ERROR] Error occurred in handler for 'telemetry:getLive': Error: No handler registered for 'telemetry:getLive'
    at WebContents.<anonymous> (node:electron/js2c/browser_init:2:87136)
    at WebContents.emit (node:events:518:28)
[2026-06-22T04:11:58.900Z] [ERROR] Error occurred in handler for 'app:getBackendPort': Error: No handler registered for 'app:getBackendPort'
    at WebContents.<anonymous> (node:electron/js2c/browser_init:2:87136)
    at WebContents.emit (node:events:518:28)
[2026-06-22T04:11:59.256Z] [ERROR] Error occurred in handler for 'telemetry:getLive': Error: No handler registered for 'telemetry:getLive'
    at WebContents.<anonymous> (node:electron/js2c/browser_init:2:87136)
    at WebContents.emit (node:events:518:28)
[2026-06-22T04:12:01.259Z] [ERROR] Error occurred in handler for 'telemetry:getLive': Error: No handler registered for 'telemetry:getLive'
    at WebContents.<anonymous> (node:electron/js2c/browser_init:2:87136)
    at WebContents.emit (node:events:518:28)
[2026-06-22T04:12:01.727Z] [LOG] [Renderer:info] (index-CwtkL5Wk.js:215) [PremiumTruth] authContextValue — entitlementsVerified: false isPremium: false storedIsPremium: true
[2026-06-22T04:12:01.737Z] [LOG] [Renderer:info] (index-CwtkL5Wk.js:215) [AppFlow] Flow eval — isPremium: true plan: premium trialEndsAt: null hasSeenTrialActivation: true hasSeenTrialTour: true hasSeenUnlock: true hasSeenTour: true isFirstTimeUser: false isFirstLogin: true entitlementsAttempted: true entitlementsOk: false unlockFired: false trialUnlockFired: false
[2026-06-22T04:12:01.738Z] [LOG] [Renderer:info] (index-CwtkL5Wk.js:215) [AppFlow] Waiting for entitlementsOk — skipping premium flow checks
[2026-06-22T04:12:03.260Z] [ERROR] Error occurred in handler for 'telemetry:getLive': Error: No handler registered for 'telemetry:getLive'
    at WebContents.<anonymous> (node:electron/js2c/browser_init:2:87136)
    at WebContents.emit (node:events:518:28)
[2026-06-22T04:12:03.902Z] [ERROR] Error occurred in handler for 'app:getBackendPort': Error: No handler registered for 'app:getBackendPort'
    at WebContents.<anonymous> (node:electron/js2c/browser_init:2:87136)
    at WebContents.emit (node:events:518:28)
[2026-06-22T04:12:04.371Z] [LOG] [Renderer:info] (index-CwtkL5Wk.js:215) [PremiumTruth] authContextValue — entitlementsVerified: false isPremium: false storedIsPremium: true
[2026-06-22T04:12:04.412Z] [ERROR] Error occurred in handler for 'updater:getState': Error: No handler registered for 'updater:getState'
    at WebContents.<anonymous> (node:electron/js2c/browser_init:2:87136)
    at WebContents.emit (node:events:518:28)
[2026-06-22T04:12:04.413Z] [ERROR] Error occurred in handler for 'tweak:getLocalState': Error: No handler registered for 'tweak:getLocalState'
    at WebContents.<anonymous> (node:electron/js2c/browser_init:2:87136)
    at WebContents.emit (node:events:518:28)
[2026-06-22T04:12:04.413Z] [ERROR] Error occurred in handler for 'tweak:getLocalState': Error: No handler registered for 'tweak:getLocalState'
    at WebContents.<anonymous> (node:electron/js2c/browser_init:2:87136)
    at WebContents.emit (node:events:518:28)
[2026-06-22T04:12:04.413Z] [ERROR] Error occurred in handler for 'tweak:getLocalState': Error: No handler registered for 'tweak:getLocalState'
    at WebContents.<anonymous> (node:electron/js2c/browser_init:2:87136)
    at WebContents.emit (node:events:518:28)
[2026-06-22T04:12:04.413Z] [ERROR] Error occurred in handler for 'tweak:getLocalState': Error: No handler registered for 'tweak:getLocalState'
    at WebContents.<anonymous> (node:electron/js2c/browser_init:2:87136)
    at WebContents.emit (node:events:518:28)
[2026-06-22T04:12:04.414Z] [ERROR] Error occurred in handler for 'tweak:getLocalState': Error: No handler registered for 'tweak:getLocalState'
    at WebContents.<anonymous> (node:electron/js2c/browser_init:2:87136)
    at WebContents.emit (node:events:518:28)
[2026-06-22T04:12:04.414Z] [ERROR] Error occurred in handler for 'tweak:getLocalState': Error: No handler registered for 'tweak:getLocalState'
    at WebContents.<anonymous> (node:electron/js2c/browser_init:2:87136)
    at WebContents.emit (node:events:518:28)
[2026-06-22T04:12:04.414Z] [ERROR] Error occurred in handler for 'tweak:getLocalState': Error: No handler registered for 'tweak:getLocalState'
    at WebContents.<anonymous> (node:electron/js2c/browser_init:2:87136)
    at WebContents.emit (node:events:518:28)
[2026-06-22T04:12:04.414Z] [ERROR] Error occurred in handler for 'tweak:getLocalState': Error: No handler registered for 'tweak:getLocalState'
    at WebContents.<anonymous> (node:electron/js2c/browser_init:2:87136)
    at WebContents.emit (node:events:518:28)
[2026-06-22T04:12:04.414Z] [ERROR] Error occurred in handler for 'tweak:getLocalState': Error: No handler registered for 'tweak:getLocalState'
    at WebContents.<anonymous> (node:electron/js2c/browser_init:2:87136)
    at WebContents.emit (node:events:518:28)
[2026-06-22T04:12:04.414Z] [ERROR] Error occurred in handler for 'tweak:getLocalState': Error: No handler registered for 'tweak:getLocalState'
    at WebContents.<anonymous> (node:electron/js2c/browser_init:2:87136)
    at WebContents.emit (node:events:518:28)
[2026-06-22T04:12:04.414Z] [ERROR] Error occurred in handler for 'tweak:getLocalState': Error: No handler registered for 'tweak:getLocalState'
    at WebContents.<anonymous> (node:electron/js2c/browser_init:2:87136)
    at WebContents.emit (node:events:518:28)
[2026-06-22T04:12:04.415Z] [ERROR] Error occurred in handler for 'tweak:getLocalState': Error: No handler registered for 'tweak:getLocalState'
    at WebContents.<anonymous> (node:electron/js2c/browser_init:2:87136)
    at WebContents.emit (node:events:518:28)
[2026-06-22T04:12:04.415Z] [ERROR] Error occurred in handler for 'tweak:getLocalState': Error: No handler registered for 'tweak:getLocalState'
    at WebContents.<anonymous> (node:electron/js2c/browser_init:2:87136)
    at WebContents.emit (node:events:518:28)
[2026-06-22T04:12:04.415Z] [ERROR] Error occurred in handler for 'tweak:getLocalState': Error: No handler registered for 'tweak:getLocalState'
    at WebContents.<anonymous> (node:electron/js2c/browser_init:2:87136)
    at WebContents.emit (node:events:518:28)
[2026-06-22T04:12:04.415Z] [ERROR] Error occurred in handler for 'tweak:getLocalState': Error: No handler registered for 'tweak:getLocalState'
    at WebContents.<anonymous> (node:electron/js2c/browser_init:2:87136)
    at WebContents.emit (node:events:518:28)
[2026-06-22T04:12:04.415Z] [ERROR] Error occurred in handler for 'tweak:getLocalState': Error: No handler registered for 'tweak:getLocalState'
    at WebContents.<anonymous> (node:electron/js2c/browser_init:2:87136)
    at WebContents.emit (node:events:518:28)
[2026-06-22T04:12:04.415Z] [ERROR] Error occurred in handler for 'tweak:getLocalState': Error: No handler registered for 'tweak:getLocalState'
    at WebContents.<anonymous> (node:electron/js2c/browser_init:2:87136)
    at WebContents.emit (node:events:518:28)
[2026-06-22T04:12:04.415Z] [ERROR] Error occurred in handler for 'tweak:getLocalState': Error: No handler registered for 'tweak:getLocalState'
    at WebContents.<anonymous> (node:electron/js2c/browser_init:2:87136)
    at WebContents.emit (node:events:518:28)
[2026-06-22T04:12:04.416Z] [ERROR] Error occurred in handler for 'tweak:getLocalState': Error: No handler registered for 'tweak:getLocalState'
    at WebContents.<anonymous> (node:electron/js2c/browser_init:2:87136)
    at WebContents.emit (node:events:518:28)
[2026-06-22T04:12:04.416Z] [ERROR] Error occurred in handler for 'tweak:getLocalState': Error: No handler registered for 'tweak:getLocalState'
    at WebContents.<anonymous> (node:electron/js2c/browser_init:2:87136)
    at WebContents.emit (node:events:518:28)
[2026-06-22T04:12:04.416Z] [ERROR] Error occurred in handler for 'tweak:getLocalState': Error: No handler registered for 'tweak:getLocalState'
    at WebContents.<anonymous> (node:electron/js2c/browser_init:2:87136)
    at WebContents.emit (node:events:518:28)
[2026-06-22T04:12:04.416Z] [ERROR] Error occurred in handler for 'tweak:getLocalState': Error: No handler registered for 'tweak:getLocalState'
    at WebContents.<anonymous> (node:electron/js2c/browser_init:2:87136)
    at WebContents.emit (node:events:518:28)
[2026-06-22T04:12:04.416Z] [ERROR] Error occurred in handler for 'tweak:getLocalState': Error: No handler registered for 'tweak:getLocalState'
    at WebContents.<anonymous> (node:electron/js2c/browser_init:2:87136)
    at WebContents.emit (node:events:518:28)
[2026-06-22T04:12:04.416Z] [ERROR] Error occurred in handler for 'tweak:getLocalState': Error: No handler registered for 'tweak:getLocalState'
    at WebContents.<anonymous> (node:electron/js2c/browser_init:2:87136)
    at WebContents.emit (node:events:518:28)
[2026-06-22T04:12:04.416Z] [ERROR] Error occurred in handler for 'tweak:getLocalState': Error: No handler registered for 'tweak:getLocalState'
    at WebContents.<anonymous> (node:electron/js2c/browser_init:2:87136)
    at WebContents.emit (node:events:518:28)
[2026-06-22T04:12:04.417Z] [ERROR] Error occurred in handler for 'tweak:getLocalState': Error: No handler registered for 'tweak:getLocalState'
    at WebContents.<anonymous> (node:electron/js2c/browser_init:2:87136)
    at WebContents.emit (node:events:518:28)
[2026-06-22T04:12:04.417Z] [ERROR] Error occurred in handler for 'tweak:getLocalState': Error: No handler registered for 'tweak:getLocalState'
    at WebContents.<anonymous> (node:electron/js2c/browser_init:2:87136)
    at WebContents.emit (node:events:518:28)
[2026-06-22T04:12:04.417Z] [ERROR] Error occurred in handler for 'tweak:getLocalState': Error: No handler registered for 'tweak:getLocalState'
    at WebContents.<anonymous> (node:electron/js2c/browser_init:2:87136)
    at WebContents.emit (node:events:518:28)
[2026-06-22T04:12:04.417Z] [ERROR] Error occurred in handler for 'tweak:getLocalState': Error: No handler registered for 'tweak:getLocalState'
    at WebContents.<anonymous> (node:electron/js2c/browser_init:2:87136)
    at WebContents.emit (node:events:518:28)
[2026-06-22T04:12:04.417Z] [ERROR] Error occurred in handler for 'tweak:getLocalState': Error: No handler registered for 'tweak:getLocalState'
    at WebContents.<anonymous> (node:electron/js2c/browser_init:2:87136)
    at WebContents.emit (node:events:518:28)
[2026-06-22T04:12:04.417Z] [ERROR] Error occurred in handler for 'tweak:getLocalState': Error: No handler registered for 'tweak:getLocalState'
    at WebContents.<anonymous> (node:electron/js2c/browser_init:2:87136)
    at WebContents.emit (node:events:518:28)
[2026-06-22T04:12:04.417Z] [ERROR] Error occurred in handler for 'tweak:getLocalState': Error: No handler registered for 'tweak:getLocalState'
    at WebContents.<anonymous> (node:electron/js2c/browser_init:2:87136)
    at WebContents.emit (node:events:518:28)
[2026-06-22T04:12:04.418Z] [ERROR] Error occurred in handler for 'tweak:getLocalState': Error: No handler registered for 'tweak:getLocalState'
    at WebContents.<anonymous> (node:electron/js2c/browser_init:2:87136)
    at WebContents.emit (node:events:518:28)
[2026-06-22T04:12:04.418Z] [ERROR] Error occurred in handler for 'tweak:getLocalState': Error: No handler registered for 'tweak:getLocalState'
    at WebContents.<anonymous> (node:electron/js2c/browser_init:2:87136)
    at WebContents.emit (node:events:518:28)
[2026-06-22T04:12:04.418Z] [ERROR] Error occurred in handler for 'tweak:getLocalState': Error: No handler registered for 'tweak:getLocalState'
    at WebContents.<anonymous> (node:electron/js2c/browser_init:2:87136)
    at WebContents.emit (node:events:518:28)
[2026-06-22T04:12:04.418Z] [ERROR] Error occurred in handler for 'tweak:getLocalState': Error: No handler registered for 'tweak:getLocalState'
    at WebContents.<anonymous> (node:electron/js2c/browser_init:2:87136)
    at WebContents.emit (node:events:518:28)
[2026-06-22T04:12:04.418Z] [ERROR] Error occurred in handler for 'tweak:getLocalState': Error: No handler registered for 'tweak:getLocalState'
    at WebContents.<anonymous> (node:electron/js2c/browser_init:2:87136)
    at WebContents.emit (node:events:518:28)
[2026-06-22T04:12:04.418Z] [ERROR] Error occurred in handler for 'tweak:getLocalState': Error: No handler registered for 'tweak:getLocalState'
    at WebContents.<anonymous> (node:electron/js2c/browser_init:2:87136)
    at WebContents.emit (node:events:518:28)
[2026-06-22T04:12:04.418Z] [ERROR] Error occurred in handler for 'tweak:getLocalState': Error: No handler registered for 'tweak:getLocalState'
    at WebContents.<anonymous> (node:electron/js2c/browser_init:2:87136)
    at WebContents.emit (node:events:518:28)
[2026-06-22T04:12:04.419Z] [ERROR] Error occurred in handler for 'tweak:getLocalState': Error: No handler registered for 'tweak:getLocalState'
    at WebContents.<anonymous> (node:electron/js2c/browser_init:2:87136)
    at WebContents.emit (node:events:518:28)
[2026-06-22T04:12:04.419Z] [ERROR] Error occurred in handler for 'tweak:getLocalState': Error: No handler registered for 'tweak:getLocalState'
    at WebContents.<anonymous> (node:electron/js2c/browser_init:2:87136)
    at WebContents.emit (node:events:518:28)
[2026-06-22T04:12:04.419Z] [ERROR] Error occurred in handler for 'tweak:getLocalState': Error: No handler registered for 'tweak:getLocalState'
    at WebContents.<anonymous> (node:electron/js2c/browser_init:2:87136)
    at WebContents.emit (node:events:518:28)
[2026-06-22T04:12:04.419Z] [ERROR] Error occurred in handler for 'tweak:getLocalState': Error: No handler registered for 'tweak:getLocalState'
    at WebContents.<anonymous> (node:electron/js2c/browser_init:2:87136)
    at WebContents.emit (node:events:518:28)
[2026-06-22T04:12:04.419Z] [ERROR] Error occurred in handler for 'tweak:getLocalState': Error: No handler registered for 'tweak:getLocalState'
    at WebContents.<anonymous> (node:electron/js2c/browser_init:2:87136)
    at WebContents.emit (node:events:518:28)
[2026-06-22T04:12:04.420Z] [ERROR] Error occurred in handler for 'tweak:getLocalState': Error: No handler registered for 'tweak:getLocalState'
    at WebContents.<anonymous> (node:electron/js2c/browser_init:2:87136)
    at WebContents.emit (node:events:518:28)
[2026-06-22T04:12:04.420Z] [ERROR] Error occurred in handler for 'tweak:readValue': Error: No handler registered for 'tweak:readValue'
    at WebContents.<anonymous> (node:electron/js2c/browser_init:2:87136)
    at WebContents.emit (node:events:518:28)
[2026-06-22T04:12:04.420Z] [ERROR] Error occurred in handler for 'tweak:readValue': Error: No handler registered for 'tweak:readValue'
    at WebContents.<anonymous> (node:electron/js2c/browser_init:2:87136)
    at WebContents.emit (node:events:518:28)
[2026-06-22T04:12:04.420Z] [ERROR] Error occurred in handler for 'tweak:readValue': Error: No handler registered for 'tweak:readValue'
    at WebContents.<anonymous> (node:electron/js2c/browser_init:2:87136)
    at WebContents.emit (node:events:518:28)
[2026-06-22T04:12:04.420Z] [ERROR] Error occurred in handler for 'tweak:readValue': Error: No handler registered for 'tweak:readValue'
    at WebContents.<anonymous> (node:electron/js2c/browser_init:2:87136)
    at WebContents.emit (node:events:518:28)
[2026-06-22T04:12:04.420Z] [ERROR] Error occurred in handler for 'tweak:readValue': Error: No handler registered for 'tweak:readValue'
    at WebContents.<anonymous> (node:electron/js2c/browser_init:2:87136)
    at WebContents.emit (node:events:518:28)
[2026-06-22T04:12:04.420Z] [ERROR] Error occurred in handler for 'tweak:readValue': Error: No handler registered for 'tweak:readValue'
    at WebContents.<anonymous> (node:electron/js2c/browser_init:2:87136)
    at WebContents.emit (node:events:518:28)
[2026-06-22T04:12:04.421Z] [ERROR] Error occurred in handler for 'tweak:readValue': Error: No handler registered for 'tweak:readValue'
    at WebContents.<anonymous> (node:electron/js2c/browser_init:2:87136)
    at WebContents.emit (node:events:518:28)
[2026-06-22T04:12:04.421Z] [ERROR] Error occurred in handler for 'tweak:readValue': Error: No handler registered for 'tweak:readValue'
    at WebContents.<anonymous> (node:electron/js2c/browser_init:2:87136)
    at WebContents.emit (node:events:518:28)
[2026-06-22T04:12:04.421Z] [ERROR] Error occurred in handler for 'tweak:getLocalState': Error: No handler registered for 'tweak:getLocalState'
    at WebContents.<anonymous> (node:electron/js2c/browser_init:2:87136)
    at WebContents.emit (node:events:518:28)
[2026-06-22T04:12:04.421Z] [LOG] [Renderer:info] (index-CwtkL5Wk.js:159) [Tweaks:LOAD] source=zustand-persist enabled=0 total_known=0
[2026-06-22T04:12:04.421Z] [LOG] [Renderer:info] (index-CwtkL5Wk.js:159) [Tweaks:SYNC] hydration start gen=1
[2026-06-22T04:12:04.421Z] [ERROR] Error occurred in handler for 'tweak:syncAll': Error: No handler registered for 'tweak:syncAll'
    at WebContents.<anonymous> (node:electron/js2c/browser_init:2:87136)
    at WebContents.emit (node:events:518:28)
[2026-06-22T04:12:04.421Z] [ERROR] Error occurred in handler for 'app:isAdmin': Error: No handler registered for 'app:isAdmin'
    at WebContents.<anonymous> (node:electron/js2c/browser_init:2:87136)
    at WebContents.emit (node:events:518:28)
[2026-06-22T04:12:04.449Z] [ERROR] [Renderer:error] (index-CwtkL5Wk.js:27) [TweakExecutor] syncAll failed: Error: Error invoking remote method 'tweak:syncAll': Error: No handler registered for 'tweak:syncAll'
[2026-06-22T04:12:04.449Z] [LOG] [Renderer:info] (index-CwtkL5Wk.js:159) [Tweaks:SYNC] skipped (no results from syncAll)
[2026-06-22T04:12:04.838Z] [LOG] [Renderer:info] (index-CwtkL5Wk.js:215) [PremiumTruth] authContextValue — entitlementsVerified: false isPremium: false storedIsPremium: true
[2026-06-22T04:12:04.860Z] [ERROR] Error occurred in handler for 'updater:getState': Error: No handler registered for 'updater:getState'
    at WebContents.<anonymous> (node:electron/js2c/browser_init:2:87136)
    at WebContents.emit (node:events:518:28)
[2026-06-22T04:12:04.861Z] [ERROR] Error occurred in handler for 'powerPlans:getState': Error: No handler registered for 'powerPlans:getState'
    at WebContents.<anonymous> (node:electron/js2c/browser_init:2:87136)
    at WebContents.emit (node:events:518:28)
[2026-06-22T04:12:05.261Z] [ERROR] Error occurred in handler for 'telemetry:getLive': Error: No handler registered for 'telemetry:getLive'
    at WebContents.<anonymous> (node:electron/js2c/browser_init:2:87136)
    at WebContents.emit (node:events:518:28)
[2026-06-22T04:12:05.613Z] [LOG] [Renderer:info] (index-CwtkL5Wk.js:215) [PremiumTruth] authContextValue — entitlementsVerified: false isPremium: false storedIsPremium: true
[2026-06-22T04:12:05.622Z] [ERROR] Error occurred in handler for 'updater:getState': Error: No handler registered for 'updater:getState'
    at WebContents.<anonymous> (node:electron/js2c/browser_init:2:87136)
    at WebContents.emit (node:events:518:28)
[2026-06-22T04:12:05.914Z] [LOG] [Renderer:info] (index-CwtkL5Wk.js:215) [PremiumTruth] authContextValue — entitlementsVerified: false isPremium: false storedIsPremium: true
[2026-06-22T04:12:05.915Z] [LOG] [Renderer:info] (index-CwtkL5Wk.js:159) [Timing] SystemCleaner | mount | +0ms
[2026-06-22T04:12:05.921Z] [ERROR] Error occurred in handler for 'updater:getState': Error: No handler registered for 'updater:getState'
    at WebContents.<anonymous> (node:electron/js2c/browser_init:2:87136)
    at WebContents.emit (node:events:518:28)
[2026-06-22T04:12:05.928Z] [LOG] [PS] start file=storage-helper.js fn=storage:getVolumes reason=storage-volumes id=1 active=1
[2026-06-22T04:12:05.930Z] [LOG] [Renderer:info] (index-CwtkL5Wk.js:159) [Timing] SystemCleaner | init | +13ms
[2026-06-22T04:12:06.465Z] [LOG] [Renderer:info] (index-CwtkL5Wk.js:215) [PremiumTruth] authContextValue — entitlementsVerified: false isPremium: false storedIsPremium: true
[2026-06-22T04:12:06.482Z] [ERROR] Error occurred in handler for 'updater:getState': Error: No handler registered for 'updater:getState'
    at WebContents.<anonymous> (node:electron/js2c/browser_init:2:87136)
    at WebContents.emit (node:events:518:28)
[2026-06-22T04:12:07.263Z] [ERROR] Error occurred in handler for 'telemetry:getLive': Error: No handler registered for 'telemetry:getLive'
    at WebContents.<anonymous> (node:electron/js2c/browser_init:2:87136)
    at WebContents.emit (node:events:518:28)
[2026-06-22T04:12:07.352Z] [LOG] [Renderer:info] (index-CwtkL5Wk.js:215) [PremiumTruth] authContextValue — entitlementsVerified: false isPremium: false storedIsPremium: true
[2026-06-22T04:12:07.356Z] [ERROR] Error occurred in handler for 'updater:getState': Error: No handler registered for 'updater:getState'
    at WebContents.<anonymous> (node:electron/js2c/browser_init:2:87136)
    at WebContents.emit (node:events:518:28)
[2026-06-22T04:12:07.852Z] [LOG] [PS] end file=storage-helper.js fn=storage:getVolumes id=1 duration=1924ms active=0 calls60s=1
[2026-06-22T04:12:08.111Z] [LOG] [Renderer:info] (index-CwtkL5Wk.js:215) [PremiumTruth] authContextValue — entitlementsVerified: false isPremium: false storedIsPremium: true
[2026-06-22T04:12:08.119Z] [ERROR] Error occurred in handler for 'updater:getState': Error: No handler registered for 'updater:getState'
    at WebContents.<anonymous> (node:electron/js2c/browser_init:2:87136)
    at WebContents.emit (node:events:518:28)
[2026-06-22T04:12:08.125Z] [ERROR] Error occurred in handler for 'tweak:getLocalState': Error: No handler registered for 'tweak:getLocalState'
    at WebContents.<anonymous> (node:electron/js2c/browser_init:2:87136)
    at WebContents.emit (node:events:518:28)
[2026-06-22T04:12:08.125Z] [ERROR] Error occurred in handler for 'tweak:getLocalState': Error: No handler registered for 'tweak:getLocalState'
    at WebContents.<anonymous> (node:electron/js2c/browser_init:2:87136)
    at WebContents.emit (node:events:518:28)
[2026-06-22T04:12:08.125Z] [ERROR] Error occurred in handler for 'system:getSpecs': Error: No handler registered for 'system:getSpecs'
    at WebContents.<anonymous> (node:electron/js2c/browser_init:2:87136)
    at WebContents.emit (node:events:518:28)
[2026-06-22T04:12:08.125Z] [LOG] [Renderer:info] (index-CwtkL5Wk.js:200) [AI:CONTEXT] source=zustand-store enabled=0 disabled=66
[2026-06-22T04:12:08.126Z] [LOG] [Renderer:info] (index-CwtkL5Wk.js:200) [AI Specs Input] cpu="Unavailable" gpu="Unavailable" ram="none" ramTotalGB=0 disk="Unavailable"
[2026-06-22T04:12:08.126Z] [ERROR] Error occurred in handler for 'tweak:getLocalState': Error: No handler registered for 'tweak:getLocalState'
    at WebContents.<anonymous> (node:electron/js2c/browser_init:2:87136)
    at WebContents.emit (node:events:518:28)
[2026-06-22T04:12:08.632Z] [LOG] [Renderer:info] (index-CwtkL5Wk.js:215) [PremiumTruth] authContextValue — entitlementsVerified: false isPremium: false storedIsPremium: true
[2026-06-22T04:12:08.633Z] [LOG] [Renderer:info] (index-CwtkL5Wk.js:139) [calculateBiosScores] settings=36 | latencyTotal=30.120000000000008 frametime=26.699999999999996 stability=19.60000000000001 | clamped: latency=30.120000000000008 frametime=26.699999999999996 stability=19.60000000000001 cr=28
[2026-06-22T04:12:08.645Z] [ERROR] Error occurred in handler for 'updater:getState': Error: No handler registered for 'updater:getState'
    at WebContents.<anonymous> (node:electron/js2c/browser_init:2:87136)
    at WebContents.emit (node:events:518:28)
[2026-06-22T04:12:08.903Z] [ERROR] Error occurred in handler for 'app:getBackendPort': Error: No handler registered for 'app:getBackendPort'
    at WebContents.<anonymous> (node:electron/js2c/browser_init:2:87136)
    at WebContents.emit (node:events:518:28)
[2026-06-22T04:12:09.264Z] [ERROR] Error occurred in handler for 'telemetry:getLive': Error: No handler registered for 'telemetry:getLive'
    at WebContents.<anonymous> (node:electron/js2c/browser_init:2:87136)
    at WebContents.emit (node:events:518:28)
[2026-06-22T04:12:09.346Z] [LOG] [Renderer:info] (index-CwtkL5Wk.js:215) [PremiumTruth] authContextValue — entitlementsVerified: false isPremium: false storedIsPremium: true
[2026-06-22T04:12:09.375Z] [ERROR] Error occurred in handler for 'updater:getState': Error: No handler registered for 'updater:getState'
    at WebContents.<anonymous> (node:electron/js2c/browser_init:2:87136)
    at WebContents.emit (node:events:518:28)
[2026-06-22T04:12:09.376Z] [ERROR] Error occurred in handler for 'system:getDisplayInfo': Error: No handler registered for 'system:getDisplayInfo'
    at WebContents.<anonymous> (node:electron/js2c/browser_init:2:87136)
    at WebContents.emit (node:events:518:28)
[2026-06-22T04:12:09.376Z] [LOG] [Renderer:info] (index-CwtkL5Wk.js:159) [Dashboard] mounted
[2026-06-22T04:12:09.376Z] [LOG] [Renderer:info] (index-CwtkL5Wk.js:159) [ActivityMonitor] mounted — no cached history yet, status: loading
[2026-06-22T04:12:09.376Z] [ERROR] Error occurred in handler for 'system:getSpecs': Error: No handler registered for 'system:getSpecs'
    at WebContents.<anonymous> (node:electron/js2c/browser_init:2:87136)
    at WebContents.emit (node:events:518:28)
[2026-06-22T04:12:09.387Z] [ERROR] [Renderer:error] (index-CwtkL5Wk.js:159) [SwitchControl] Failed to get system specs: Error: Error invoking remote method 'system:getSpecs': Error: No handler registered for 'system:getSpecs'
[2026-06-22T04:12:09.497Z] [ERROR] Error occurred in handler for 'system:getAllDisks': Error: No handler registered for 'system:getAllDisks'
    at WebContents.<anonymous> (node:electron/js2c/browser_init:2:87136)
    at WebContents.emit (node:events:518:28)
[2026-06-22T04:12:09.497Z] [ERROR] [Renderer:error] (index-CwtkL5Wk.js:159) [SwitchControl] Failed to get disks: Error: Error invoking remote method 'system:getAllDisks': Error: No handler registered for 'system:getAllDisks'
[2026-06-22T04:12:10.575Z] [ERROR] Error occurred in handler for 'powerPlans:getState': Error: No handler registered for 'powerPlans:getState'
    at WebContents.<anonymous> (node:electron/js2c/browser_init:2:87136)
    at WebContents.emit (node:events:518:28)
[2026-06-22T04:12:11.265Z] [ERROR] Error occurred in handler for 'telemetry:getLive': Error: No handler registered for 'telemetry:getLive'
    at WebContents.<anonymous> (node:electron/js2c/browser_init:2:87136)
    at WebContents.emit (node:events:518:28)
